******************************************************************************
                  TI ARM Linker PC v16.9.6                     
******************************************************************************
>> Linked Thu Jan 13 17:52:33 2022

OUTPUT FILE NAME:   <xwr68xx_sbl_mss.xer4f>
ENTRY POINT SYMBOL: "_c_int00"  address: 000104ac


MEMORY CONFIGURATION

         name            origin    length      used     unused   attr    fill
----------------------  --------  ---------  --------  --------  ----  --------
  VECTORS               00000000   00000100  0000003c  000000c4     X
  PROG_RAM              00000100   0003ff00  0001077e  0002f782  RW X
  DATA_RAM              08000000   00030000  0001f2ea  00010d16  RW X


SEGMENT ALLOCATION MAP

run origin  load origin   length   init length attrs members
----------  ----------- ---------- ----------- ----- -------
00000000    00000000    0000003c   0000003c    r--
  00000000    00000000    0000003c   0000003c    r-- .vecs
00010450    00010450    00000438   00000438    r-x
  00010450    00010450    000000e8   000000e8    r-x tcmalibs
  00010538    00010538    00000350   00000350    r-- .cinit
08000000    00000100    0000e002   0000e002    r-x
  08000000    00000100    0000e002   0000e002    r-x .text
0800e008    0800e008    00008000   00000000    rw-
  0800e008    0800e008    00008000   00000000    rw- systemHeap
08016040    08016040    00004b80   00000000    rw-
  08016040    08016040    00004b80   00000000    rw- .bss
0801abc0    0000e108    00002344   00002344    r--
  0801abc0    0000e108    00002344   00002344    r-- .const
0801cf20    0801cf20    00001000   00000000    rw-
  0801cf20    0801cf20    00001000   00000000    rw- .stack
0801df40    0801df40    00001428   00000000    rw-
  0801df40    0801df40    00000c24   00000000    rw- .data
  0801eb68    0801eb68    00000800   00000000    rw- .myFiqStack


SECTION ALLOCATION MAP

 output                                  attributes/
section   page    origin      length       input sections
--------  ----  ----------  ----------   ----------------
.vecs      0    00000000    0000003c     
                  00000000    0000003c     sbl_per4ft.oer4ft (.vecs)

_appVecs   0    00000000    00000000     UNINITIALIZED

.text      0    00000100    0000e002     RUN ADDR = 08000000
                  00000100    0000107a     rtsv7R4_T_le_v3D16_eabi.lib : _printfi.obj (.text)
                  0000117a    00000002     libcanfd_xwr68xx.aer4f : canfd_xwr68xx.oer4f (.text:MCAN_reset)
                  0000117c    00000547     image_validity.oer4f (.text:SBL_imageAuthentication)
                  000016c3    00000001     --HOLE-- [fill = 0]
                  000016c4    0000000c     transport.oer4f (.text:SBL_transportDeinit)
                  000016d0    000004e1     sysbios.aer4ft : BIOS.obj (.text:xdc_runtime_System_doPrint__I)
                  00001bb1    00000001     --HOLE-- [fill = 0]
                  00001bb2    00000002     libqspiflash_xwr68xx.aer4f : qspiflash.oer4f (.text:QSPIFlash_init)
                  00001bb4    00000418     sbl.oer4f (.text:SBL_initTask)
                  00001fcc    000003fc     image_parser.oer4f (.text:SBL_imageParser)
                  000023c8    000003c4     metaheader_parser.oer4f (.text:SBL_metaHeaderParser)
                  0000278c    00000314     libsoc_xwr68xx.aer4f : soc_xwr68xx_mss.oer4f (.text:SOC_deviceInit)
                  00002aa0    000002e4     sysbios.aer4ft : BIOS.obj (.text:ti_sysbios_knl_Semaphore_pend__E)
                  00002d84    000002cc     sbl.oer4f (.text:SBL_imageLoader)
                  00003050    000002b8     rtsv7R4_T_le_v3D16_eabi.lib : ull_div32.obj (.text)
                  00003308    000002b0     libdma_xwr68xx.aer4f : dma.oer4f (.text:DMA_open)
                  000035b8    000002a8     libcanfd_xwr68xx.aer4f : mcan.oer4f (.text:MCAN_msgRAMConfig)
                  00003860    000002a8     transport.oer4f (.text:SBL_transportInit)
                  00003b08    00000008     libosal_xwr68xx.aer4f : HwiP_tirtos.oer4f (.text:HwiP_disable)
                  00003b10    000002a4     sysbios.aer4ft : BIOS.obj (.text:ti_sysbios_heaps_HeapMem_freeUnprotected__E)
                  00003db4    0000000c     libuart_xwr68xx.aer4f : UART.oer4f (.text:UART_Params_init)
                  00003dc0    00000280     sysbios.aer4ft : BIOS.obj (.text:ti_sysbios_family_arm_exc_Exception_excDumpContext__I)
                  00004040    0000026c     libqspiflash_xwr68xx.aer4f : qspiflash.oer4f (.text:QSPIFlash_open)
                  000042ac    00000240     libcanfd_xwr68xx.aer4f : canfd.oer4f (.text:CANFD_init)
                  000044ec    00000004     libosal_xwr68xx.aer4f : HwiP_tirtos.oer4f (.text:HwiP_disableInterrupt)
                  000044f0    0000022c     sysbios.aer4ft : BIOS.obj (.text:ti_sysbios_knl_Task_Instance_finalize__E)
                  0000471c    00000004     libcanfd_xwr68xx.aer4f : canfd_xwr68xx.oer4f (.text:MCAN_isInReset)
                  00004720    00000228     sysbios.aer4ft : BIOS.obj (.text:ti_sysbios_heaps_HeapMem_allocUnprotected__E)
                  00004948    00000214     libuart_xwr68xx.aer4f : uartsci.oer4f (.text:UartSci_open)
                  00004b5c    00000200     libcrc_xwr68xx.aer4f : crc.oer4f (.text:CRC_open)
                  00004d5c    000001f0     libdma_xwr68xx.aer4f : dma.oer4f (.text:DMA_setChannelParams)
                  00004f4c    00000004     sbl_per4ft.oer4ft (.text:ti_sysbios_BIOS_RtsGateProxy_enter__E)
                  00004f50    000001d8     sysbios.aer4ft : BIOS.obj (.text:ti_sysbios_knl_Task_Module_startup__E)
                  00005128    000001d4     multicoreimage_parser.oer4f (.text:SBL_multicoreImageParser)
                  000052fc    000001c8     rtsv7R4_T_le_v3D16_eabi.lib : fopen.obj (.text)
                  000054c4    0000000c     libuart_xwr68xx.aer4f : uartsci_dma.oer4f (.text:UartSci_isDMAEnabled)
                  000054d0    000001c8     sysbios.aer4ft : BIOS.obj (.text:ti_sysbios_knl_Task_Instance_init__E)
                  00005698    000001a4     libcanfd_xwr68xx.aer4f : canfd.oer4f (.text:CANFD_MCANInt0Isr)
                  0000583c    0000017c                            : canfd.oer4f (.text:CANFD_createMsgObject)
                  000059b8    00000008     libosal_xwr68xx.aer4f : SemaphoreP_tirtos.oer4f (.text:SemaphoreP_Params_init)
                  000059c0    0000017c     sysbios.aer4ft : BIOS.obj (.text:ti_sysbios_family_arm_exc_Exception_excHandler__I)
                  00005b3c    00000160     libqspi_xwr68xx.aer4f : qspi.oer4f (.text:QSPI_open)
                  00005c9c    00000004     sbl_per4ft.oer4ft (.text:ti_sysbios_BIOS_RtsGateProxy_leave__E)
                  00005ca0    00000160     sysbios.aer4ft : BIOS.obj (.text:ti_sysbios_family_arm_v7r_vim_Hwi_reconfig__E)
                  00005e00    00000158     libcanfd_xwr68xx.aer4f : mcan.oer4f (.text:MCAN_config)
                  00005f58    0000014c                            : mcan.oer4f (.text:MCAN_readMsgRam)
                  000060a4    0000014a     libuart_xwr68xx.aer4f : uartsci.oer4f (.text:UartSci_ISR)
                  000061ee    00000002     libqspi_xwr68xx.aer4f : qspi.oer4f (.text:QSPI_init)
                  000061f0    00000144     libcanfd_xwr68xx.aer4f : mcan.oer4f (.text:MCAN_init)
                  00006334    00000144     libqspiflash_xwr68xx.aer4f : qspiflash.oer4f (.text:QSPIFlash_sysDmaRead)
                  00006478    00000006     libosal_xwr68xx.aer4f : HwiP_tirtos.oer4f (.text:HwiP_restore)
                  0000647e    00000002     libuart_xwr68xx.aer4f : uartsci.oer4f (.text:UartSci_init)
                  00006480    00000144     sysbios.aer4ft : BIOS.obj (.text:ti_sysbios_timers_rti_Timer_Module_startup__E)
                  000065c4    00000140     sbl_xwr68xx.oer4f (.text:SBL_calculateImageOffset)
                  00006704    0000000c     sysbios.aer4ft : arm_IntrinsicsSupport_asm.obj (.text:_ti_sysbios_family_arm_IntrinsicsSupport_maxbitA)
                  00006710    00000140                    : BIOS.obj (.text:ti_sysbios_heaps_HeapMem_Instance_init__E)
                  00006850    00000140                    : BIOS.obj (.text:xdc_runtime_Core_createObject__I)
                  00006990    0000013c                    : BIOS.obj (.text:ti_sysbios_family_arm_v7r_vim_Hwi_dispatchIRQC__I)
                  00006acc    00000004     sbl_per4ft.oer4ft (.text:ti_sysbios_family_arm_TaskSupport_Module__startupDone__S)
                  00006ad0    00000134     sysbios.aer4ft : BIOS.obj (.text:xdc_runtime_Startup_startMods__I)
                  00006c04    0000000c     rtsv7R4_T_le_v3D16_eabi.lib : copy_zero_init.obj (.text:decompress:ZI)
                  00006c10    00000130     sysbios.aer4ft : BIOS.obj (.text:xdc_runtime_Error_policyDefault__E)
                  00006d40    00000128     image_validity.oer4f (.text:SBL_decryptImage)
                  00006e68    00000128     image_validity.oer4f (.text:SBL_imageValidationCheck)
                  00006f90    0000011c     libcanfd_xwr68xx.aer4f : canfd.oer4f (.text:CANFD_transmitData)
                  000070ac    00000114     libsoc_xwr68xx.aer4f : soc_xwr68xx_mss.oer4f (.text:SOC_setPeripheralClock)
                  000071c0    00000110     libcanfd_xwr68xx.aer4f : mcan.oer4f (.text:MCAN_writeMsgRam)
                  000072d0    0000010c     sysbios.aer4ft : BIOS.obj (.text:xdc_runtime_Core_constructObject__I)
                  000073dc    00000108     libdma_xwr68xx.aer4f : dma.oer4f (.text:DMA_disableInterrupt)
                  000074e4    00000104     libcanfd_xwr68xx.aer4f : mcan.oer4f (.text:MCAN_setBitTime)
                  000075e8    00000104     sbl_xwr68xx.oer4f (.text:SBL_mpuConfigDefault)
                  000076ec    00000004     sbl_per4ft.oer4ft (.text:ti_sysbios_family_arm_v7r_vim_Hwi_delete)
                  000076f0    00000104     sysbios.aer4ft : BIOS.obj (.text:ti_sysbios_timers_rti_Timer_getFreq__E)
                  000077f4    00000100     libdma_xwr68xx.aer4f : dma.oer4f (.text:DMA_clearChannelInterruptFlag)
                  000078f4    000000fc     libcrc_xwr68xx.aer4f : crc.oer4f (.text:CRC_computeSignature)
                  000079f0    000000f8     sbl_per4ft.oer4ft (.text:xdc_runtime_System_printfExtend__I)
                  00007ae8    000000ec     rtsv7R4_T_le_v3D16_eabi.lib : s_scalbn.obj (.text)
                  00007bd4    0000000c     sbl_per4ft.oer4ft (.text:ti_sysbios_knl_Queue_Object__get__S)
                  00007be0    000000ec     sysbios.aer4ft : BIOS.obj (.text:ti_sysbios_heaps_HeapBuf_Module_startup__E)
                  00007ccc    00000004     sbl_per4ft.oer4ft (.text:ti_sysbios_heaps_HeapMem_Module_GateProxy_enter__E)
                  00007cd0    000000e8     sysbios.aer4ft : BIOS.obj (.text:ti_sysbios_family_arm_v7r_vim_Hwi_Instance_init__E)
                  00007db8    000000e0     libdma_xwr68xx.aer4f : dma.oer4f (.text:DMA_enableInterrupt)
                  00007e98    000000dc     rtsv7R4_T_le_v3D16_eabi.lib : setvbuf.obj (.text)
                  00007f74    0000000a     libosal_xwr68xx.aer4f : MemoryP_tirtos.oer4f (.text:MemoryP_ctrlFree)
                  00007f7e    00000002     rtsv7R4_T_le_v3D16_eabi.lib : i_div0.obj (.text)
                  00007f80    000000dc     sysbios.aer4ft : BIOS.obj (.text:ti_sysbios_knl_Semaphore_post__E)
                  0000805c    000000d0                    : exc_Exception_asm.obj (.text:ti_sysbios_family_arm_exc_Exception_excHandlerAsm__I)
                  0000812c    000000cc     rtsv7R4_T_le_v3D16_eabi.lib : fflush.obj (.text)
                  000081f8    00000004     sbl_per4ft.oer4ft (.text:ti_sysbios_heaps_HeapMem_Module_GateProxy_leave__E)
                  000081fc    00000004     sbl_per4ft.oer4ft (.text:ti_sysbios_knl_Clock_TimerProxy_getMaxTicks__E)
                  00008200    000000cc     sysbios.aer4ft : BIOS.obj (.text:ti_sysbios_knl_Task_checkStacks__E)
                  000082cc    000000c8     libsoc_xwr68xx.aer4f : soc_xwr68xx.oer4f (.text:SOC_ungateClock)
                  00008394    0000000a     libosal_xwr68xx.aer4f : SemaphoreP_tirtos.oer4f (.text:SemaphoreP_post)
                  0000839e    00000002     sbl_per4ft.oer4ft (.text:ti_sysbios_BIOS_nullFunc__I)
                  000083a0    000000c4     sysbios.aer4ft : BIOS.obj (.text:ti_sysbios_family_arm_v7r_vim_Hwi_Module_startup__E)
                  00008464    0000000a     libuart_xwr68xx.aer4f : UART.oer4f (.text:UART_close)
                  0000846e    00000002     --HOLE-- [fill = 0]
                  00008470    000000c4     sysbios.aer4ft : BIOS.obj (.text:ti_sysbios_knl_Task_postInit__I)
                  00008534    0000000a     libuart_xwr68xx.aer4f : UART.oer4f (.text:UART_read)
                  0000853e    00000002     --HOLE-- [fill = 0]
                  00008540    000000c0     sysbios.aer4ft : BIOS.obj (.text:ti_sysbios_timers_rti_Timer_startup__E)
                  00008600    000000bc     buffer_mgmt.oer4f (.text:SBL_bufferMgmt)
                  000086bc    000000bc     rtsv7R4_T_le_v3D16_eabi.lib : open.obj (.text)
                  00008778    000000b8     transport.oer4f (.text:Can_Transmit_Schedule)
                  00008830    000000b8     libdma_xwr68xx.aer4f : dma.oer4f (.text:DMA_getChannelInterruptFlag)
                  000088e8    000000b8     transport.oer4f (.text:sblDataCallback)
                  000089a0    000000b6     libsoc_xwr68xx.aer4f : soc_mpu.o (.text)
                  00008a56    0000000a     libuart_xwr68xx.aer4f : UART.oer4f (.text:UART_writePolling)
                  00008a60    000000b4     sysbios.aer4ft : BIOS.obj (.text:ti_sysbios_gates_GateMutex_enter__E)
                  00008b14    000000b2     libuart_xwr68xx.aer4f : uartsci_dma.oer4f (.text:UartSci_openDMA)
                  00008bc6    0000000a     sbl_per4ft.oer4ft (.text:xdc_runtime_IHeap_alloc)
                  00008bd0    000000b0     sysbios.aer4ft : BIOS.obj (.text:ti_sysbios_knl_Swi_restoreHwi__E)
                  00008c80    000000b0                    : BIOS.obj (.text:xdc_runtime_Text_putMod__E)
                  00008d30    000000ae     rtsv7R4_T_le_v3D16_eabi.lib : _io_perm.obj (.text)
                  00008dde    00000002     --HOLE-- [fill = 0]
                  00008de0    000000a8     libcanfd_xwr68xx.aer4f : canfd.oer4f (.text:CANFD_configBitTime)
                  00008e88    000000a8     libpinmux_xwr68xx.aer4f : pinmux.oer4f (.text:Pinmux_Set_OverrideCtrl)
                  00008f30    000000a4     libdma_xwr68xx.aer4f : dma.oer4f (.text:DMA_assignChannel)
                  00008fd4    000000a4     libsoc_xwr68xx.aer4f : soc_xwr68xx_mss.oer4f (.text:SOC_unhaltDSS)
                  00009078    00000004     sbl_per4ft.oer4ft (.text:ti_sysbios_knl_Semaphore_delete)
                  0000907c    00000004     sbl_per4ft.oer4ft (.text:xdc_runtime_System_Module_GateProxy_enter__E)
                  00009080    000000a2     sysbios.aer4ft : BIOS.obj (.text:xdc_runtime_Text_putSite__E)
                  00009122    00000002     --HOLE-- [fill = 0]
                  00009124    000000a0     libqspiflash_xwr68xx.aer4f : qspiflash.oer4f (.text:QSPIFlash_configMmapRead)
                  000091c4    000000a0                                : qspiflash_device_macronix.oer4f (.text:QSPIFlash_macronix_progQuadRead)
                  00009264    000000a0     auto_init.aer4ft : auto_init.oer4ft (.text)
                  00009304    0000009c     libqspiflash_xwr68xx.aer4f : qspiflash_device_spansion.oer4f (.text:QSPIFlash_spansion_progQuadRead)
                  000093a0    0000009c     libuart_xwr68xx.aer4f : uartsci.oer4f (.text:UartSci_write)
                  0000943c    0000009c     rtsv7R4_T_le_v3D16_eabi.lib : memcpy_t2.obj (.text)
                  000094d8    00000004     sbl_per4ft.oer4ft (.text:xdc_runtime_System_Module_GateProxy_leave__E)
                  000094dc    00000004     --HOLE-- [fill = 0]
                  000094e0    0000009c     sysbios.aer4ft : BIOS.obj (.text:ti_sysbios_family_arm_v7r_vim_Hwi_initIntController__I)
                  0000957c    00000004     --HOLE-- [fill = 0]
                  00009580    0000009c                    : BIOS.obj (.text:ti_sysbios_family_arm_v7r_vim_Hwi_mapChannel__I)
                  0000961c    00000004     --HOLE-- [fill = 0]
                  00009620    0000009c                    : BIOS.obj (.text:ti_sysbios_knl_Semaphore_Instance_init__E)
                  000096bc    00000004     --HOLE-- [fill = 0]
                  000096c0    0000009c                    : BIOS.obj (.text:ti_sysbios_knl_Swi_runLoop__I)
                  0000975c    00000098     libcanfd_xwr68xx.aer4f : canfd.oer4f (.text:CANFD_configMessageRAM)
                  000097f4    00000098     sbl.oer4f (.text:SBL_init)
                  0000988c    00000098     rtsv7R4_T_le_v3D16_eabi.lib : fclose.obj (.text)
                  00009924    00000098                                 : fputc.obj (.text)
                  000099bc    00000098     sysbios.aer4ft : vim_Hwi_asm_switch.obj (.text)
                  00009a54    00000096     libuart_xwr68xx.aer4f : uartsci.oer4f (.text:UartSci_readChar)
                  00009aea    00000094     sbl_xwr68xx.oer4f (.text:SBL_platformInit)
                  00009b7e    00000002     --HOLE-- [fill = 0]
                  00009b80    00000094     libsoc_xwr68xx.aer4f : soc_xwr68xx.oer4f (.text:SOC_gateClock)
                  00009c14    00000094     sysbios.aer4ft : vim_Hwi_asm.obj (.text:ti_sysbios_family_arm_v7r_vim_Hwi_dispatchIRQ__I)
                  00009ca8    00000090     libuart_xwr68xx.aer4f : uartsci_dma.oer4f (.text:UartSci_initiateTxDMA)
                  00009d38    00000090                           : uartsci.oer4f (.text:UartSci_read)
                  00009dc8    0000008c     libdma_xwr68xx.aer4f : dma.oer4f (.text:DMA_deleteInstance)
                  00009e54    0000008c     libcanfd_xwr68xx.aer4f : mcan.oer4f (.text:MCAN_writeRxFIFOAck)
                  00009ee0    0000008c     libsoc_xwr68xx.aer4f : soc.oer4f (.text:SOC_init)
                  00009f6c    0000008c     libuart_xwr68xx.aer4f : uartsci_dma.oer4f (.text:UartSci_initiateRxDMA)
                  00009ff8    00000008     main.oer4f (.tramp.main.1)
                  0000a000    0000008c     sysbios.aer4ft : BIOS.obj (.text:ti_sysbios_family_arm_v7r_vim_Hwi_Instance_finalize__E)
                  0000a08c    00000004     --HOLE-- [fill = 0]
                  0000a090    0000008c                    : BIOS.obj (.text:xdc_runtime_Memory_alloc__E)
                  0000a11c    00000088     rtsv7R4_T_le_v3D16_eabi.lib : vsnprintf.obj (.text)
                  0000a1a4    00000084     sbl_xwr68xx.oer4f (.text:SBL_mpuConfigBSS)
                  0000a228    00000080     libuart_xwr68xx.aer4f : uartsci.oer4f (.text:UartSci_writePolling)
                  0000a2a8    00000008     --HOLE-- [fill = 0]
                  0000a2b0    00000080     sysbios.aer4ft : BIOS.obj (.text:ti_sysbios_timers_rti_Timer_initDevice__I)
                  0000a330    0000007e     libosal_xwr68xx.aer4f : HwiP_tirtos.oer4f (.text:HwiP_create)
                  0000a3ae    00000002     --HOLE-- [fill = 0]
                  0000a3b0    0000007c     libuart_xwr68xx.aer4f : uartsci.oer4f (.text:UartSci_readPolling)
                  0000a42c    0000007c     sysbios.aer4ft : arm_TaskSupport_asm.obj (.text:_ti_sysbios_family_arm_TaskSupport_buildTaskStack)
                  0000a4a8    00000008     --HOLE-- [fill = 0]
                  0000a4b0    0000007c                    : BIOS.obj (.text:ti_sysbios_knl_Clock_workFunc__E)
                  0000a52c    00000004     --HOLE-- [fill = 0]
                  0000a530    0000007c                    : BIOS.obj (.text:xdc_runtime_Core_deleteObject__I)
                  0000a5ac    0000007a     rtsv7R4_T_le_v3D16_eabi.lib : memset_t2.obj (.text)
                  0000a626    00000002     --HOLE-- [fill = 0]
                  0000a628    00000078     libcanfd_xwr68xx.aer4f : canfd.oer4f (.text:CANFD_getData)
                  0000a6a0    00000078     libqspiflash_xwr68xx.aer4f : qspiflash.oer4f (.text:QSPIFlash_mmapRead)
                  0000a718    00000078     libqspi_xwr68xx.aer4f : qspi.oer4f (.text:QSPI_cfgRead)
                  0000a790    00000077                           : qspi.oer4f (.text:QSPI_memAccessCfg)
                  0000a807    00000001     --HOLE-- [fill = 0]
                  0000a808    00000074     rtsv7R4_T_le_v3D16_eabi.lib : getdevice.obj (.text)
                  0000a87c    00000074                                 : s_frexp.obj (.text)
                  0000a8f0    00000070     libcanfd_xwr68xx.aer4f : mcan.oer4f (.text:MCAN_eccEnableIntr)
                  0000a960    00000070     sysbios.aer4ft : BIOS.obj (.text:ti_sysbios_knl_Task_exit__E)
                  0000a9d0    00000070                    : BIOS.obj (.text:xdc_runtime_Error_print__E)
                  0000aa40    00000070                    : BIOS.obj (.text:xdc_runtime_Text_visitRope2__I)
                  0000aab0    0000006e     libdma_xwr68xx.aer4f : dma.oer4f (.text:DMA_btcISR)
                  0000ab1e    00000002     --HOLE-- [fill = 0]
                  0000ab20    0000006c                          : dma.oer4f (.text:DMA_disableChannel)
                  0000ab8c    0000006c                          : dma.oer4f (.text:DMA_enableChannel)
                  0000abf8    0000006c     libpinmux_xwr68xx.aer4f : pinmux.oer4f (.text:Pinmux_Set_FuncSel)
                  0000ac64    0000006c     libqspiflash_xwr68xx.aer4f : qspiflash.oer4f (.text:QSPIFlashReadSFDP)
                  0000acd0    0000006c     libqspi_xwr68xx.aer4f : qspi.oer4f (.text:QSPI_cfgWrite)
                  0000ad3c    0000006c     rtsv7R4_T_le_v3D16_eabi.lib : copy_decompress_lzss.obj (.text:decompress:lzss)
                  0000ada8    0000006c                                 : trgmsg.obj (.text)
                  0000ae14    0000006a     libdma_xwr68xx.aer4f : dma.oer4f (.text:DMA_berISR)
                  0000ae7e    00000002     --HOLE-- [fill = 0]
                  0000ae80    0000006a                          : dma.oer4f (.text:DMA_ftcISR)
                  0000aeea    00000002     --HOLE-- [fill = 0]
                  0000aeec    0000006a                          : dma.oer4f (.text:DMA_hbcISR)
                  0000af56    00000002     --HOLE-- [fill = 0]
                  0000af58    0000006a                          : dma.oer4f (.text:DMA_lfsISR)
                  0000afc2    0000006a     libuart_xwr68xx.aer4f : uartsci.oer4f (.text:UartSci_control)
                  0000b02c    00000068     libcanfd_xwr68xx.aer4f : canfd.oer4f (.text:CANFD_processFIFOElements)
                  0000b094    00000068     rtsv7R4_T_le_v3D16_eabi.lib : hostlseek.obj (.text)
                  0000b0fc    00000068                                 : hostrename.obj (.text)
                  0000b164    00000064     libcanfd_xwr68xx.aer4f : mcan.oer4f (.text:MCAN_getTxBufCancellationIntrEnable)
                  0000b1c8    00000064                            : mcan.oer4f (.text:MCAN_txBufTransIntrEnable)
                  0000b22c    00000064     libqspi_xwr68xx.aer4f : qspi.oer4f (.text:QSPI_close)
                  0000b290    00000064     image_parser.oer4f (.text:SBL_parserInitialization)
                  0000b2f4    00000064     libosal_xwr68xx.aer4f : SemaphoreP_tirtos.oer4f (.text:SemaphoreP_create)
                  0000b358    00000064     rtsv7R4_T_le_v3D16_eabi.lib : fseek.obj (.text)
                  0000b3bc    00000064     sysbios.aer4ft : exc_Exception_asm.obj (.text:ti_sysbios_family_arm_exc_Exception_initCore0__I)
                  0000b420    00000064                    : BIOS.obj (.text:ti_sysbios_family_arm_v7r_vim_Hwi_phantomIntHandler__I)
                  0000b484    0000000a                    : tms570_Core_asm.obj (.text:ti_sysbios_family_arm_v7r_tms570_Core_getId__E)
                  0000b48e    00000002     --HOLE-- [fill = 0]
                  0000b490    00000064                    : BIOS.obj (.text:ti_sysbios_knl_Task_schedule__I)
                  0000b4f4    0000000a     sbl_per4ft.oer4ft (.text:xdc_runtime_IHeap_free)
                  0000b4fe    00000002     --HOLE-- [fill = 0]
                  0000b500    00000064     sysbios.aer4ft : BIOS.obj (.text:xdc_runtime_Startup_exec__E)
                  0000b564    0000000c     --HOLE-- [fill = 0]
                  0000b570    00000060                    : BIOS.obj (.text:ti_sysbios_heaps_HeapMem_alloc__E)
                  0000b5d0    00000060                    : BIOS.obj (.text:xdc_runtime_Assert_raise__I)
                  0000b630    0000005f                    : BIOS.obj (.text:xdc_runtime_Text_putLab__E)
                  0000b68f    00000001     --HOLE-- [fill = 0]
                  0000b690    0000005e     libuart_xwr68xx.aer4f : uartsci.oer4f (.text:UartSci_writeChar)
                  0000b6ee    0000005c     libcanfd_xwr68xx.aer4f : canfd.oer4f (.text:CANFD_MCANInt1Isr)
                  0000b74a    00000002     --HOLE-- [fill = 0]
                  0000b74c    0000005c                            : mcan.oer4f (.text:MCAN_eccConfig)
                  0000b7a8    0000005c                            : mcan.oer4f (.text:MCAN_getRxFIFOStatus)
                  0000b804    0000005c     libqspiflash_xwr68xx.aer4f : qspiflash.oer4f (.text:QSPIFlashGetDeviceID)
                  0000b860    0000005c     rtsv7R4_T_le_v3D16_eabi.lib : hostopen.obj (.text)
                  0000b8bc    0000005c                                 : hostread.obj (.text)
                  0000b918    00000008     --HOLE-- [fill = 0]
                  0000b920    0000005c     sysbios.aer4ft : BIOS.obj (.text:ti_sysbios_knl_Swi_schedule__I)
                  0000b97c    0000005a     libuart_xwr68xx.aer4f : uartsci.oer4f (.text:UartSci_readCancel)
                  0000b9d6    00000058                           : uartsci_dma.oer4f (.text:UartSci_closeDMA)
                  0000ba2e    00000002     --HOLE-- [fill = 0]
                  0000ba30    00000058     rtsv7R4_T_le_v3D16_eabi.lib : close.obj (.text)
                  0000ba88    00000058                                 : hostwrite.obj (.text)
                  0000bae0    00000054     libcrc_xwr68xx.aer4f : crc.oer4f (.text:CRC_getTransactionId)
                  0000bb34    00000054     libdma_xwr68xx.aer4f : dma.oer4f (.text:DMA_freeChannel)
                  0000bb88    00000054     libcanfd_xwr68xx.aer4f : mcan.oer4f (.text:MCAN_eccClearErrorStatus)
                  0000bbdc    00000054     libqspiflash_xwr68xx.aer4f : qspiflash.oer4f (.text:QSPIFlash_writeEnable)
                  0000bc30    00000054     transport.oer4f (.text:SBL_transportConfig)
                  0000bc84    00000054     rtsv7R4_T_le_v3D16_eabi.lib : ltoa.obj (.text)
                  0000bcd8    00000054     sbl_per4ft.oer4ft (.text:ti_sysbios_family_arm_v7r_vim_Hwi_create)
                  0000bd2c    00000004     --HOLE-- [fill = 0]
                  0000bd30    00000054     sysbios.aer4ft : BIOS.obj (.text:ti_sysbios_heaps_HeapMem_getStats__E)
                  0000bd84    0000000c     --HOLE-- [fill = 0]
                  0000bd90    00000054                    : BIOS.obj (.text:ti_sysbios_knl_Task_startCore__E)
                  0000bde4    0000000c     --HOLE-- [fill = 0]
                  0000bdf0    00000054                    : BIOS.obj (.text:xdc_runtime_Core_assignLabel__I)
                  0000be44    00000050     libcrc_xwr68xx.aer4f : crc.oer4f (.text:CRC_getSignature)
                  0000be94    00000050     rtsv7R4_T_le_v3D16_eabi.lib : atoi.obj (.text)
                  0000bee4    00000050                                 : exit.obj (.text)
                  0000bf34    00000050                                 : u_div32.obj (.text)
                  0000bf84    0000000c     --HOLE-- [fill = 0]
                  0000bf90    00000050     sysbios.aer4ft : BIOS.obj (.text:ti_sysbios_timers_rti_Timer_setPeriodMicroSecs__E)
                  0000bfe0    00000050                    : BIOS.obj (.text:xdc_runtime_System_exit__E)
                  0000c030    0000004c     libcanfd_xwr68xx.aer4f : mcan.oer4f (.text:MCAN_enableIntr)
                  0000c07c    0000004c                            : mcan.oer4f (.text:MCAN_selectIntrLine)
                  0000c0c8    0000004c     libqspiflash_xwr68xx.aer4f : qspiflash.oer4f (.text:QSPIFlashSysDmaIntHandler)
                  0000c114    0000004c                                : qspiflash_device_macronix.oer4f (.text:QSPIFlash_macronix_init)
                  0000c160    0000004c     libuart_xwr68xx.aer4f : uartsci.oer4f (.text:UartSci_writeCancel)
                  0000c1ac    0000004c     rtsv7R4_T_le_v3D16_eabi.lib : cpy_tbl.obj (.text)
                  0000c1f8    00000008     --HOLE-- [fill = 0]
                  0000c200    0000004c     sysbios.aer4ft : BIOS.obj (.text:ti_sysbios_family_arm_v7r_vim_Hwi_getStackInfo__E)
                  0000c24c    0000004c     sbl_per4ft.oer4ft (.text:ti_sysbios_knl_Task_create)
                  0000c298    00000008     --HOLE-- [fill = 0]
                  0000c2a0    0000004a     sysbios.aer4ft : BIOS.obj (.text:xdc_runtime_Core_assignParams__I)
                  0000c2ea    00000006     --HOLE-- [fill = 0]
                  0000c2f0    0000004a                    : BIOS.obj (.text:xdc_runtime_Text_xprintf__I)
                  0000c33a    00000044     libcrc_xwr68xx.aer4f : crc.oer4f (.text:CRC_resetSignature)
                  0000c37e    00000002     --HOLE-- [fill = 0]
                  0000c380    00000044     libcanfd_xwr68xx.aer4f : mcan.oer4f (.text:MCAN_eccGetErrorStatus)
                  0000c3c4    00000044     libsoc_xwr68xx.aer4f : soc_xwr68xx_mss.oer4f (.text:SOC_resetDMA)
                  0000c408    00000044     rtsv7R4_T_le_v3D16_eabi.lib : hostclose.obj (.text)
                  0000c44c    00000044                                 : hostunlink.obj (.text)
                  0000c490    00000044     sysbios.aer4ft : BIOS.obj (.text:ti_sysbios_family_arm_v7r_tms570_Core_Module_startup__E)
                  0000c4d4    0000000c     --HOLE-- [fill = 0]
                  0000c4e0    00000044                    : BIOS.obj (.text:ti_sysbios_knl_Task_allBlockedFunction__I)
                  0000c524    0000000c     --HOLE-- [fill = 0]
                  0000c530    00000044                    : BIOS.obj (.text:xdc_runtime_System_atexit__E)
                  0000c574    00000040     libcanfd_xwr68xx.aer4f : mcan.oer4f (.text:MCAN_addExtMsgIDFilter)
                  0000c5b4    00000040                            : mcan.oer4f (.text:MCAN_addStdMsgIDFilter)
                  0000c5f4    00000040                            : mcan.oer4f (.text:MCAN_txBufAddReq)
                  0000c634    00000040     libqspiflash_xwr68xx.aer4f : qspiflash.oer4f (.text:QSPIFlash_progQuadRead)
                  0000c674    00000040                                : qspiflash_device_spansion.oer4f (.text:QSPIFlash_spansion_init)
                  0000c6b4    0000000c     --HOLE-- [fill = 0]
                  0000c6c0    00000040     sysbios.aer4ft : BIOS.obj (.text:ti_sysbios_family_arm_v7r_vim_Hwi_setType__E)
                  0000c700    00000040                    : BIOS.obj (.text:ti_sysbios_knl_Swi_post__E)
                  0000c740    00000040                    : BIOS.obj (.text:ti_sysbios_timers_rti_Timer_stop__E)
                  0000c780    0000003e     libcrc_xwr68xx.aer4f : crc.oer4f (.text:CSL_FINSR)
                  0000c7be    0000003e     libdma_xwr68xx.aer4f : dma.oer4f (.text:CSL_FINSR)
                  0000c7fc    0000003e     libpinmux_xwr68xx.aer4f : pinmux.oer4f (.text:CSL_FINSR)
                  0000c83a    0000003e     libqspi_xwr68xx.aer4f : qspi.oer4f (.text:CSL_FINSR)
                  0000c878    0000003e     libsoc_xwr68xx.aer4f : soc.oer4f (.text:CSL_FINSR)
                  0000c8b6    0000003e                          : soc_xwr68xx.oer4f (.text:CSL_FINSR)
                  0000c8f4    0000003e                          : soc_xwr68xx_mss.oer4f (.text:CSL_FINSR)
                  0000c932    0000003e     libuart_xwr68xx.aer4f : uartsci.oer4f (.text:CSL_FINSR)
                  0000c970    0000003e                           : uartsci.oer4f (.text:UartSci_close)
                  0000c9ae    00000002     --HOLE-- [fill = 0]
                  0000c9b0    0000003c     libcanfd_xwr68xx.aer4f : mcan.oer4f (.text:MCAN_clearNewDataStatus)
                  0000c9ec    0000003c                            : mcan.oer4f (.text:MCAN_eccWriteEOI)
                  0000ca28    0000003c                            : mcan.oer4f (.text:MCAN_enableIntrLine)
                  0000ca64    0000003c                            : mcan.oer4f (.text:MCAN_getNewDataStatus)
                  0000caa0    0000003c     libqspiflash_xwr68xx.aer4f : qspiflash.oer4f (.text:QSPIFlash_close)
                  0000cadc    0000003c     transport.oer4f (.text:SBL_printf)
                  0000cb18    0000003c     buffer_mgmt.oer4f (.text:SBL_resetBuffers)
                  0000cb54    0000003c     libsoc_xwr68xx.aer4f : soc.oer4f (.text:SOC_unhaltBSS)
                  0000cb90    0000003c     sysbios.aer4ft : vim_Hwi_asm.obj (.text:ti_sysbios_family_arm_v7r_vim_Hwi_init__I)
                  0000cbcc    00000004     --HOLE-- [fill = 0]
                  0000cbd0    0000003c                    : BIOS.obj (.text:ti_sysbios_hal_Hwi_checkStack)
                  0000cc0c    00000004     --HOLE-- [fill = 0]
                  0000cc10    0000003c                    : BIOS.obj (.text:ti_sysbios_heaps_HeapMem_init__I)
                  0000cc4c    00000004     --HOLE-- [fill = 0]
                  0000cc50    0000003c                    : BIOS.obj (.text:ti_sysbios_knl_Swi_startup__E)
                  0000cc8c    00000004     --HOLE-- [fill = 0]
                  0000cc90    0000003c                    : BIOS.obj (.text:ti_sysbios_timers_rti_Timer_setPeriod__E)
                  0000cccc    0000003a     libosal_xwr68xx.aer4f : HwiP_tirtos.oer4f (.text:HwiP_delete)
                  0000cd06    00000002     --HOLE-- [fill = 0]
                  0000cd08    00000038     libcanfd_xwr68xx.aer4f : mcan.oer4f (.text:MCAN_eccLoadRegister)
                  0000cd40    00000038     transport.oer4f (.text:SBL_transportWrite_CAN_FD)
                  0000cd78    00000038     libsoc_xwr68xx.aer4f : soc_xwr68xx_mss.oer4f (.text:SOC_getMSSVCLKFrequency)
                  0000cdb0    00000038     libuart_xwr68xx.aer4f : UART.oer4f (.text:UART_init)
                  0000cde8    00000036     rtsv7R4_T_le_v3D16_eabi.lib : strncpy.obj (.text)
                  0000ce1e    00000002     --HOLE-- [fill = 0]
                  0000ce20    00000034     sbl.oer4f (.text:SBL_bufferMgmtTask)
                  0000ce54    00000034     libsoc_xwr68xx.aer4f : soc_xwr68xx_mss.oer4f (.text:SOC_hasDSPCore)
                  0000ce88    00000034     libuart_xwr68xx.aer4f : UART.oer4f (.text:UART_open)
                  0000cebc    00000034     sbl_per4ft.oer4ft (.text:ti_sysbios_knl_Semaphore_create)
                  0000cef0    00000034     sysbios.aer4ft : BIOS.obj (.text:ti_sysbios_knl_Task_processVitalTaskFlag__I)
                  0000cf24    00000032     libcrc_xwr68xx.aer4f : crc.oer4f (.text:CRC_getCRCDataSelectBitValue)
                  0000cf56    00000002     --HOLE-- [fill = 0]
                  0000cf58    00000032                          : crc.oer4f (.text:CRC_getCRCTypeBitValue)
                  0000cf8a    00000006     --HOLE-- [fill = 0]
                  0000cf90    00000032     sysbios.aer4ft : BIOS.obj (.text:ti_sysbios_hal_Hwi_initStack)
                  0000cfc2    00000002     --HOLE-- [fill = 0]
                  0000cfc4    00000030     libqspiflash_xwr68xx.aer4f : qspiflash.oer4f (.text:QSPIFlash_getDeviceID)
                  0000cff4    00000030     libsoc_xwr68xx.aer4f : soc.oer4f (.text:SOC_softReset)
                  0000d024    00000030     sbl_per4ft.oer4ft (.text:ti_sysbios_BIOS_atExitFunc__I)
                  0000d054    00000030     sbl_per4ft.oer4ft (.text:ti_sysbios_BIOS_startFunc__I)
                  0000d084    0000000c     --HOLE-- [fill = 0]
                  0000d090    00000030     sysbios.aer4ft : BIOS.obj (.text:ti_sysbios_family_arm_TaskSupport_start__E)
                  0000d0c0    00000030     sbl_per4ft.oer4ft (.text:ti_sysbios_gates_GateHwi_Object__create__S)
                  0000d0f0    00000030     sbl_per4ft.oer4ft (.text:ti_sysbios_gates_GateMutex_Object__create__S)
                  0000d120    00000030     sbl_per4ft.oer4ft (.text:ti_sysbios_heaps_HeapMem_Object__create__S)
                  0000d150    00000030     sysbios.aer4ft : BIOS.obj (.text:ti_sysbios_heaps_HeapMem_free__E)
                  0000d180    00000030     sbl_per4ft.oer4ft (.text:ti_sysbios_knl_Semaphore_construct)
                  0000d1b0    0000002f     sysbios.aer4ft : BIOS.obj (.text:xdc_runtime_Text_printVisFxn__I)
                  0000d1df    00000001     --HOLE-- [fill = 0]
                  0000d1e0    0000002e     sbl_per4ft.oer4ft (.text:ti_sysbios_rts_MemAlloc_alloc)
                  0000d20e    00000002     --HOLE-- [fill = 0]
                  0000d210    0000002c     libcrc_xwr68xx.aer4f : crc.oer4f (.text:CRC_close)
                  0000d23c    0000002c     rtsv7R4_T_le_v3D16_eabi.lib : unlink.obj (.text)
                  0000d268    0000002c     sbl_per4ft.oer4ft (.text:ti_sysbios_knl_Clock_doTick__I)
                  0000d294    0000002c     sbl_per4ft.oer4ft (.text:ti_sysbios_knl_Queue_construct)
                  0000d2c0    0000002c     sysbios.aer4ft : BIOS.obj (.text:ti_sysbios_knl_Semaphore_pendTimeout__I)
                  0000d2ec    00000004     --HOLE-- [fill = 0]
                  0000d2f0    0000002c                    : BIOS.obj (.text:ti_sysbios_knl_Swi_Module_startup__E)
                  0000d31c    00000004     --HOLE-- [fill = 0]
                  0000d320    0000002c                    : BIOS.obj (.text:ti_sysbios_knl_Task_unblockI__E)
                  0000d34c    00000004     --HOLE-- [fill = 0]
                  0000d350    0000002c                    : BIOS.obj (.text:ti_sysbios_timers_rti_Timer_periodicStub__E)
                  0000d37c    0000002a     libsoc_xwr68xx.aer4f : soc.oer4f (.text:SOC_SystemISR)
                  0000d3a6    00000002     --HOLE-- [fill = 0]
                  0000d3a8    00000028     libqspiflash_xwr68xx.aer4f : qspiflash.oer4f (.text:QSPIFlash_getExtFlashAddr)
                  0000d3d0    00000028     image_validity.oer4f (.text:SBL_imageAuthParamsInit)
                  0000d3f8    00000028     libuart_xwr68xx.aer4f : uartsci_dma.oer4f (.text:UartSci_RxDMACallbackFxn)
                  0000d420    00000028                           : uartsci_dma.oer4f (.text:UartSci_TxDMACallbackFxn)
                  0000d448    00000028     rtsv7R4_T_le_v3D16_eabi.lib : lseek.obj (.text)
                  0000d470    00000028                                 : write.obj (.text)
                  0000d498    00000008     --HOLE-- [fill = 0]
                  0000d4a0    00000028     sysbios.aer4ft : BIOS.obj (.text:ti_sysbios_knl_Idle_run__E)
                  0000d4c8    00000008     --HOLE-- [fill = 0]
                  0000d4d0    00000028                    : BIOS.obj (.text:ti_sysbios_knl_Task_restore__E)
                  0000d4f8    00000008     --HOLE-- [fill = 0]
                  0000d500    00000028                    : BIOS.obj (.text:xdc_runtime_SysStd_abort__E)
                  0000d528    00000008     --HOLE-- [fill = 0]
                  0000d530    00000028                    : BIOS.obj (.text:xdc_runtime_System_aprintf_va__F)
                  0000d558    00000008     --HOLE-- [fill = 0]
                  0000d560    00000026                    : BIOS.obj (.text:xdc_runtime_System_printf_va__F)
                  0000d586    00000024     libcrc_xwr68xx.aer4f : crc.oer4f (.text:CRC_isTransactionIdValid)
                  0000d5aa    00000002     --HOLE-- [fill = 0]
                  0000d5ac    00000024     libcanfd_xwr68xx.aer4f : mcan.oer4f (.text:MCAN_getOpMode)
                  0000d5d0    00000024                            : mcan.oer4f (.text:MCAN_setOpMode)
                  0000d5f4    00000024                            : mcan.oer4f (.text:MCAN_writeProtectedRegAccessLock)
                  0000d618    00000024                            : mcan.oer4f (.text:MCAN_writeProtectedRegAccessUnlock)
                  0000d63c    00000024     image_validity.oer4f (.text:SBL_imageDecryptParamsInit)
                  0000d660    00000024     sbl_per4ft.oer4ft (.text:ti_sysbios_BIOS_errorRaiseHook__I)
                  0000d684    00000024     sbl_per4ft.oer4ft (.text:ti_sysbios_BIOS_registerRTSLock__I)
                  0000d6a8    00000024     sbl_per4ft.oer4ft (.text:ti_sysbios_BIOS_removeRTSLock__I)
                  0000d6cc    00000024     sbl_per4ft.oer4ft (.text:ti_sysbios_gates_GateMutex_Object__delete__S)
                  0000d6f0    00000024     sysbios.aer4ft : BIOS.obj (.text:ti_sysbios_knl_Clock_Module_startup__E)
                  0000d714    00000024     sbl_per4ft.oer4ft (.text:ti_sysbios_knl_Semaphore_Object__delete__S)
                  0000d738    00000008     --HOLE-- [fill = 0]
                  0000d740    00000024     sysbios.aer4ft : BIOS.obj (.text:ti_sysbios_knl_Task_restoreHwi__E)
                  0000d764    00000022     libqspiflash_xwr68xx.aer4f : qspiflash.oer4f (.text:QSPIFlashReadCmd)
                  0000d786    00000022     libuart_xwr68xx.aer4f : uartsci.oer4f (.text:UartSci_disableRxDMA)
                  0000d7a8    00000022                           : uartsci.oer4f (.text:UartSci_enableRxDMA)
                  0000d7ca    00000002     --HOLE-- [fill = 0]
                  0000d7cc    00000020     libcanfd_xwr68xx.aer4f : mcan.oer4f (.text:MCAN_clearIntrStatus)
                  0000d7ec    00000020                            : mcan.oer4f (.text:MCAN_getDataSize)
                  0000d80c    00000020                            : mcan.oer4f (.text:MCAN_getIntrStatus)
                  0000d82c    00000020                            : mcan.oer4f (.text:MCAN_getMsgObjSize)
                  0000d84c    00000020                            : mcan.oer4f (.text:MCAN_getTxBufReqPend)
                  0000d86c    00000020                            : mcan.oer4f (.text:MCAN_getTxBufTransmissionStatus)
                  0000d88c    00000020                            : mcan.oer4f (.text:MCAN_txBufCancellationStatus)
                  0000d8ac    00000020     libpinmux_xwr68xx.aer4f : pinmux.oer4f (.text:Pinmux_Unlock)
                  0000d8cc    00000020     sbl_per4ft.oer4ft (.text:ti_sysbios_family_arm_v7r_vim_Hwi_Object__delete__S)
                  0000d8ec    00000004     --HOLE-- [fill = 0]
                  0000d8f0    00000020     sysbios.aer4ft : BIOS.obj (.text:ti_sysbios_family_arm_v7r_vim_Hwi_disableInterrupt__E)
                  0000d910    00000020                    : BIOS.obj (.text:ti_sysbios_family_arm_v7r_vim_Hwi_enableInterrupt__E)
                  0000d930    00000020     sbl_per4ft.oer4ft (.text:ti_sysbios_gates_GateHwi_Object__delete__S)
                  0000d950    00000020     sbl_per4ft.oer4ft (.text:ti_sysbios_heaps_HeapMem_Object__delete__S)
                  0000d970    00000020     sbl_per4ft.oer4ft (.text:ti_sysbios_knl_Semaphore_destruct)
                  0000d990    0000001c     libcrc_xwr68xx.aer4f : crc.oer4f (.text:CRC_releaseTransactionId)
                  0000d9ac    0000001c     libdma_xwr68xx.aer4f : dma.oer4f (.text:CSL_FEXTR)
                  0000d9c8    0000001c     libsoc_xwr68xx.aer4f : soc.oer4f (.text:CSL_FEXTR)
                  0000d9e4    0000001c                          : soc_xwr68xx.oer4f (.text:CSL_FEXTR)
                  0000da00    0000001c                          : soc_xwr68xx_mss.oer4f (.text:CSL_FEXTR)
                  0000da1c    0000001c     libuart_xwr68xx.aer4f : uartsci.oer4f (.text:CSL_FEXTR)
                  0000da38    0000001c     libcanfd_xwr68xx.aer4f : mcan.oer4f (.text:MCAN_isMemInitDone)
                  0000da54    0000001c     sysbios.aer4ft : arm_TaskSupport_asm.obj (.text:_ti_sysbios_family_arm_TaskSupport_glue)
                  0000da70    0000001c                    : arm_TaskSupport_asm.obj (.text:_ti_sysbios_family_arm_TaskSupport_swap__E)
                  0000da8c    0000001c     rtsv7R4_T_le_v3D16_eabi.lib : memccpy.obj (.text)
                  0000daa8    0000001c     sbl_per4ft.oer4ft (.text:ti_sysbios_BIOS_rtsLock__I)
                  0000dac4    0000000c     --HOLE-- [fill = 0]
                  0000dad0    0000001c     sysbios.aer4ft : BIOS.obj (.text:ti_sysbios_gates_GateMutex_Instance_init__E)
                  0000daec    00000004     --HOLE-- [fill = 0]
                  0000daf0    0000001c                    : BIOS.obj (.text:ti_sysbios_gates_GateMutex_leave__E)
                  0000db0c    0000001c     sbl_per4ft.oer4ft (.text:ti_sysbios_knl_Queue_destruct)
                  0000db28    0000001a     sbl_per4ft.oer4ft (.text:free)
                  0000db42    0000001a     rtsv7R4_T_le_v3D16_eabi.lib : s_copysign.obj (.text)
                  0000db5c    0000001a     sbl_per4ft.oer4ft (.text:ti_sysbios_gates_GateHwi_Handle__label__S)
                  0000db76    0000001a     sbl_per4ft.oer4ft (.text:ti_sysbios_gates_GateMutex_Handle__label__S)
                  0000db90    0000001a     sbl_per4ft.oer4ft (.text:ti_sysbios_heaps_HeapMem_Handle__label__S)
                  0000dbaa    0000001a     sbl_per4ft.oer4ft (.text:xdc_runtime_System_aprintf__E)
                  0000dbc4    0000001a     sbl_per4ft.oer4ft (.text:xdc_runtime_System_printf__E)
                  0000dbde    00000002     --HOLE-- [fill = 0]
                  0000dbe0    00000018     rtsv7R4_T_le_v3D16_eabi.lib : args_main.obj (.text)
                  0000dbf8    00000018                                 : strcmp.obj (.text)
                  0000dc10    00000018     sbl_per4ft.oer4ft (.text:ti_sysbios_BIOS_rtsUnlock__I)
                  0000dc28    00000018     sbl_per4ft.oer4ft (.text:ti_sysbios_family_arm_v7r_vim_Hwi_Module__startupDone__F)
                  0000dc40    00000018     sbl_per4ft.oer4ft (.text:ti_sysbios_family_arm_v7r_vim_Hwi_Params__init__S)
                  0000dc58    00000008     --HOLE-- [fill = 0]
                  0000dc60    00000018     sysbios.aer4ft : BIOS.obj (.text:ti_sysbios_family_arm_v7r_vim_Hwi_clearInterrupt__E)
                  0000dc78    00000018     sbl_per4ft.oer4ft (.text:ti_sysbios_knl_Semaphore_Params__init__S)
                  0000dc90    00000018     sbl_per4ft.oer4ft (.text:ti_sysbios_knl_Task_Params__init__S)
                  0000dca8    00000008     --HOLE-- [fill = 0]
                  0000dcb0    00000018     sysbios.aer4ft : BIOS.obj (.text:ti_sysbios_knl_Task_enter__I)
                  0000dcc8    00000018     sbl_per4ft.oer4ft (.text:ti_sysbios_timers_rti_Timer_Module__startupDone__F)
                  0000dce0    00000018     sysbios.aer4ft : BIOS.obj (.text:xdc_runtime_Error_init__E)
                  0000dcf8    00000016     rtsv7R4_T_le_v3D16_eabi.lib : strchr.obj (.text)
                  0000dd0e    00000016                                 : strlen.obj (.text)
                  0000dd24    00000016     sbl_per4ft.oer4ft (.text:ti_sysbios_BIOS_exitFunc__I)
                  0000dd3a    00000006     --HOLE-- [fill = 0]
                  0000dd40    00000016     sysbios.aer4ft : BIOS.obj (.text:ti_sysbios_knl_Idle_loop__E)
                  0000dd56    00000014     libosal_xwr68xx.aer4f : HwiP_tirtos.oer4f (.text:HwiP_Params_init)
                  0000dd6a    00000002     --HOLE-- [fill = 0]
                  0000dd6c    00000014     libpinmux_xwr68xx.aer4f : pinmux.oer4f (.text:Pinmux_Lock)
                  0000dd80    00000014     libuart_xwr68xx.aer4f : uartsci.oer4f (.text:UartSci_disableTxDMA)
                  0000dd94    00000014                           : uartsci.oer4f (.text:UartSci_enableTxDMA)
                  0000dda8    00000014     libosal_xwr68xx.aer4f : DebugP_tirtos.oer4f (.text:_DebugP_assert)
                  0000ddbc    00000014     rtsv7R4_T_le_v3D16_eabi.lib : _lock.obj (.text)
                  0000ddd0    00000014                                 : strcpy.obj (.text)
                  0000dde4    00000014     sbl_per4ft.oer4ft (.text:ti_sysbios_heaps_HeapMem_Object__get__S)
                  0000ddf8    00000014     sbl_per4ft.oer4ft (.text:ti_sysbios_knl_Swi_Object__get__S)
                  0000de0c    00000012     libcrc_xwr68xx.aer4f : crc.oer4f (.text:CRC_initConfigParams)
                  0000de1e    00000012     libosal_xwr68xx.aer4f : MemoryP_tirtos.oer4f (.text:MemoryP_ctrlAlloc)
                  0000de30    00000012                           : SemaphoreP_tirtos.oer4f (.text:SemaphoreP_pend)
                  0000de42    0000000e     libsoc_xwr68xx.aer4f : soc_xwr68xx_mss.oer4f (.text:SOC_microDelay)
                  0000de50    00000012     sysbios.aer4ft : BIOS.obj (.text:ti_sysbios_hal_Hwi_Module_startup__E)
                  0000de62    00000012     sbl_per4ft.oer4ft (.text:xdc_runtime_Startup_exec__I)
                  0000de74    00000010     libcrc_xwr68xx.aer4f : crc.oer4f (.text:CRC_getSignatureRegister)
                  0000de84    00000010     libdma_xwr68xx.aer4f : dma.oer4f (.text:DMA_Params_init)
                  0000de94    00000010     libqspiflash_xwr68xx.aer4f : qspiflash.oer4f (.text:QSPIFlashWriteCmd)
                  0000dea4    00000010     libqspi_xwr68xx.aer4f : qspi.oer4f (.text:QSPI_Params_init)
                  0000deb4    00000010     transport.oer4f (.text:SBL_transportRead)
                  0000dec4    00000010     transport.oer4f (.text:sblErrStatusCallback)
                  0000ded4    0000000c     --HOLE-- [fill = 0]
                  0000dee0    00000010     sysbios.aer4ft : BIOS.obj (.text:ti_sysbios_BIOS_exit__E)
                  0000def0    00000010                    : BIOS.obj (.text:ti_sysbios_BIOS_setThreadType__E)
                  0000df00    00000010                    : BIOS.obj (.text:ti_sysbios_BIOS_start__E)
                  0000df10    00000010                    : BIOS.obj (.text:ti_sysbios_gates_GateMutex_Instance_finalize__E)
                  0000df20    00000010     sbl_per4ft.oer4ft (.text:ti_sysbios_heaps_HeapBuf_Object__get__S)
                  0000df30    00000010     sysbios.aer4ft : BIOS.obj (.text:ti_sysbios_knl_Semaphore_Instance_finalize__E)
                  0000df40    00000010                    : BIOS.obj (.text:ti_sysbios_knl_Swi_disable__E)
                  0000df50    00000010     sbl_per4ft.oer4ft (.text:ti_sysbios_knl_Task_Object__get__S)
                  0000df60    00000010     sysbios.aer4ft : BIOS.obj (.text:ti_sysbios_knl_Task_disable__E)
                  0000df70    00000010                    : BIOS.obj (.text:xdc_runtime_Memory_free__E)
                  0000df80    00000010     sbl_per4ft.oer4ft (.text:xdc_runtime_Text_visitRope__I)
                  0000df90    0000000e     libosal_xwr68xx.aer4f : SemaphoreP_tirtos.oer4f (.text:SemaphoreP_delete)
                  0000df9e    0000000e     rtsv7R4_T_le_v3D16_eabi.lib : copy_decompress_none.obj (.text:decompress:none)
                  0000dfac    00000004     --HOLE-- [fill = 0]
                  0000dfb0    0000000e     sysbios.aer4ft : BIOS.obj (.text:ti_sysbios_knl_Queue_empty__E)
                  0000dfbe    00000002     --HOLE-- [fill = 0]
                  0000dfc0    0000000c                    : BIOS.obj (.text:ti_sysbios_family_arm_TaskSupport_checkStack__E)
                  0000dfcc    00000004     --HOLE-- [fill = 0]
                  0000dfd0    0000000c                    : BIOS.obj (.text:ti_sysbios_family_arm_TaskSupport_getStackAlignment__E)
                  0000dfdc    00000004     --HOLE-- [fill = 0]
                  0000dfe0    0000000c                    : BIOS.obj (.text:ti_sysbios_family_arm_exc_Exception_Module_startup__E)
                  0000dfec    00000004     --HOLE-- [fill = 0]
                  0000dff0    0000000c                    : BIOS.obj (.text:ti_sysbios_family_arm_v7r_vim_Hwi_switchFromBootStack__E)
                  0000dffc    00000004     --HOLE-- [fill = 0]
                  0000e000    0000000c                    : BIOS.obj (.text:xdc_runtime_Startup_rtsDone__E)
                  0000e00c    00000004     --HOLE-- [fill = 0]
                  0000e010    0000000c                    : BIOS.obj (.text:xdc_runtime_SysStd_exit__E)
                  0000e01c    00000004     --HOLE-- [fill = 0]
                  0000e020    00000008                    : BIOS.obj (.text:ti_sysbios_gates_GateHwi_enter__E)
                  0000e028    00000008     --HOLE-- [fill = 0]
                  0000e030    00000006                    : BIOS.obj (.text:ti_sysbios_family_arm_v7r_vim_Hwi_startup__E)
                  0000e036    0000000a     --HOLE-- [fill = 0]
                  0000e040    00000006                    : BIOS.obj (.text:ti_sysbios_gates_GateHwi_leave__E)
                  0000e046    0000000a     --HOLE-- [fill = 0]
                  0000e050    00000006                    : BIOS.obj (.text:ti_sysbios_heaps_HeapMem_isBlocking__E)
                  0000e056    0000000a     --HOLE-- [fill = 0]
                  0000e060    00000006                    : BIOS.obj (.text:ti_sysbios_knl_Queue_Instance_init__E)
                  0000e066    0000000a     --HOLE-- [fill = 0]
                  0000e070    00000006                    : BIOS.obj (.text:xdc_runtime_System_Module_startup__E)
                  0000e076    0000000a     --HOLE-- [fill = 0]
                  0000e080    00000004                    : BIOS.obj (.text:ti_sysbios_gates_GateHwi_query__E)
                  0000e084    0000000c     --HOLE-- [fill = 0]
                  0000e090    00000004                    : BIOS.obj (.text:ti_sysbios_gates_GateMutex_query__E)
                  0000e094    0000000c     --HOLE-- [fill = 0]
                  0000e0a0    00000004                    : BIOS.obj (.text:ti_sysbios_knl_Task_startup__E)
                  0000e0a4    0000000c     --HOLE-- [fill = 0]
                  0000e0b0    00000004                    : BIOS.obj (.text:ti_sysbios_timers_rti_Timer_getMaxTicks__E)
                  0000e0b4    0000000c     --HOLE-- [fill = 0]
                  0000e0c0    00000004                    : BIOS.obj (.text:xdc_runtime_SysStd_putch__E)
                  0000e0c4    0000000c     --HOLE-- [fill = 0]
                  0000e0d0    00000004                    : BIOS.obj (.text:xdc_runtime_SysStd_ready__E)
                  0000e0d4    0000000c     --HOLE-- [fill = 0]
                  0000e0e0    00000002                    : BIOS.obj (.text:ti_sysbios_BIOS_linkedWithIncorrectBootLibrary__E)
                  0000e0e2    0000000e     --HOLE-- [fill = 0]
                  0000e0f0    00000002                    : BIOS.obj (.text:ti_sysbios_gates_GateHwi_Instance_init__E)
                  0000e0f2    0000000e     --HOLE-- [fill = 0]
                  0000e100    00000002                    : BIOS.obj (.text:ti_sysbios_knl_Clock_logTick__E)

.const     0    0000e108    00002344     RUN ADDR = 0801abc0
                  0000e108    00001aee     sbl_per4ft.oer4ft (.const:xdc_runtime_Text_charTab__A)
                  0000fbf6    00000101     rtsv7R4_T_le_v3D16_eabi.lib : ctype.obj (.const:.string:_ctypes_)
                  0000fcf7    00000001     --HOLE-- [fill = 0]
                  0000fcf8    000000d0     sbl_per4ft.oer4ft (.const:xdc_runtime_Text_nodeTab__A)
                  0000fdc8    00000080     sbl_per4ft.oer4ft (.const:ti_sysbios_family_arm_v7r_vim_Hwi_channelMap__A)
                  0000fe48    00000060     libcanfd_xwr68xx.aer4f : mcan.oer4f (.const:$O1$$)
                  0000fea8    00000060     libqspiflash_xwr68xx.aer4f : qspiflash.oer4f (.const:$O1$$)
                  0000ff08    00000058     sbl_per4ft.oer4ft (.const:.string)
                  0000ff60    00000044     sbl_per4ft.oer4ft (.const:ti_sysbios_knl_Task_Object__PARAMS__C)
                  0000ffa4    0000003c     libuart_xwr68xx.aer4f : UART.oer4f (.const:UART_defaultParams)
                  0000ffe0    00000030     sbl_per4ft.oer4ft (.const:ti_sysbios_family_arm_v7r_vim_Hwi_Object__PARAMS__C)
                  00010010    00000028     sbl_per4ft.oer4ft (.const:ti_sysbios_heaps_HeapMem_Module__FXNS__C)
                  00010038    00000028     sbl_per4ft.oer4ft (.const:xdc_runtime_Startup_sfxnTab__A)
                  00010060    00000024     sbl_per4ft.oer4ft (.const:ti_sysbios_gates_GateHwi_Module__FXNS__C)
                  00010084    00000024     sbl_per4ft.oer4ft (.const:ti_sysbios_gates_GateMutex_Module__FXNS__C)
                  000100a8    00000024     sbl_per4ft.oer4ft (.const:ti_sysbios_heaps_HeapMem_Object__PARAMS__C)
                  000100cc    00000024     sbl_per4ft.oer4ft (.const:ti_sysbios_knl_Semaphore_Object__PARAMS__C)
                  000100f0    00000020     sbl_per4ft.oer4ft (.const:ti_sysbios_family_arm_v7r_vim_Hwi_Object__DESC__C)
                  00010110    00000020     sbl_per4ft.oer4ft (.const:ti_sysbios_gates_GateHwi_Object__DESC__C)
                  00010130    00000020     sbl_per4ft.oer4ft (.const:ti_sysbios_gates_GateMutex_Object__DESC__C)
                  00010150    00000020     sbl_per4ft.oer4ft (.const:ti_sysbios_heaps_HeapMem_Object__DESC__C)
                  00010170    00000020     sbl_per4ft.oer4ft (.const:ti_sysbios_knl_Queue_Object__DESC__C)
                  00010190    00000020     sbl_per4ft.oer4ft (.const:ti_sysbios_knl_Semaphore_Object__DESC__C)
                  000101b0    00000020     sbl_per4ft.oer4ft (.const:ti_sysbios_knl_Task_Object__DESC__C)
                  000101d0    00000018     sbl_per4ft.oer4ft (.const:ti_sysbios_gates_GateHwi_Object__PARAMS__C)
                  000101e8    00000018     sbl_per4ft.oer4ft (.const:ti_sysbios_gates_GateMutex_Object__PARAMS__C)
                  00010200    00000018     sbl_per4ft.oer4ft (.const:ti_sysbios_knl_Queue_Object__PARAMS__C)
                  00010218    00000014     sbl_per4ft.oer4ft (.const:xdc_runtime_Startup_sfxnRts__A)
                  0001022c    00000010     libqspi_xwr68xx.aer4f : qspi.oer4f (.const:QSPI_defaultParams)
                  0001023c    00000010     sbl_per4ft.oer4ft (.const:ti_sysbios_family_arm_v7r_vim_Hwi_intReqEnaSet__A)
                  0001024c    00000010     sbl_per4ft.oer4ft (.const:ti_sysbios_family_arm_v7r_vim_Hwi_wakeEnaSet__A)
                  0001025c    00000008     sbl_per4ft.oer4ft (.const:ti_sysbios_knl_Idle_funcList__C)
                  00010264    00000008     sbl_per4ft.oer4ft (.const:xdc_runtime_Startup_firstFxns__A)
                  0001026c    00000008     sbl_per4ft.oer4ft (.const:xdc_runtime_Startup_firstFxns__C)
                  00010274    00000008     sbl_per4ft.oer4ft (.const:xdc_runtime_Startup_lastFxns__C)
                  0001027c    00000004     sbl_per4ft.oer4ft (.const:ti_sysbios_family_arm_TaskSupport_stackAlignment__C)
                  00010280    00000004     sbl_per4ft.oer4ft (.const:ti_sysbios_family_arm_exc_Exception_E_dataAbort__C)
                  00010284    00000004     sbl_per4ft.oer4ft (.const:ti_sysbios_family_arm_exc_Exception_E_prefetchAbort__C)
                  00010288    00000004     sbl_per4ft.oer4ft (.const:ti_sysbios_family_arm_exc_Exception_E_swi__C)
                  0001028c    00000004     sbl_per4ft.oer4ft (.const:ti_sysbios_family_arm_exc_Exception_E_undefinedInstruction__C)
                  00010290    00000004     sbl_per4ft.oer4ft (.const:ti_sysbios_family_arm_exc_Exception_excHookFuncs__A)
                  00010294    00000004     sbl_per4ft.oer4ft (.const:ti_sysbios_family_arm_exc_Exception_excHookFuncs__C)
                  00010298    00000004     sbl_per4ft.oer4ft (.const:ti_sysbios_family_arm_v7r_tms570_Core_E_mismatchedIds__C)
                  0001029c    00000004     sbl_per4ft.oer4ft (.const:ti_sysbios_family_arm_v7r_tms570_Core_id__C)
                  000102a0    00000004     sbl_per4ft.oer4ft (.const:ti_sysbios_family_arm_v7r_vim_Hwi_A_badChannelId__C)
                  000102a4    00000004     sbl_per4ft.oer4ft (.const:ti_sysbios_family_arm_v7r_vim_Hwi_E_alreadyDefined__C)
                  000102a8    00000004     sbl_per4ft.oer4ft (.const:ti_sysbios_family_arm_v7r_vim_Hwi_E_badIntNum__C)
                  000102ac    00000004     sbl_per4ft.oer4ft (.const:ti_sysbios_family_arm_v7r_vim_Hwi_E_phantomInterrupt__C)
                  000102b0    00000004     sbl_per4ft.oer4ft (.const:ti_sysbios_family_arm_v7r_vim_Hwi_E_undefined__C)
                  000102b4    00000004     sbl_per4ft.oer4ft (.const:ti_sysbios_family_arm_v7r_vim_Hwi_E_unsupportedMaskingOption__C)
                  000102b8    00000004     sbl_per4ft.oer4ft (.const:ti_sysbios_family_arm_v7r_vim_Hwi_Module__diagsEnabled__C)
                  000102bc    00000004     sbl_per4ft.oer4ft (.const:ti_sysbios_family_arm_v7r_vim_Hwi_Module__diagsIncluded__C)
                  000102c0    00000004     sbl_per4ft.oer4ft (.const:ti_sysbios_family_arm_v7r_vim_Hwi_Module__diagsMask__C)
                  000102c4    00000004     sbl_per4ft.oer4ft (.const:ti_sysbios_family_arm_v7r_vim_Hwi_NUM_INTERRUPTS__C)
                  000102c8    00000004     sbl_per4ft.oer4ft (.const:ti_sysbios_family_arm_v7r_vim_Hwi_channelMap__C)
                  000102cc    00000004     sbl_per4ft.oer4ft (.const:ti_sysbios_family_arm_v7r_vim_Hwi_intReqEnaSet__C)
                  000102d0    00000004     sbl_per4ft.oer4ft (.const:ti_sysbios_family_arm_v7r_vim_Hwi_phantomFunc__C)
                  000102d4    00000004     sbl_per4ft.oer4ft (.const:ti_sysbios_family_arm_v7r_vim_Hwi_swiDisable__C)
                  000102d8    00000004     sbl_per4ft.oer4ft (.const:ti_sysbios_family_arm_v7r_vim_Hwi_swiRestoreHwi__C)
                  000102dc    00000004     sbl_per4ft.oer4ft (.const:ti_sysbios_family_arm_v7r_vim_Hwi_taskDisable__C)
                  000102e0    00000004     sbl_per4ft.oer4ft (.const:ti_sysbios_family_arm_v7r_vim_Hwi_taskRestoreHwi__C)
                  000102e4    00000004     sbl_per4ft.oer4ft (.const:ti_sysbios_family_arm_v7r_vim_Hwi_wakeEnaSet__C)
                  000102e8    00000004     sbl_per4ft.oer4ft (.const:ti_sysbios_gates_GateMutex_A_badContext__C)
                  000102ec    00000004     sbl_per4ft.oer4ft (.const:ti_sysbios_gates_GateMutex_Instance_State_sem__O)
                  000102f0    00000004     sbl_per4ft.oer4ft (.const:ti_sysbios_gates_GateMutex_Module__diagsEnabled__C)
                  000102f4    00000004     sbl_per4ft.oer4ft (.const:ti_sysbios_gates_GateMutex_Module__diagsIncluded__C)
                  000102f8    00000004     sbl_per4ft.oer4ft (.const:ti_sysbios_gates_GateMutex_Module__diagsMask__C)
                  000102fc    00000004     sbl_per4ft.oer4ft (.const:ti_sysbios_hal_Hwi_E_stackOverflow__C)
                  00010300    00000004     sbl_per4ft.oer4ft (.const:ti_sysbios_heaps_HeapBuf_Instance_State_freeList__O)
                  00010304    00000004     sbl_per4ft.oer4ft (.const:ti_sysbios_heaps_HeapBuf_Object__count__C)
                  00010308    00000004     sbl_per4ft.oer4ft (.const:ti_sysbios_heaps_HeapBuf_numConstructedHeaps__C)
                  0001030c    00000004     sbl_per4ft.oer4ft (.const:ti_sysbios_heaps_HeapMem_A_align__C)
                  00010310    00000004     sbl_per4ft.oer4ft (.const:ti_sysbios_heaps_HeapMem_A_heapSize__C)
                  00010314    00000004     sbl_per4ft.oer4ft (.const:ti_sysbios_heaps_HeapMem_A_invalidFree__C)
                  00010318    00000004     sbl_per4ft.oer4ft (.const:ti_sysbios_heaps_HeapMem_A_zeroBlock__C)
                  0001031c    00000004     sbl_per4ft.oer4ft (.const:ti_sysbios_heaps_HeapMem_E_memory__C)
                  00010320    00000004     sbl_per4ft.oer4ft (.const:ti_sysbios_heaps_HeapMem_Module__diagsEnabled__C)
                  00010324    00000004     sbl_per4ft.oer4ft (.const:ti_sysbios_heaps_HeapMem_Module__diagsIncluded__C)
                  00010328    00000004     sbl_per4ft.oer4ft (.const:ti_sysbios_heaps_HeapMem_Module__diagsMask__C)
                  0001032c    00000004     sbl_per4ft.oer4ft (.const:ti_sysbios_heaps_HeapMem_Module__gateObj__C)
                  00010330    00000004     sbl_per4ft.oer4ft (.const:ti_sysbios_heaps_HeapMem_Object__count__C)
                  00010334    00000004     sbl_per4ft.oer4ft (.const:ti_sysbios_heaps_HeapMem_reqAlign__C)
                  00010338    00000004     sbl_per4ft.oer4ft (.const:ti_sysbios_knl_Clock_Module_State_clockQ__O)
                  0001033c    00000004     sbl_per4ft.oer4ft (.const:ti_sysbios_knl_Idle_funcList__A)
                  00010340    00000004     sbl_per4ft.oer4ft (.const:ti_sysbios_knl_Semaphore_A_badContext__C)
                  00010344    00000004     sbl_per4ft.oer4ft (.const:ti_sysbios_knl_Semaphore_A_noEvents__C)
                  00010348    00000004     sbl_per4ft.oer4ft (.const:ti_sysbios_knl_Semaphore_A_overflow__C)
                  0001034c    00000004     sbl_per4ft.oer4ft (.const:ti_sysbios_knl_Semaphore_A_pendTaskDisabled__C)
                  00010350    00000004     sbl_per4ft.oer4ft (.const:ti_sysbios_knl_Semaphore_Instance_State_pendQ__O)
                  00010354    00000004     sbl_per4ft.oer4ft (.const:ti_sysbios_knl_Semaphore_Module__diagsEnabled__C)
                  00010358    00000004     sbl_per4ft.oer4ft (.const:ti_sysbios_knl_Semaphore_Module__diagsIncluded__C)
                  0001035c    00000004     sbl_per4ft.oer4ft (.const:ti_sysbios_knl_Semaphore_Module__diagsMask__C)
                  00010360    00000004     sbl_per4ft.oer4ft (.const:ti_sysbios_knl_Swi_Object__count__C)
                  00010364    00000004     sbl_per4ft.oer4ft (.const:ti_sysbios_knl_Task_A_badPriority__C)
                  00010368    00000004     sbl_per4ft.oer4ft (.const:ti_sysbios_knl_Task_A_badTaskState__C)
                  0001036c    00000004     sbl_per4ft.oer4ft (.const:ti_sysbios_knl_Task_A_badThreadType__C)
                  00010370    00000004     sbl_per4ft.oer4ft (.const:ti_sysbios_knl_Task_A_noPendElem__C)
                  00010374    00000004     sbl_per4ft.oer4ft (.const:ti_sysbios_knl_Task_E_spOutOfBounds__C)
                  00010378    00000004     sbl_per4ft.oer4ft (.const:ti_sysbios_knl_Task_E_stackOverflow__C)
                  0001037c    00000004     sbl_per4ft.oer4ft (.const:ti_sysbios_knl_Task_Module_State_inactiveQ__O)
                  00010380    00000004     sbl_per4ft.oer4ft (.const:ti_sysbios_knl_Task_Module__diagsEnabled__C)
                  00010384    00000004     sbl_per4ft.oer4ft (.const:ti_sysbios_knl_Task_Module__diagsIncluded__C)
                  00010388    00000004     sbl_per4ft.oer4ft (.const:ti_sysbios_knl_Task_Module__diagsMask__C)
                  0001038c    00000004     sbl_per4ft.oer4ft (.const:ti_sysbios_knl_Task_Object__count__C)
                  00010390    00000004     sbl_per4ft.oer4ft (.const:ti_sysbios_knl_Task_allBlockedFunc__C)
                  00010394    00000004     sbl_per4ft.oer4ft (.const:ti_sysbios_knl_Task_defaultStackHeap__C)
                  00010398    00000004     sbl_per4ft.oer4ft (.const:ti_sysbios_knl_Task_defaultStackSize__C)
                  0001039c    00000004     sbl_per4ft.oer4ft (.const:ti_sysbios_knl_Task_numConstructedTasks__C)
                  000103a0    00000004     sbl_per4ft.oer4ft (.const:ti_sysbios_timers_rti_Timer_E_cannotSupport__C)
                  000103a4    00000004     sbl_per4ft.oer4ft (.const:ti_sysbios_timers_rti_Timer_Module__diagsEnabled__C)
                  000103a8    00000004     sbl_per4ft.oer4ft (.const:ti_sysbios_timers_rti_Timer_Module__diagsIncluded__C)
                  000103ac    00000004     sbl_per4ft.oer4ft (.const:ti_sysbios_timers_rti_Timer_Module__diagsMask__C)
                  000103b0    00000004     sbl_per4ft.oer4ft (.const:ti_sysbios_timers_rti_Timer_numTimerDevices__C)
                  000103b4    00000004     sbl_per4ft.oer4ft (.const:ti_sysbios_timers_rti_Timer_startupNeeded__C)
                  000103b8    00000004     sbl_per4ft.oer4ft (.const:xdc_runtime_Assert_E_assertFailed__C)
                  000103bc    00000004     sbl_per4ft.oer4ft (.const:xdc_runtime_Core_A_initializedParams__C)
                  000103c0    00000004     sbl_per4ft.oer4ft (.const:xdc_runtime_Core_Module__diagsEnabled__C)
                  000103c4    00000004     sbl_per4ft.oer4ft (.const:xdc_runtime_Core_Module__diagsIncluded__C)
                  000103c8    00000004     sbl_per4ft.oer4ft (.const:xdc_runtime_Core_Module__diagsMask__C)
                  000103cc    00000004     sbl_per4ft.oer4ft (.const:xdc_runtime_Error_E_memory__C)
                  000103d0    00000004     sbl_per4ft.oer4ft (.const:xdc_runtime_Error_policyFxn__C)
                  000103d4    00000004     sbl_per4ft.oer4ft (.const:xdc_runtime_Error_policy__C)
                  000103d8    00000004     sbl_per4ft.oer4ft (.const:xdc_runtime_Error_raiseHook__C)
                  000103dc    00000004     sbl_per4ft.oer4ft (.const:xdc_runtime_IGateProvider_Interface__BASE__C)
                  000103e0    00000004     sbl_per4ft.oer4ft (.const:xdc_runtime_IHeap_Interface__BASE__C)
                  000103e4    00000004     sbl_per4ft.oer4ft (.const:xdc_runtime_IModule_Interface__BASE__C)
                  000103e8    00000004     sbl_per4ft.oer4ft (.const:xdc_runtime_Memory_defaultHeapInstance__C)
                  000103ec    00000004     sbl_per4ft.oer4ft (.const:xdc_runtime_Startup_execImpl__C)
                  000103f0    00000004     sbl_per4ft.oer4ft (.const:xdc_runtime_Startup_maxPasses__C)
                  000103f4    00000004     sbl_per4ft.oer4ft (.const:xdc_runtime_Startup_sfxnRts__C)
                  000103f8    00000004     sbl_per4ft.oer4ft (.const:xdc_runtime_Startup_sfxnTab__C)
                  000103fc    00000004     sbl_per4ft.oer4ft (.const:xdc_runtime_System_Module__gateObj__C)
                  00010400    00000004     sbl_per4ft.oer4ft (.const:xdc_runtime_System_abortFxn__C)
                  00010404    00000004     sbl_per4ft.oer4ft (.const:xdc_runtime_System_exitFxn__C)
                  00010408    00000004     sbl_per4ft.oer4ft (.const:xdc_runtime_System_extendFxn__C)
                  0001040c    00000004     sbl_per4ft.oer4ft (.const:xdc_runtime_System_maxAtexitHandlers__C)
                  00010410    00000004     sbl_per4ft.oer4ft (.const:xdc_runtime_Text_charTab__C)
                  00010414    00000004     sbl_per4ft.oer4ft (.const:xdc_runtime_Text_nameEmpty__C)
                  00010418    00000004     sbl_per4ft.oer4ft (.const:xdc_runtime_Text_nameStatic__C)
                  0001041c    00000004     sbl_per4ft.oer4ft (.const:xdc_runtime_Text_nameUnknown__C)
                  00010420    00000004     sbl_per4ft.oer4ft (.const:xdc_runtime_Text_nodeTab__C)
                  00010424    00000004     sbl_per4ft.oer4ft (.const:xdc_runtime_Text_visitRopeFxn__C)
                  00010428    00000002     sbl_per4ft.oer4ft (.const:ti_sysbios_family_arm_exc_Exception_Module__id__C)
                  0001042a    00000002     sbl_per4ft.oer4ft (.const:ti_sysbios_family_arm_v7r_tms570_Core_Module__id__C)
                  0001042c    00000002     sbl_per4ft.oer4ft (.const:ti_sysbios_family_arm_v7r_vim_Hwi_Module__id__C)
                  0001042e    00000002     sbl_per4ft.oer4ft (.const:ti_sysbios_gates_GateMutex_Module__id__C)
                  00010430    00000002     sbl_per4ft.oer4ft (.const:ti_sysbios_hal_Hwi_Module__id__C)
                  00010432    00000002     sbl_per4ft.oer4ft (.const:ti_sysbios_heaps_HeapMem_Module__id__C)
                  00010434    00000002     sbl_per4ft.oer4ft (.const:ti_sysbios_knl_Semaphore_Module__id__C)
                  00010436    00000002     sbl_per4ft.oer4ft (.const:ti_sysbios_knl_Task_Module__id__C)
                  00010438    00000002     sbl_per4ft.oer4ft (.const:ti_sysbios_timers_rti_Timer_Module__id__C)
                  0001043a    00000002     sbl_per4ft.oer4ft (.const:ti_sysbios_timers_rti_Timer_continueOnSuspend__C)
                  0001043c    00000002     sbl_per4ft.oer4ft (.const:xdc_runtime_Core_Module__id__C)
                  0001043e    00000002     sbl_per4ft.oer4ft (.const:xdc_runtime_Error_maxDepth__C)
                  00010440    00000002     sbl_per4ft.oer4ft (.const:xdc_runtime_Main_Module__id__C)
                  00010442    00000002     sbl_per4ft.oer4ft (.const:xdc_runtime_Memory_Module__id__C)
                  00010444    00000002     sbl_per4ft.oer4ft (.const:xdc_runtime_Text_charCnt__C)
                  00010446    00000002     sbl_per4ft.oer4ft (.const:xdc_runtime_Text_isLoaded__C)
                  00010448    00000002     sbl_per4ft.oer4ft (.const:xdc_runtime_Text_registryModsLastId__C)
                  0001044a    00000002     sbl_per4ft.oer4ft (.const:xdc_runtime_Text_unnamedModsLastId__C)

tcmalibs   0    00010450    000000e8     
                  00010450    00000034     main.oer4f (.text:_system_pre_init)
                  00010484    00000014     main.oer4f (.text:copyCode)
                  00010498    0000000a     main.oer4f (.text:main)
                  000104a2    00000002     --HOLE-- [fill = 0]
                  000104a4    00000008     sbl.oer4f (.tramp.SBL_init.1)
                  000104ac    00000074     boot.aer4ft : boot.oer4ft (.text)
                  00010520    00000008     sysbios.aer4ft : BIOS.obj (.tramp.xdc_runtime_System_exit__E.1)
                  00010528    00000008     rtsv7R4_T_le_v3D16_eabi.lib : args_main.obj (.tramp._args_main.1)
                  00010530    00000008     auto_init.aer4ft : auto_init.oer4ft (.tramp.__TI_auto_init.1)

.cinit     0    00010538    00000350     
                  00010538    0000030c     (.cinit..data.load) [load image, compression = lzss]
                  00010844    0000000c     (__TI_handler_table)
                  00010850    00000008     (.cinit..bss.load) [load image, compression = zero_init]
                  00010858    00000008     (.cinit..myFiqStack.load) [load image, compression = zero_init]
                  00010860    00000008     (.cinit.systemHeap.load) [load image, compression = zero_init]
                  00010868    00000020     (__TI_cinit_table)

systemHeap 
*          0    0800e008    00008000     UNINITIALIZED
                  0800e008    00008000     sbl_per4ft.oer4ft (systemHeap)

.bss       0    08016040    00004b80     UNINITIALIZED
                  08016040    00001998     (.common:gSblMCB)
                  080179d8    00000008     (.common:gDMADriverPtr)
                  080179e0    00000008     (.common:parmbuf)
                  080179e8    00000018     --HOLE--
                  08017a00    00001000     (.common:dataBuff)
                  08018a00    00001000     (.common:ti_sysbios_family_arm_exc_Exception_Module_State_0_excStack_0__A)
                  08019a00    00000800     sbl_per4ft.oer4ft (.bss:taskStackSection)
                  0801a200    00000800     (.common:imageChunk)
                  0801aa00    00000120     rtsv7R4_T_le_v3D16_eabi.lib : trgmsg.obj (.bss:_CIOBUF_)
                  0801ab20    000000a0     (.common:__TI_tmpnams)

.stack     0    0801cf20    00001000     UNINITIALIZED
                  0801cf20    00001000     --HOLE--

.data      0    0801df40    00000c24     UNINITIALIZED
                  0801df40    00000200     sbl_per4ft.oer4ft (.data:ti_sysbios_family_arm_v7r_vim_Hwi_Module_State_0_dispatchTable__A)
                  0801e140    000001a0     transport.oer4f (.data:$O1$$)
                  0801e2e0    000000f0     rtsv7R4_T_le_v3D16_eabi.lib : defs.obj (.data:_ftable)
                  0801e3d0    00000030     sbl_per4ft.oer4ft (.data:ti_sysbios_knl_Swi_Object__table__V)
                  0801e400    000000c0     metaheader_parser.oer4f (.data:metaHeaderLcl)
                  0801e4c0    00000080     sbl_per4ft.oer4ft (.data:ti_sysbios_knl_Swi_Module_State_0_readyQ__A)
                  0801e540    00000080     sbl_per4ft.oer4ft (.data:ti_sysbios_knl_Task_Module_State_0_readyQ__A)
                  0801e5c0    00000078     rtsv7R4_T_le_v3D16_eabi.lib : write.obj (.data:_device)
                  0801e638    00000060     libdma_xwr68xx.aer4f : dma_xwr68xx.oer4f (.data:gDMAHwCfg)
                  0801e698    0000005c     sbl_per4ft.oer4ft (.data:ti_sysbios_knl_Task_Object__table__V)
                  0801e6f4    00000058     libuart_xwr68xx.aer4f : uart_xwr68xx.oer4f (.data:gUartSciHwCfg)
                  0801e74c    00000050     rtsv7R4_T_le_v3D16_eabi.lib : write.obj (.data:_stream)
                  0801e79c    00000048     sbl_per4ft.oer4ft (.data:ti_sysbios_knl_Task_Module__state__V)
                  0801e7e4    00000040     sbl_per4ft.oer4ft (.data:ti_sysbios_gates_GateMutex_Object__table__V)
                  0801e824    0000003c     sbl_per4ft.oer4ft (.data:ti_sysbios_timers_rti_Timer_Object__table__V)
                  0801e860    00000034     sbl_per4ft.oer4ft (.data:ti_sysbios_family_arm_v7r_vim_Hwi_Module__state__V)
                  0801e894    0000002c     sbl_per4ft.oer4ft (.data:ti_sysbios_family_arm_v7r_vim_Hwi_Object__table__V)
                  0801e8c0    0000002c     sbl_per4ft.oer4ft (.data:ti_sysbios_knl_Clock_Module__state__V)
                  0801e8ec    00000028     libuart_xwr68xx.aer4f : uartsci.oer4f (.data:gUartSciFxnTable)
                  0801e914    00000024                           : uart_xwr68xx.oer4f (.data:UART_config)
                  0801e938    00000024     sbl_per4ft.oer4ft (.data:ti_sysbios_BIOS_Module__state__V)
                  0801e95c    00000020     libcanfd_xwr68xx.aer4f : canfd_xwr68xx.oer4f (.data:gCanFdHwCfg)
                  0801e97c    00000004     libqspiflash_xwr68xx.aer4f : qspiflash_xwr68xx.oer4f (.data:gQSPIFlashHwCfg)
                  0801e980    00000020     libsoc_xwr68xx.aer4f : soc_xwr68xx_mss.oer4f (.data:gSOCHwAttrib)
                  0801e9a0    00000020     sbl_per4ft.oer4ft (.data:xdc_runtime_Error_IgnoreBlock)
                  0801e9c0    00000020     sbl_per4ft.oer4ft (.data:xdc_runtime_System_Module_State_0_atexitHandlers__A)
                  0801e9e0    0000001c     sbl_per4ft.oer4ft (.data:ti_sysbios_knl_Swi_Module__state__V)
                  0801e9fc    00000018     sbl_per4ft.oer4ft (.data:ti_sysbios_heaps_HeapMem_Object__table__V)
                  0801ea14    00000018     sbl_per4ft.oer4ft (.data:ti_sysbios_timers_rti_Timer_Module_State_0_device__A)
                  0801ea2c    00000014     sbl_per4ft.oer4ft (.data:ti_sysbios_family_arm_exc_Exception_Module__state__V)
                  0801ea40    00000010     libdma_xwr68xx.aer4f : dma.oer4f (.data:DMA_defaultParams)
                  0801ea50    00000010     libqspi_xwr68xx.aer4f : qspi_xwr68xx.oer4f (.data:gQSPIHwCfg)
                  0801ea60    00000010     rtsv7R4_T_le_v3D16_eabi.lib : defs.obj (.data)
                  0801ea70    00000010     sbl_per4ft.oer4ft (.data:ti_sysbios_timers_rti_Timer_Module_State_0_intFreqs__A)
                  0801ea80    00000010     sbl_per4ft.oer4ft (.data:ti_sysbios_timers_rti_Timer_Module__state__V)
                  0801ea90    00000010     transport.oer4f (.data)
                  0801eaa0    0000000c     rtsv7R4_T_le_v3D16_eabi.lib : exit.obj (.data:$O1$$)
                  0801eaac    00000008                                 : _lock.obj (.data:$O1$$)
[...]
0801cac8  ti_sysbios_heaps_HeapMem_Module__FXNS__C                             
0801caf0  xdc_runtime_Startup_sfxnTab__A                                       
0801cb18  ti_sysbios_gates_GateHwi_Module__FXNS__C                             
0801cb3c  ti_sysbios_gates_GateMutex_Module__FXNS__C                           
0801cb60  ti_sysbios_heaps_HeapMem_Object__PARAMS__C                           
0801cb84  ti_sysbios_knl_Semaphore_Object__PARAMS__C                           
0801cba8  ti_sysbios_family_arm_v7r_vim_Hwi_Object__DESC__C                    
0801cbc8  ti_sysbios_gates_GateHwi_Object__DESC__C                             
0801cbe8  ti_sysbios_gates_GateMutex_Object__DESC__C                           
0801cc08  ti_sysbios_heaps_HeapMem_Object__DESC__C                             
0801cc28  ti_sysbios_knl_Queue_Object__DESC__C                                 
0801cc48  ti_sysbios_knl_Semaphore_Object__DESC__C                             
0801cc68  ti_sysbios_knl_Task_Object__DESC__C                                  
0801cc88  ti_sysbios_gates_GateHwi_Object__PARAMS__C                           
0801cca0  ti_sysbios_gates_GateMutex_Object__PARAMS__C                         
0801ccb8  ti_sysbios_knl_Queue_Object__PARAMS__C                               
0801ccd0  xdc_runtime_Startup_sfxnRts__A                                       
0801cce4  QSPI_defaultParams                                                   
0801ccf4  ti_sysbios_family_arm_v7r_vim_Hwi_intReqEnaSet__A                    
0801cd04  ti_sysbios_family_arm_v7r_vim_Hwi_wakeEnaSet__A                      
0801cd14  ti_sysbios_knl_Idle_funcList__C                                      
0801cd1c  xdc_runtime_Startup_firstFxns__A                                     
0801cd24  xdc_runtime_Startup_firstFxns__C                                     
0801cd2c  xdc_runtime_Startup_lastFxns__C                                      
0801cd34  ti_sysbios_family_arm_TaskSupport_stackAlignment__C                  
0801cd38  ti_sysbios_family_arm_exc_Exception_E_dataAbort__C                   
0801cd3c  ti_sysbios_family_arm_exc_Exception_E_prefetchAbort__C               
0801cd40  ti_sysbios_family_arm_exc_Exception_E_swi__C                         
0801cd44  ti_sysbios_family_arm_exc_Exception_E_undefinedInstruction__C        
0801cd48  ti_sysbios_family_arm_exc_Exception_excHookFuncs__A                  
0801cd4c  ti_sysbios_family_arm_exc_Exception_excHookFuncs__C                  
0801cd50  ti_sysbios_family_arm_v7r_tms570_Core_E_mismatchedIds__C             
0801cd54  ti_sysbios_family_arm_v7r_tms570_Core_id__C                          
0801cd58  ti_sysbios_family_arm_v7r_vim_Hwi_A_badChannelId__C                  
0801cd5c  ti_sysbios_family_arm_v7r_vim_Hwi_E_alreadyDefined__C                
0801cd60  ti_sysbios_family_arm_v7r_vim_Hwi_E_badIntNum__C                     
0801cd64  ti_sysbios_family_arm_v7r_vim_Hwi_E_phantomInterrupt__C              
0801cd68  ti_sysbios_family_arm_v7r_vim_Hwi_E_undefined__C                     
0801cd6c  ti_sysbios_family_arm_v7r_vim_Hwi_E_unsupportedMaskingOption__C      
0801cd70  ti_sysbios_family_arm_v7r_vim_Hwi_Module__diagsEnabled__C            
0801cd74  ti_sysbios_family_arm_v7r_vim_Hwi_Module__diagsIncluded__C           
0801cd78  ti_sysbios_family_arm_v7r_vim_Hwi_Module__diagsMask__C               
0801cd7c  ti_sysbios_family_arm_v7r_vim_Hwi_NUM_INTERRUPTS__C                  
0801cd80  ti_sysbios_family_arm_v7r_vim_Hwi_channelMap__C                      
0801cd84  ti_sysbios_family_arm_v7r_vim_Hwi_intReqEnaSet__C                    
0801cd88  ti_sysbios_family_arm_v7r_vim_Hwi_phantomFunc__C                     
0801cd8c  ti_sysbios_family_arm_v7r_vim_Hwi_swiDisable__C                      
0801cd90  ti_sysbios_family_arm_v7r_vim_Hwi_swiRestoreHwi__C                   
0801cd94  ti_sysbios_family_arm_v7r_vim_Hwi_taskDisable__C                     
0801cd98  ti_sysbios_family_arm_v7r_vim_Hwi_taskRestoreHwi__C                  
0801cd9c  ti_sysbios_family_arm_v7r_vim_Hwi_wakeEnaSet__C                      
0801cda0  ti_sysbios_gates_GateMutex_A_badContext__C                           
0801cda4  ti_sysbios_gates_GateMutex_Instance_State_sem__O                     
0801cda8  ti_sysbios_gates_GateMutex_Module__diagsEnabled__C                   
0801cdac  ti_sysbios_gates_GateMutex_Module__diagsIncluded__C                  
0801cdb0  ti_sysbios_gates_GateMutex_Module__diagsMask__C                      
0801cdb4  ti_sysbios_hal_Hwi_E_stackOverflow__C                                
0801cdb8  ti_sysbios_heaps_HeapBuf_Instance_State_freeList__O                  
0801cdbc  ti_sysbios_heaps_HeapBuf_Object__count__C                            
0801cdc0  ti_sysbios_heaps_HeapBuf_numConstructedHeaps__C                      
0801cdc4  ti_sysbios_heaps_HeapMem_A_align__C                                  
0801cdc8  ti_sysbios_heaps_HeapMem_A_heapSize__C                               
0801cdcc  ti_sysbios_heaps_HeapMem_A_invalidFree__C                            
0801cdd0  ti_sysbios_heaps_HeapMem_A_zeroBlock__C                              
0801cdd4  ti_sysbios_heaps_HeapMem_E_memory__C                                 
0801cdd8  ti_sysbios_heaps_HeapMem_Module__diagsEnabled__C                     
0801cddc  ti_sysbios_heaps_HeapMem_Module__diagsIncluded__C                    
0801cde0  ti_sysbios_heaps_HeapMem_Module__diagsMask__C                        
0801cde4  ti_sysbios_heaps_HeapMem_Module__gateObj__C                          
0801cde8  ti_sysbios_heaps_HeapMem_Object__count__C                            
0801cdec  ti_sysbios_heaps_HeapMem_reqAlign__C                                 
0801cdf0  ti_sysbios_knl_Clock_Module_State_clockQ__O                          
0801cdf4  ti_sysbios_knl_Idle_funcList__A                                      
0801cdf8  ti_sysbios_knl_Semaphore_A_badContext__C                             
0801cdfc  ti_sysbios_knl_Semaphore_A_noEvents__C                               
0801ce00  ti_sysbios_knl_Semaphore_A_overflow__C                               
0801ce04  ti_sysbios_knl_Semaphore_A_pendTaskDisabled__C                       
0801ce08  ti_sysbios_knl_Semaphore_Instance_State_pendQ__O                     
0801ce0c  ti_sysbios_knl_Semaphore_Module__diagsEnabled__C                     
0801ce10  ti_sysbios_knl_Semaphore_Module__diagsIncluded__C                    
0801ce14  ti_sysbios_knl_Semaphore_Module__diagsMask__C                        
0801ce18  ti_sysbios_knl_Swi_Object__count__C                                  
0801ce1c  ti_sysbios_knl_Task_A_badPriority__C                                 
0801ce20  ti_sysbios_knl_Task_A_badTaskState__C                                
0801ce24  ti_sysbios_knl_Task_A_badThreadType__C                               
0801ce28  ti_sysbios_knl_Task_A_noPendElem__C                                  
0801ce2c  ti_sysbios_knl_Task_E_spOutOfBounds__C                               
0801ce30  ti_sysbios_knl_Task_E_stackOverflow__C                               
0801ce34  ti_sysbios_knl_Task_Module_State_inactiveQ__O                        
0801ce38  ti_sysbios_knl_Task_Module__diagsEnabled__C                          
0801ce3c  ti_sysbios_knl_Task_Module__diagsIncluded__C                         
0801ce40  ti_sysbios_knl_Task_Module__diagsMask__C                             
0801ce44  ti_sysbios_knl_Task_Object__count__C                                 
0801ce48  ti_sysbios_knl_Task_allBlockedFunc__C                                
0801ce4c  ti_sysbios_knl_Task_defaultStackHeap__C                              
0801ce50  ti_sysbios_knl_Task_defaultStackSize__C                              
0801ce54  ti_sysbios_knl_Task_numConstructedTasks__C                           
0801ce58  ti_sysbios_timers_rti_Timer_E_cannotSupport__C                       
0801ce5c  ti_sysbios_timers_rti_Timer_Module__diagsEnabled__C                  
0801ce60  ti_sysbios_timers_rti_Timer_Module__diagsIncluded__C                 
0801ce64  ti_sysbios_timers_rti_Timer_Module__diagsMask__C                     
0801ce68  ti_sysbios_timers_rti_Timer_numTimerDevices__C                       
0801ce6c  ti_sysbios_timers_rti_Timer_startupNeeded__C                         
0801ce70  xdc_runtime_Assert_E_assertFailed__C                                 
0801ce74  xdc_runtime_Core_A_initializedParams__C                              
0801ce78  xdc_runtime_Core_Module__diagsEnabled__C                             
0801ce7c  xdc_runtime_Core_Module__diagsIncluded__C                            
0801ce80  xdc_runtime_Core_Module__diagsMask__C                                
0801ce84  xdc_runtime_Error_E_memory__C                                        
0801ce88  xdc_runtime_Error_policyFxn__C                                       
0801ce8c  xdc_runtime_Error_policy__C                                          
0801ce90  xdc_runtime_Error_raiseHook__C                                       
0801ce94  xdc_runtime_IGateProvider_Interface__BASE__C                         
0801ce98  xdc_runtime_IHeap_Interface__BASE__C                                 
0801ce9c  xdc_runtime_IModule_Interface__BASE__C                               
0801cea0  xdc_runtime_Memory_defaultHeapInstance__C                            
0801cea4  xdc_runtime_Startup_execImpl__C                                      
0801cea8  xdc_runtime_Startup_maxPasses__C                                     
0801ceac  xdc_runtime_Startup_sfxnRts__C                                       
0801ceb0  xdc_runtime_Startup_sfxnTab__C                                       
0801ceb4  xdc_runtime_System_Module__gateObj__C                                
0801ceb8  xdc_runtime_System_abortFxn__C                                       
0801cebc  xdc_runtime_System_exitFxn__C                                        
0801cec0  xdc_runtime_System_extendFxn__C                                      
0801cec4  xdc_runtime_System_maxAtexitHandlers__C                              
0801cec8  xdc_runtime_Text_charTab__C                                          
0801cecc  xdc_runtime_Text_nameEmpty__C                                        
0801ced0  xdc_runtime_Text_nameStatic__C                                       
0801ced4  xdc_runtime_Text_nameUnknown__C                                      
0801ced8  xdc_runtime_Text_nodeTab__C                                          
0801cedc  xdc_runtime_Text_visitRopeFxn__C                                     
0801cee0  ti_sysbios_family_arm_exc_Exception_Module__id__C                    
0801cee2  ti_sysbios_family_arm_v7r_tms570_Core_Module__id__C                  
0801cee4  ti_sysbios_family_arm_v7r_vim_Hwi_Module__id__C                      
0801cee6  ti_sysbios_gates_GateMutex_Module__id__C                             
0801cee8  ti_sysbios_hal_Hwi_Module__id__C                                     
0801ceea  ti_sysbios_heaps_HeapMem_Module__id__C                               
0801ceec  ti_sysbios_knl_Semaphore_Module__id__C                               
0801ceee  ti_sysbios_knl_Task_Module__id__C                                    
0801cef0  ti_sysbios_timers_rti_Timer_Module__id__C                            
0801cef2  ti_sysbios_timers_rti_Timer_continueOnSuspend__C                     
0801cef4  xdc_runtime_Core_Module__id__C                                       
0801cef6  xdc_runtime_Error_maxDepth__C                                        
0801cef8  xdc_runtime_Main_Module__id__C                                       
0801cefa  xdc_runtime_Memory_Module__id__C                                     
0801cefc  xdc_runtime_Text_charCnt__C                                          
0801cefe  xdc_runtime_Text_isLoaded__C                                         
0801cf00  xdc_runtime_Text_registryModsLastId__C                               
0801cf02  xdc_runtime_Text_unnamedModsLastId__C                                
0801cf20  __stack                                                              
0801df20  __STACK_END                                                          
0801df40  ti_sysbios_family_arm_v7r_vim_Hwi_Module_State_0_dispatchTable__A    
0801e140  select_mode                                                          
0801e144  canHandle                                                            
0801e148  txMsgObjHandle                                                       
0801e14c  rxMsgObj2Handle                                                      
0801e150  rxMsgObj3Handle                                                      
0801e154  frameType                                                            
0801e158  rxDataLength                                                         
0801e15c  txMsgObjectParams                                                    
0801e168  rxMsgObject2Params                                                   
0801e174  rxMsgObject3Params                                                   
0801e180  mcanBitTimingParams                                                  
0801e1a8  can_txData                                                           
0801e1e8  rxData                                                               
0801e228  mcanCfgParams                                                        
0801e2e0  _ftable                                                              
0801e3d0  ti_sysbios_knl_Swi_Object__table__V                                  
0801e400  metaHeaderLcl                                                        
0801e4c0  ti_sysbios_knl_Swi_Module_State_0_readyQ__A                          
0801e540  ti_sysbios_knl_Task_Module_State_0_readyQ__A                         
0801e5c0  _device                                                              
0801e638  gDMAHwCfg                                                            
0801e698  ti_sysbios_knl_Task_Object__table__V                                 
0801e6f4  gUartSciHwCfg                                                        
0801e74c  _stream                                                              
0801e79c  ti_sysbios_knl_Task_Module__state__V                                 
0801e7e4  ti_sysbios_gates_GateMutex_Object__table__V                          
0801e824  ti_sysbios_timers_rti_Timer_Object__table__V                         
0801e860  ti_sysbios_family_arm_v7r_vim_Hwi_Module__state__V                   
0801e894  ti_sysbios_family_arm_v7r_vim_Hwi_Object__table__V                   
0801e8c0  ti_sysbios_knl_Clock_Module__state__V                                
0801e8ec  gUartSciFxnTable                                                     
0801e914  UART_config                                                          
0801e938  ti_sysbios_BIOS_Module__state__V                                     
0801e95c  gCanFdHwCfg                                                          
0801e97c  gQSPIFlashHwCfg                                                      
0801e980  gSOCHwAttrib                                                         
0801e9a0  xdc_runtime_Error_IgnoreBlock                                        
0801e9c0  xdc_runtime_System_Module_State_0_atexitHandlers__A                  
0801e9e0  ti_sysbios_knl_Swi_Module__state__V                                  
0801e9fc  ti_sysbios_heaps_HeapMem_Object__table__V                            
0801ea14  ti_sysbios_timers_rti_Timer_Module_State_0_device__A                 
0801ea2c  ti_sysbios_family_arm_exc_Exception_Module__state__V                 
0801ea40  DMA_defaultParams                                                    
0801ea50  gQSPIHwCfg                                                           
0801ea60  __TI_ft_end                                                          
0801ea64  __aeabi_stdin                                                        
0801ea68  __aeabi_stdout                                                       
0801ea6c  __aeabi_stderr                                                       
0801ea70  ti_sysbios_timers_rti_Timer_Module_State_0_intFreqs__A               
0801ea80  ti_sysbios_timers_rti_Timer_Module__state__V                         
0801ea90  gLastMsgFlag                                                         
0801ea94  gRxPkts                                                              
0801ea98  gErrStatusInt                                                        
0801ea9c  gPktsWrt                                                             
0801eaa0  __TI_cleanup_ptr                                                     
0801eaa4  __TI_dtors_ptr                                                       
0801eaa8  __TI_enable_exit_profile_output                                      
0801eaac  _lock                                                                
0801eab0  _unlock                                                              
0801eab4  QSPIFlash_deviceFxnTbl_macronix                                      
0801eabc  QSPIFlash_deviceFxnTbl_spansion                                      
0801eac4  ti_sysbios_family_arm_v7r_vim_Hwi_Module__root__V                    
0801eacc  ti_sysbios_gates_GateHwi_Module__root__V                             
0801ead4  ti_sysbios_gates_GateMutex_Module__root__V                           
0801eadc  ti_sysbios_hal_Hwi_Object__table__V                                  
0801eae4  ti_sysbios_heaps_HeapMem_Module__root__V                             
0801eaec  ti_sysbios_knl_Queue_Module__root__V                                 
0801eaf4  ti_sysbios_knl_Semaphore_Module__root__V                             
0801eafc  ti_sysbios_knl_Task_Module__root__V                                  
0801eb04  ti_sysbios_timers_rti_Timer_Module_State_0_handles__A                
0801eb0c  xdc_runtime_Registry_Module__state__V                                
0801eb14  xdc_runtime_Startup_Module__state__V                                 
0801eb1c  xdc_runtime_System_Module__state__V                                  
0801eb24  gCRCRegister                                                         
0801eb28  gPinmuxRegs                                                          
0801eb2c  gQSPIDriverPtr                                                       
0801eb34  errno                                                                
0801eb40  main_func_sp                                                         
0801eb44  ti_sysbios_family_arm_exc_Exception_Module_State_0_excContext__A     
0801eb48  ti_sysbios_family_arm_exc_Exception_Module_State_0_excStackBuffers__A
0801eb4c  ti_sysbios_family_arm_exc_Exception_Module_State_0_excStack__A       
0801eb50  ti_sysbios_gates_GateHwi_Object__table__V                            
0801eb54  ti_sysbios_heaps_HeapBuf_Module__state__V                            
0801eb58  ti_sysbios_knl_Task_Module_State_0_idleTask__A                       
0801eb5c  xdc_runtime_Memory_Module__state__V                                  
0801eb60  ti_sysbios_family_arm_exc_Exception_Module_State_0_excActive__A      
0801eb62  xdc_runtime_Error_Module__state__V                                   
0801eb68  ti_sysbios_family_arm_v7r_vim_Hwi_Module_State_0_fiqStack__A         
fffffdec  ti_sysbios_family_arm_v7r_vim_Hwi_vim                                
ffffffff  __TI_pprof_out_hndl                                                  
ffffffff  __TI_prof_data_size                                                  
ffffffff  __TI_prof_data_start                                                 
ffffffff  __binit__                                                            
ffffffff  __c_args__                                                           
ffffffff  binit                                                                
UNDEFED   SHT$$INIT_ARRAY$$Base                                                
UNDEFED   SHT$$INIT_ARRAY$$Limit                                               

[758 symbols]
