******************************************************************************
                  TI ARM Linker PC v16.9.6                     
******************************************************************************
>> Linked Tue Feb 22 14:29:44 2022

OUTPUT FILE NAME:   <xwr68xx_sbl_mss.xer4f>
ENTRY POINT SYMBOL: "_c_int00"  address: 0001149c


MEMORY CONFIGURATION

         name            origin    length      used     unused   attr    fill
----------------------  --------  ---------  --------  --------  ----  --------
  VECTORS               00000000   00000100  0000003c  000000c4     X
  PROG_RAM              00000100   0003ff00  00011776  0002e78a  RW X
  DATA_RAM              08000000   00030000  00021496  0000eb6a  RW X


SEGMENT ALLOCATION MAP

run origin  load origin   length   init length attrs members
----------  ----------- ---------- ----------- ----- -------
00000000    00000000    0000003c   0000003c    r--
  00000000    00000000    0000003c   0000003c    r-- .vecs
00011440    00011440    00000440   00000440    r-x
  00011440    00011440    000000e8   000000e8    r-x tcmalibs
  00011528    00011528    00000358   00000358    r-- .cinit
08000000    00000100    0000edf2   0000edf2    r-x
  08000000    00000100    0000edf2   0000edf2    r-x .text
0800edf8    0800edf8    00008000   00000000    rw-
  0800edf8    0800edf8    00008000   00000000    rw- systemHeap
08016e00    08016e00    00004d14   00000000    rw-
  08016e00    08016e00    00004d14   00000000    rw- .bss
0801bb18    0000eef8    00002544   00002544    r--
  0801bb18    0000eef8    00002544   00002544    r-- .const
0801e080    0801e080    00001c4c   00000000    rw-
  0801e080    0801e080    00001c4c   00000000    rw- .data
0801fce0    0801fce0    00001800   00000000    rw-
  0801fce0    0801fce0    00001000   00000000    rw- .stack
  08020ce0    08020ce0    00000800   00000000    rw- .myFiqStack


SECTION ALLOCATION MAP

 output                                  attributes/
section   page    origin      length       input sections
--------  ----  ----------  ----------   ----------------
.vecs      0    00000000    0000003c     
                  00000000    0000003c     sbl_per4ft.oer4ft (.vecs)

_appVecs   0    00000000    00000000     UNINITIALIZED

.text      0    00000100    0000edf2     RUN ADDR = 08000000
                  00000100    0000107a     rtsv7R4_T_le_v3D16_eabi.lib : _printfi.obj (.text)
                  0000117a    00000002     libcanfd_xwr68xx.aer4f : canfd_xwr68xx.oer4f (.text:MCAN_reset)
                  0000117c    00000547     image_validity.oer4f (.text:SBL_imageAuthentication)
                  000016c3    00000001     --HOLE-- [fill = 0]
                  000016c4    0000000c     transport.oer4f (.text:SBL_transportDeinit)
                  000016d0    000004e1     sysbios.aer4ft : BIOS.obj (.text:xdc_runtime_System_doPrint__I)
                  00001bb1    00000001     --HOLE-- [fill = 0]
                  00001bb2    00000002     libqspiflash_xwr68xx.aer4f : qspiflash.oer4f (.text:QSPIFlash_init)
                  00001bb4    00000458     sbl.oer4f (.text:SBL_initTask)
                  0000200c    00000450     transport.oer4f (.text:SBL_transportDownloadFile)
                  0000245c    000003fc     image_parser.oer4f (.text:SBL_imageParser)
                  00002858    000003c4     metaheader_parser.oer4f (.text:SBL_metaHeaderParser)
                  00002c1c    00000314     libsoc_xwr68xx.aer4f : soc_xwr68xx_mss.oer4f (.text:SOC_deviceInit)
                  00002f30    000002e4     sysbios.aer4ft : BIOS.obj (.text:ti_sysbios_knl_Semaphore_pend__E)
                  00003214    000002cc     sbl.oer4f (.text:SBL_imageLoader)
                  000034e0    000002b8     rtsv7R4_T_le_v3D16_eabi.lib : ull_div32.obj (.text)
                  00003798    000002b0     libdma_xwr68xx.aer4f : dma.oer4f (.text:DMA_open)
                  00003a48    000002a8     libcanfd_xwr68xx.aer4f : mcan.oer4f (.text:MCAN_msgRAMConfig)
                  00003cf0    000002a8     transport.oer4f (.text:SBL_transportInit)
                  00003f98    00000008     libosal_xwr68xx.aer4f : HwiP_tirtos.oer4f (.text:HwiP_disable)
                  00003fa0    000002a4     sysbios.aer4ft : BIOS.obj (.text:ti_sysbios_heaps_HeapMem_freeUnprotected__E)
                  00004244    0000000c     libuart_xwr68xx.aer4f : UART.oer4f (.text:UART_Params_init)
                  00004250    00000280     sysbios.aer4ft : BIOS.obj (.text:ti_sysbios_family_arm_exc_Exception_excDumpContext__I)
                  000044d0    0000026c     libqspiflash_xwr68xx.aer4f : qspiflash.oer4f (.text:QSPIFlash_open)
                  0000473c    00000240     libcanfd_xwr68xx.aer4f : canfd.oer4f (.text:CANFD_init)
                  0000497c    00000004     libosal_xwr68xx.aer4f : HwiP_tirtos.oer4f (.text:HwiP_disableInterrupt)
                  00004980    0000022c     sysbios.aer4ft : BIOS.obj (.text:ti_sysbios_knl_Task_Instance_finalize__E)
                  00004bac    00000004     libcanfd_xwr68xx.aer4f : canfd_xwr68xx.oer4f (.text:MCAN_isInReset)
                  00004bb0    00000228     sysbios.aer4ft : BIOS.obj (.text:ti_sysbios_heaps_HeapMem_allocUnprotected__E)
                  00004dd8    00000214     libuart_xwr68xx.aer4f : uartsci.oer4f (.text:UartSci_open)
                  00004fec    00000200     libcrc_xwr68xx.aer4f : crc.oer4f (.text:CRC_open)
                  000051ec    000001f0     libdma_xwr68xx.aer4f : dma.oer4f (.text:DMA_setChannelParams)
                  000053dc    00000004     sbl_per4ft.oer4ft (.text:ti_sysbios_BIOS_RtsGateProxy_enter__E)
                  000053e0    000001d8     sysbios.aer4ft : BIOS.obj (.text:ti_sysbios_knl_Task_Module_startup__E)
                  000055b8    000001d4     multicoreimage_parser.oer4f (.text:SBL_multicoreImageParser)
                  0000578c    000001c8     rtsv7R4_T_le_v3D16_eabi.lib : fopen.obj (.text)
                  00005954    0000000c     libuart_xwr68xx.aer4f : uartsci_dma.oer4f (.text:UartSci_isDMAEnabled)
                  00005960    000001c8     sysbios.aer4ft : BIOS.obj (.text:ti_sysbios_knl_Task_Instance_init__E)
                  00005b28    000001a4     libcanfd_xwr68xx.aer4f : canfd.oer4f (.text:CANFD_MCANInt0Isr)
                  00005ccc    0000017c                            : canfd.oer4f (.text:CANFD_createMsgObject)
                  00005e48    00000008     libosal_xwr68xx.aer4f : SemaphoreP_tirtos.oer4f (.text:SemaphoreP_Params_init)
                  00005e50    0000017c     sysbios.aer4ft : BIOS.obj (.text:ti_sysbios_family_arm_exc_Exception_excHandler__I)
                  00005fcc    00000170     libgpio_xwr68xx.aer4f : gpio.oer4f (.text:GPIO_setConfig)
                  0000613c    00000168     transport.oer4f (.text:sblDataCallback)
                  000062a4    00000160     libqspi_xwr68xx.aer4f : qspi.oer4f (.text:QSPI_open)
                  00006404    0000000c     sysbios.aer4ft : arm_IntrinsicsSupport_asm.obj (.text:_ti_sysbios_family_arm_IntrinsicsSupport_maxbitA)
                  00006410    00000160                    : BIOS.obj (.text:ti_sysbios_family_arm_v7r_vim_Hwi_reconfig__E)
                  00006570    00000158     libcanfd_xwr68xx.aer4f : mcan.oer4f (.text:MCAN_config)
                  000066c8    0000014c                            : mcan.oer4f (.text:MCAN_readMsgRam)
                  00006814    0000014a     libuart_xwr68xx.aer4f : uartsci.oer4f (.text:UartSci_ISR)
                  0000695e    00000002     libqspi_xwr68xx.aer4f : qspi.oer4f (.text:QSPI_init)
                  00006960    00000144     libcanfd_xwr68xx.aer4f : mcan.oer4f (.text:MCAN_init)
                  00006aa4    00000144     libqspiflash_xwr68xx.aer4f : qspiflash.oer4f (.text:QSPIFlash_sysDmaRead)
                  00006be8    00000006     libosal_xwr68xx.aer4f : HwiP_tirtos.oer4f (.text:HwiP_restore)
                  00006bee    00000002     libuart_xwr68xx.aer4f : uartsci.oer4f (.text:UartSci_init)
                  00006bf0    00000144     sysbios.aer4ft : BIOS.obj (.text:ti_sysbios_timers_rti_Timer_Module_startup__E)
                  00006d34    00000140     sbl_xwr68xx.oer4f (.text:SBL_calculateImageOffset)
                  00006e74    0000000c     rtsv7R4_T_le_v3D16_eabi.lib : copy_zero_init.obj (.text:decompress:ZI)
                  00006e80    00000140     sysbios.aer4ft : BIOS.obj (.text:ti_sysbios_heaps_HeapMem_Instance_init__E)
                  00006fc0    00000140                    : BIOS.obj (.text:xdc_runtime_Core_createObject__I)
                  00007100    0000013c                    : BIOS.obj (.text:ti_sysbios_family_arm_v7r_vim_Hwi_dispatchIRQC__I)
                  0000723c    00000138     rtsv7R4_T_le_v3D16_eabi.lib : fputs.obj (.text)
                  00007374    0000000c     sbl_per4ft.oer4ft (.text:ti_sysbios_knl_Queue_Object__get__S)
                  00007380    00000134     sysbios.aer4ft : BIOS.obj (.text:xdc_runtime_Startup_startMods__I)
                  000074b4    0000000a     libosal_xwr68xx.aer4f : MemoryP_tirtos.oer4f (.text:MemoryP_ctrlFree)
                  000074be    00000002     rtsv7R4_T_le_v3D16_eabi.lib : i_div0.obj (.text)
                  000074c0    00000130     sysbios.aer4ft : BIOS.obj (.text:xdc_runtime_Error_policyDefault__E)
                  000075f0    00000128     image_validity.oer4f (.text:SBL_decryptImage)
                  00007718    00000128     image_validity.oer4f (.text:SBL_imageValidationCheck)
                  00007840    0000011c     libcanfd_xwr68xx.aer4f : canfd.oer4f (.text:CANFD_transmitData)
                  0000795c    00000114     libsoc_xwr68xx.aer4f : soc_xwr68xx_mss.oer4f (.text:SOC_setPeripheralClock)
                  00007a70    00000110     libcanfd_xwr68xx.aer4f : mcan.oer4f (.text:MCAN_writeMsgRam)
                  00007b80    0000010c     sysbios.aer4ft : BIOS.obj (.text:xdc_runtime_Core_constructObject__I)
                  00007c8c    00000108     libdma_xwr68xx.aer4f : dma.oer4f (.text:DMA_disableInterrupt)
                  00007d94    00000104     libcanfd_xwr68xx.aer4f : mcan.oer4f (.text:MCAN_setBitTime)
                  00007e98    00000104     sbl_xwr68xx.oer4f (.text:SBL_mpuConfigDefault)
                  00007f9c    00000004     sbl_per4ft.oer4ft (.text:ti_sysbios_BIOS_RtsGateProxy_leave__E)
                  00007fa0    00000104     sysbios.aer4ft : BIOS.obj (.text:ti_sysbios_timers_rti_Timer_getFreq__E)
                  000080a4    00000100     libdma_xwr68xx.aer4f : dma.oer4f (.text:DMA_clearChannelInterruptFlag)
                  000081a4    000000fc     libcrc_xwr68xx.aer4f : crc.oer4f (.text:CRC_computeSignature)
                  000082a0    000000f8     sbl_per4ft.oer4ft (.text:xdc_runtime_System_printfExtend__I)
                  00008398    000000ec     rtsv7R4_T_le_v3D16_eabi.lib : s_scalbn.obj (.text)
                  00008484    0000000a     libosal_xwr68xx.aer4f : SemaphoreP_tirtos.oer4f (.text:SemaphoreP_post)
                  0000848e    00000002     sbl_per4ft.oer4ft (.text:ti_sysbios_BIOS_nullFunc__I)
                  00008490    000000ec     sysbios.aer4ft : BIOS.obj (.text:ti_sysbios_heaps_HeapBuf_Module_startup__E)
                  0000857c    00000004     sbl_per4ft.oer4ft (.text:ti_sysbios_family_arm_TaskSupport_Module__startupDone__S)
                  00008580    000000e8     sysbios.aer4ft : BIOS.obj (.text:ti_sysbios_family_arm_v7r_vim_Hwi_Instance_init__E)
                  00008668    000000e0     libdma_xwr68xx.aer4f : dma.oer4f (.text:DMA_enableInterrupt)
                  00008748    000000de     sbl.oer4f (.text:SBL_imageFlasher)
                  00008826    000000dc     sbl_xwr68xx.oer4f (.text:SBL_platformInit)
                  00008902    00000002     --HOLE-- [fill = 0]
                  00008904    000000dc     rtsv7R4_T_le_v3D16_eabi.lib : setvbuf.obj (.text)
                  000089e0    000000dc     sysbios.aer4ft : BIOS.obj (.text:ti_sysbios_knl_Semaphore_post__E)
                  00008abc    000000d4     libqspiflash_xwr68xx.aer4f : qspiflash.oer4f (.text:QSPIFlash_singleWrite)
                  00008b90    000000d0     sysbios.aer4ft : exc_Exception_asm.obj (.text:ti_sysbios_family_arm_exc_Exception_excHandlerAsm__I)
                  00008c60    000000cc     rtsv7R4_T_le_v3D16_eabi.lib : fflush.obj (.text)
                  00008d2c    00000004     sbl_per4ft.oer4ft (.text:ti_sysbios_family_arm_v7r_vim_Hwi_delete)
                  00008d30    000000cc     sysbios.aer4ft : BIOS.obj (.text:ti_sysbios_knl_Task_checkStacks__E)
                  00008dfc    000000c8     libsoc_xwr68xx.aer4f : soc_xwr68xx.oer4f (.text:SOC_ungateClock)
                  00008ec4    0000000a     libuart_xwr68xx.aer4f : UART.oer4f (.text:UART_close)
                  00008ece    00000002     --HOLE-- [fill = 0]
                  00008ed0    000000c4     sysbios.aer4ft : BIOS.obj (.text:ti_sysbios_family_arm_v7r_vim_Hwi_Module_startup__E)
                  00008f94    0000000a     libuart_xwr68xx.aer4f : UART.oer4f (.text:UART_read)
                  00008f9e    00000002     --HOLE-- [fill = 0]
                  00008fa0    000000c4     sysbios.aer4ft : BIOS.obj (.text:ti_sysbios_knl_Task_postInit__I)
                  00009064    0000000a     libuart_xwr68xx.aer4f : UART.oer4f (.text:UART_writePolling)
                  0000906e    00000002     --HOLE-- [fill = 0]
                  00009070    000000c0     sysbios.aer4ft : BIOS.obj (.text:ti_sysbios_timers_rti_Timer_startup__E)
                  00009130    000000bc     libgpio_xwr68xx.aer4f : gpio.oer4f (.text:GPIO_write)
                  000091ec    000000bc     buffer_mgmt.oer4f (.text:SBL_bufferMgmt)
                  000092a8    000000bc     rtsv7R4_T_le_v3D16_eabi.lib : open.obj (.text)
                  00009364    000000b8     transport.oer4f (.text:Can_Transmit_Schedule)
                  0000941c    000000b8     libdma_xwr68xx.aer4f : dma.oer4f (.text:DMA_getChannelInterruptFlag)
                  000094d4    000000b6     libsoc_xwr68xx.aer4f : soc_mpu.o (.text)
                  0000958a    00000004     sbl_per4ft.oer4ft (.text:ti_sysbios_heaps_HeapMem_Module_GateProxy_enter__E)
                  0000958e    00000002     --HOLE-- [fill = 0]
                  00009590    000000b4     sysbios.aer4ft : BIOS.obj (.text:ti_sysbios_gates_GateMutex_enter__E)
                  00009644    000000b2     libuart_xwr68xx.aer4f : uartsci_dma.oer4f (.text:UartSci_openDMA)
                  000096f6    0000000a     sbl_per4ft.oer4ft (.text:xdc_runtime_IHeap_alloc)
                  00009700    000000b0     sysbios.aer4ft : BIOS.obj (.text:ti_sysbios_knl_Swi_restoreHwi__E)
                  000097b0    000000b0                    : BIOS.obj (.text:xdc_runtime_Text_putMod__E)
                  00009860    000000ae     rtsv7R4_T_le_v3D16_eabi.lib : _io_perm.obj (.text)
                  0000990e    00000002     --HOLE-- [fill = 0]
                  00009910    000000a8     libcanfd_xwr68xx.aer4f : canfd.oer4f (.text:CANFD_configBitTime)
                  000099b8    000000a8     libpinmux_xwr68xx.aer4f : pinmux.oer4f (.text:Pinmux_Set_OverrideCtrl)
                  00009a60    000000a4     libdma_xwr68xx.aer4f : dma.oer4f (.text:DMA_assignChannel)
                  00009b04    000000a4     libsoc_xwr68xx.aer4f : soc_xwr68xx_mss.oer4f (.text:SOC_unhaltDSS)
                  00009ba8    00000004     sbl_per4ft.oer4ft (.text:ti_sysbios_heaps_HeapMem_Module_GateProxy_leave__E)
                  00009bac    00000004     sbl_per4ft.oer4ft (.text:ti_sysbios_knl_Clock_TimerProxy_getMaxTicks__E)
                  00009bb0    000000a2     sysbios.aer4ft : BIOS.obj (.text:xdc_runtime_Text_putSite__E)
                  00009c52    00000002     --HOLE-- [fill = 0]
                  00009c54    000000a0     libqspiflash_xwr68xx.aer4f : qspiflash.oer4f (.text:QSPIFlash_configMmapRead)
                  00009cf4    000000a0                                : qspiflash_device_macronix.oer4f (.text:QSPIFlash_macronix_progQuadRead)
                  00009d94    000000a0     sbl.oer4f (.text:SBL_init)
                  00009e34    000000a0     auto_init.aer4ft : auto_init.oer4ft (.text)
                  00009ed4    0000009c     libqspiflash_xwr68xx.aer4f : qspiflash_device_spansion.oer4f (.text:QSPIFlash_spansion_progQuadRead)
                  00009f70    0000009c     libuart_xwr68xx.aer4f : uartsci.oer4f (.text:UartSci_write)
                  0000a00c    0000009c     rtsv7R4_T_le_v3D16_eabi.lib : memcpy_t2.obj (.text)
                  0000a0a8    00000004     sbl_per4ft.oer4ft (.text:ti_sysbios_knl_Semaphore_delete)
                  0000a0ac    00000004     sbl_per4ft.oer4ft (.text:xdc_runtime_System_Module_GateProxy_enter__E)
                  0000a0b0    0000009c     sysbios.aer4ft : BIOS.obj (.text:ti_sysbios_family_arm_v7r_vim_Hwi_initIntController__I)
                  0000a14c    00000004     sbl_per4ft.oer4ft (.text:xdc_runtime_System_Module_GateProxy_leave__E)
                  0000a150    0000009c     sysbios.aer4ft : BIOS.obj (.text:ti_sysbios_family_arm_v7r_vim_Hwi_mapChannel__I)
                  0000a1ec    00000004     --HOLE-- [fill = 0]
                  0000a1f0    0000009c                    : BIOS.obj (.text:ti_sysbios_knl_Semaphore_Instance_init__E)
                  0000a28c    00000004     --HOLE-- [fill = 0]
                  0000a290    0000009c                    : BIOS.obj (.text:ti_sysbios_knl_Swi_runLoop__I)
                  0000a32c    00000098     libcanfd_xwr68xx.aer4f : canfd.oer4f (.text:CANFD_configMessageRAM)
                  0000a3c4    00000098     rtsv7R4_T_le_v3D16_eabi.lib : fclose.obj (.text)
                  0000a45c    00000098                                 : fputc.obj (.text)
                  0000a4f4    00000098     sysbios.aer4ft : vim_Hwi_asm_switch.obj (.text)
                  0000a58c    00000096     libuart_xwr68xx.aer4f : uartsci.oer4f (.text:UartSci_readChar)
                  0000a622    00000002     --HOLE-- [fill = 0]
                  0000a624    00000094     libsoc_xwr68xx.aer4f : soc_xwr68xx.oer4f (.text:SOC_gateClock)
                  0000a6b8    00000094     sysbios.aer4ft : vim_Hwi_asm.obj (.text:ti_sysbios_family_arm_v7r_vim_Hwi_dispatchIRQ__I)
                  0000a74c    00000090     libgpio_xwr68xx.aer4f : gpio.oer4f (.text:GPIO_init)
                  0000a7dc    00000090     libsoc_xwr68xx.aer4f : soc_xwr68xx_mss.oer4f (.text:SOC_initPeripheralRam)
                  0000a86c    00000090     libuart_xwr68xx.aer4f : uartsci_dma.oer4f (.text:UartSci_initiateTxDMA)
                  0000a8fc    00000090                           : uartsci.oer4f (.text:UartSci_read)
                  0000a98c    0000008c     libdma_xwr68xx.aer4f : dma.oer4f (.text:DMA_deleteInstance)
                  0000aa18    0000008c     libcanfd_xwr68xx.aer4f : mcan.oer4f (.text:MCAN_writeRxFIFOAck)
                  0000aaa4    0000008c     libsoc_xwr68xx.aer4f : soc.oer4f (.text:SOC_init)
                  0000ab30    0000008c     libuart_xwr68xx.aer4f : uartsci_dma.oer4f (.text:UartSci_initiateRxDMA)
                  0000abbc    00000004     --HOLE-- [fill = 0]
                  0000abc0    0000008c     sysbios.aer4ft : BIOS.obj (.text:ti_sysbios_family_arm_v7r_vim_Hwi_Instance_finalize__E)
                  0000ac4c    00000004     --HOLE-- [fill = 0]
                  0000ac50    0000008c                    : BIOS.obj (.text:xdc_runtime_Memory_alloc__E)
                  0000acdc    00000088     rtsv7R4_T_le_v3D16_eabi.lib : vsnprintf.obj (.text)
                  0000ad64    00000084     sbl_xwr68xx.oer4f (.text:SBL_mpuConfigBSS)
                  0000ade8    00000080     libuart_xwr68xx.aer4f : uartsci.oer4f (.text:UartSci_writePolling)
                  0000ae68    00000008     main.oer4f (.tramp.main.1)
                  0000ae70    00000080     sysbios.aer4ft : BIOS.obj (.text:ti_sysbios_timers_rti_Timer_initDevice__I)
                  0000aef0    0000007e     libosal_xwr68xx.aer4f : HwiP_tirtos.oer4f (.text:HwiP_create)
                  0000af6e    00000002     --HOLE-- [fill = 0]
                  0000af70    0000007c     libuart_xwr68xx.aer4f : uartsci.oer4f (.text:UartSci_readPolling)
                  0000afec    0000007c     sysbios.aer4ft : arm_TaskSupport_asm.obj (.text:_ti_sysbios_family_arm_TaskSupport_buildTaskStack)
                  0000b068    00000008     --HOLE-- [fill = 0]
                  0000b070    0000007c                    : BIOS.obj (.text:ti_sysbios_knl_Clock_workFunc__E)
                  0000b0ec    00000004     --HOLE-- [fill = 0]
                  0000b0f0    0000007c                    : BIOS.obj (.text:xdc_runtime_Core_deleteObject__I)
                  0000b16c    0000007a     rtsv7R4_T_le_v3D16_eabi.lib : memset_t2.obj (.text)
                  0000b1e6    00000002     --HOLE-- [fill = 0]
                  0000b1e8    00000078     libcanfd_xwr68xx.aer4f : canfd.oer4f (.text:CANFD_getData)
                  0000b260    00000078     libqspiflash_xwr68xx.aer4f : qspiflash.oer4f (.text:QSPIFlash_mmapRead)
                  0000b2d8    00000078                                : qspiflash.oer4f (.text:QSPIFlash_sectorErase)
                  0000b350    00000078     libqspi_xwr68xx.aer4f : qspi.oer4f (.text:QSPI_cfgRead)
                  0000b3c8    00000077                           : qspi.oer4f (.text:QSPI_memAccessCfg)
                  0000b43f    00000001     --HOLE-- [fill = 0]
                  0000b440    00000074     rtsv7R4_T_le_v3D16_eabi.lib : getdevice.obj (.text)
                  0000b4b4    00000074                                 : s_frexp.obj (.text)
                  0000b528    00000070     libcanfd_xwr68xx.aer4f : mcan.oer4f (.text:MCAN_eccEnableIntr)
                  0000b598    00000070     rtsv7R4_T_le_v3D16_eabi.lib : printf.obj (.text)
                  0000b608    00000008     --HOLE-- [fill = 0]
                  0000b610    00000070     sysbios.aer4ft : BIOS.obj (.text:ti_sysbios_knl_Task_exit__E)
                  0000b680    00000070                    : BIOS.obj (.text:xdc_runtime_Error_print__E)
                  0000b6f0    00000070                    : BIOS.obj (.text:xdc_runtime_Text_visitRope2__I)
                  0000b760    0000006e     libdma_xwr68xx.aer4f : dma.oer4f (.text:DMA_btcISR)
                  0000b7ce    00000002     --HOLE-- [fill = 0]
                  0000b7d0    0000006c                          : dma.oer4f (.text:DMA_disableChannel)
                  0000b83c    0000006c                          : dma.oer4f (.text:DMA_enableChannel)
                  0000b8a8    0000006c     libpinmux_xwr68xx.aer4f : pinmux.oer4f (.text:Pinmux_Set_FuncSel)
                  0000b914    0000006c     libqspiflash_xwr68xx.aer4f : qspiflash.oer4f (.text:QSPIFlashReadSFDP)
                  0000b980    0000006c     libqspi_xwr68xx.aer4f : qspi.oer4f (.text:QSPI_cfgWrite)
                  0000b9ec    0000006c     rtsv7R4_T_le_v3D16_eabi.lib : copy_decompress_lzss.obj (.text:decompress:lzss)
                  0000ba58    0000006c                                 : trgmsg.obj (.text)
                  0000bac4    0000006a     libdma_xwr68xx.aer4f : dma.oer4f (.text:DMA_berISR)
                  0000bb2e    00000002     --HOLE-- [fill = 0]
                  0000bb30    0000006a                          : dma.oer4f (.text:DMA_ftcISR)
                  0000bb9a    00000002     --HOLE-- [fill = 0]
                  0000bb9c    0000006a                          : dma.oer4f (.text:DMA_hbcISR)
                  0000bc06    00000002     --HOLE-- [fill = 0]
                  0000bc08    0000006a                          : dma.oer4f (.text:DMA_lfsISR)
                  0000bc72    0000006a     libuart_xwr68xx.aer4f : uartsci.oer4f (.text:UartSci_control)
                  0000bcdc    00000068     libcanfd_xwr68xx.aer4f : canfd.oer4f (.text:CANFD_processFIFOElements)
                  0000bd44    00000068     rtsv7R4_T_le_v3D16_eabi.lib : hostlseek.obj (.text)
                  0000bdac    00000068                                 : hostrename.obj (.text)
                  0000be14    00000064     libcanfd_xwr68xx.aer4f : mcan.oer4f (.text:MCAN_getTxBufCancellationIntrEnable)
                  0000be78    00000064                            : mcan.oer4f (.text:MCAN_txBufTransIntrEnable)
                  0000bedc    00000064     libqspi_xwr68xx.aer4f : qspi.oer4f (.text:QSPI_close)
                  0000bf40    00000064     image_parser.oer4f (.text:SBL_parserInitialization)
                  0000bfa4    00000064     libosal_xwr68xx.aer4f : SemaphoreP_tirtos.oer4f (.text:SemaphoreP_create)
                  0000c008    00000064     rtsv7R4_T_le_v3D16_eabi.lib : fseek.obj (.text)
                  0000c06c    00000064     sysbios.aer4ft : exc_Exception_asm.obj (.text:ti_sysbios_family_arm_exc_Exception_initCore0__I)
                  0000c0d0    00000064                    : BIOS.obj (.text:ti_sysbios_family_arm_v7r_vim_Hwi_phantomIntHandler__I)
                  0000c134    0000000a                    : tms570_Core_asm.obj (.text:ti_sysbios_family_arm_v7r_tms570_Core_getId__E)
                  0000c13e    00000002     --HOLE-- [fill = 0]
                  0000c140    00000064                    : BIOS.obj (.text:ti_sysbios_knl_Task_schedule__I)
                  0000c1a4    0000000a     sbl_per4ft.oer4ft (.text:xdc_runtime_IHeap_free)
                  0000c1ae    00000002     --HOLE-- [fill = 0]
                  0000c1b0    00000064     sysbios.aer4ft : BIOS.obj (.text:xdc_runtime_Startup_exec__E)
                  0000c214    0000000c     --HOLE-- [fill = 0]
                  0000c220    00000060                    : BIOS.obj (.text:ti_sysbios_heaps_HeapMem_alloc__E)
                  0000c280    00000060                    : BIOS.obj (.text:xdc_runtime_Assert_raise__I)
                  0000c2e0    0000005f                    : BIOS.obj (.text:xdc_runtime_Text_putLab__E)
                  0000c33f    00000001     --HOLE-- [fill = 0]
                  0000c340    0000005e     libuart_xwr68xx.aer4f : uartsci.oer4f (.text:UartSci_writeChar)
                  0000c39e    0000005c     libcanfd_xwr68xx.aer4f : canfd.oer4f (.text:CANFD_MCANInt1Isr)
                  0000c3fa    00000002     --HOLE-- [fill = 0]
                  0000c3fc    0000005c                            : mcan.oer4f (.text:MCAN_eccConfig)
                  0000c458    0000005c                            : mcan.oer4f (.text:MCAN_getRxFIFOStatus)
                  0000c4b4    0000005c     libqspiflash_xwr68xx.aer4f : qspiflash.oer4f (.text:QSPIFlashGetDeviceID)
                  0000c510    0000005c     rtsv7R4_T_le_v3D16_eabi.lib : hostopen.obj (.text)
                  0000c56c    0000005c                                 : hostread.obj (.text)
                  0000c5c8    00000008     --HOLE-- [fill = 0]
                  0000c5d0    0000005c     sysbios.aer4ft : BIOS.obj (.text:ti_sysbios_knl_Swi_schedule__I)
                  0000c62c    0000005a     libuart_xwr68xx.aer4f : uartsci.oer4f (.text:UartSci_readCancel)
                  0000c686    00000058                           : uartsci_dma.oer4f (.text:UartSci_closeDMA)
                  0000c6de    00000002     --HOLE-- [fill = 0]
                  0000c6e0    00000058     rtsv7R4_T_le_v3D16_eabi.lib : close.obj (.text)
                  0000c738    00000058                                 : hostwrite.obj (.text)
                  0000c790    00000054     libcrc_xwr68xx.aer4f : crc.oer4f (.text:CRC_getTransactionId)
                  0000c7e4    00000054     libdma_xwr68xx.aer4f : dma.oer4f (.text:DMA_freeChannel)
                  0000c838    00000054     libcanfd_xwr68xx.aer4f : mcan.oer4f (.text:MCAN_eccClearErrorStatus)
                  0000c88c    00000054     libqspiflash_xwr68xx.aer4f : qspiflash.oer4f (.text:QSPIFlash_writeEnable)
                  0000c8e0    00000054     transport.oer4f (.text:SBL_transportConfig)
                  0000c934    00000054     rtsv7R4_T_le_v3D16_eabi.lib : ltoa.obj (.text)
                  0000c988    00000054     sbl_per4ft.oer4ft (.text:ti_sysbios_family_arm_v7r_vim_Hwi_create)
                  0000c9dc    00000004     --HOLE-- [fill = 0]
                  0000c9e0    00000054     sysbios.aer4ft : BIOS.obj (.text:ti_sysbios_heaps_HeapMem_getStats__E)
                  0000ca34    0000000c     --HOLE-- [fill = 0]
                  0000ca40    00000054                    : BIOS.obj (.text:ti_sysbios_knl_Task_startCore__E)
                  0000ca94    0000000c     --HOLE-- [fill = 0]
                  0000caa0    00000054                    : BIOS.obj (.text:xdc_runtime_Core_assignLabel__I)
                  0000caf4    00000050     libcrc_xwr68xx.aer4f : crc.oer4f (.text:CRC_getSignature)
                  0000cb44    00000050     rtsv7R4_T_le_v3D16_eabi.lib : atoi.obj (.text)
                  0000cb94    00000050                                 : exit.obj (.text)
                  0000cbe4    00000050                                 : u_div32.obj (.text)
                  0000cc34    0000000c     --HOLE-- [fill = 0]
                  0000cc40    00000050     sysbios.aer4ft : BIOS.obj (.text:ti_sysbios_timers_rti_Timer_setPeriodMicroSecs__E)
                  0000cc90    00000050                    : BIOS.obj (.text:xdc_runtime_System_exit__E)
                  0000cce0    0000004c     libcanfd_xwr68xx.aer4f : mcan.oer4f (.text:MCAN_enableIntr)
                  0000cd2c    0000004c                            : mcan.oer4f (.text:MCAN_selectIntrLine)
                  0000cd78    0000004c     libqspiflash_xwr68xx.aer4f : qspiflash.oer4f (.text:QSPIFlashSysDmaIntHandler)
                  0000cdc4    0000004c                                : qspiflash_device_macronix.oer4f (.text:QSPIFlash_macronix_init)
                  0000ce10    0000004c     libuart_xwr68xx.aer4f : uartsci.oer4f (.text:UartSci_writeCancel)
                  0000ce5c    0000004c     rtsv7R4_T_le_v3D16_eabi.lib : cpy_tbl.obj (.text)
                  0000cea8    00000008     --HOLE-- [fill = 0]
                  0000ceb0    0000004c     sysbios.aer4ft : BIOS.obj (.text:ti_sysbios_family_arm_v7r_vim_Hwi_getStackInfo__E)
                  0000cefc    0000004c     sbl_per4ft.oer4ft (.text:ti_sysbios_knl_Task_create)
                  0000cf48    00000008     --HOLE-- [fill = 0]
                  0000cf50    0000004a     sysbios.aer4ft : BIOS.obj (.text:xdc_runtime_Core_assignParams__I)
                  0000cf9a    00000006     --HOLE-- [fill = 0]
                  0000cfa0    0000004a                    : BIOS.obj (.text:xdc_runtime_Text_xprintf__I)
                  0000cfea    00000044     libcrc_xwr68xx.aer4f : crc.oer4f (.text:CRC_resetSignature)
                  0000d02e    00000002     --HOLE-- [fill = 0]
                  0000d030    00000044     libcanfd_xwr68xx.aer4f : mcan.oer4f (.text:MCAN_eccGetErrorStatus)
                  0000d074    00000044     libsoc_xwr68xx.aer4f : soc_xwr68xx_mss.oer4f (.text:SOC_resetDMA)
                  0000d0b8    00000044     rtsv7R4_T_le_v3D16_eabi.lib : hostclose.obj (.text)
                  0000d0fc    00000044                                 : hostunlink.obj (.text)
                  0000d140    00000044     sysbios.aer4ft : BIOS.obj (.text:ti_sysbios_family_arm_v7r_tms570_Core_Module_startup__E)
                  0000d184    0000000c     --HOLE-- [fill = 0]
                  0000d190    00000044                    : BIOS.obj (.text:ti_sysbios_knl_Task_allBlockedFunction__I)
                  0000d1d4    0000000c     --HOLE-- [fill = 0]
                  0000d1e0    00000044                    : BIOS.obj (.text:xdc_runtime_System_atexit__E)
                  0000d224    00000040     libcanfd_xwr68xx.aer4f : mcan.oer4f (.text:MCAN_addExtMsgIDFilter)
                  0000d264    00000040                            : mcan.oer4f (.text:MCAN_addStdMsgIDFilter)
                  0000d2a4    00000040                            : mcan.oer4f (.text:MCAN_txBufAddReq)
                  0000d2e4    00000040     libqspiflash_xwr68xx.aer4f : qspiflash.oer4f (.text:QSPIFlash_progQuadRead)
                  0000d324    00000040                                : qspiflash_device_spansion.oer4f (.text:QSPIFlash_spansion_init)
                  0000d364    0000000c     --HOLE-- [fill = 0]
                  0000d370    00000040     sysbios.aer4ft : BIOS.obj (.text:ti_sysbios_family_arm_v7r_vim_Hwi_setType__E)
                  0000d3b0    00000040                    : BIOS.obj (.text:ti_sysbios_knl_Swi_post__E)
                  0000d3f0    00000040                    : BIOS.obj (.text:ti_sysbios_timers_rti_Timer_stop__E)
                  0000d430    0000003e     libcrc_xwr68xx.aer4f : crc.oer4f (.text:CSL_FINSR)
                  0000d46e    0000003e     libdma_xwr68xx.aer4f : dma.oer4f (.text:CSL_FINSR)
                  0000d4ac    0000003e     libgpio_xwr68xx.aer4f : gpio.oer4f (.text:CSL_FINSR)
                  0000d4ea    0000003e     libpinmux_xwr68xx.aer4f : pinmux.oer4f (.text:CSL_FINSR)
                  0000d528    0000003e     libqspi_xwr68xx.aer4f : qspi.oer4f (.text:CSL_FINSR)
                  0000d566    0000003e     libsoc_xwr68xx.aer4f : soc.oer4f (.text:CSL_FINSR)
                  0000d5a4    0000003e                          : soc_xwr68xx.oer4f (.text:CSL_FINSR)
                  0000d5e2    0000003e                          : soc_xwr68xx_mss.oer4f (.text:CSL_FINSR)
                  0000d620    0000003e     libuart_xwr68xx.aer4f : uartsci.oer4f (.text:CSL_FINSR)
                  0000d65e    0000003e                           : uartsci.oer4f (.text:UartSci_close)
                  0000d69c    0000003c     libcanfd_xwr68xx.aer4f : mcan.oer4f (.text:MCAN_clearNewDataStatus)
                  0000d6d8    0000003c                            : mcan.oer4f (.text:MCAN_eccWriteEOI)
                  0000d714    0000003c                            : mcan.oer4f (.text:MCAN_enableIntrLine)
                  0000d750    0000003c                            : mcan.oer4f (.text:MCAN_getNewDataStatus)
                  0000d78c    0000003c     libqspiflash_xwr68xx.aer4f : qspiflash.oer4f (.text:QSPIFlash_close)
                  0000d7c8    0000003c     transport.oer4f (.text:SBL_printf)
                  0000d804    0000003c     buffer_mgmt.oer4f (.text:SBL_resetBuffers)
                  0000d840    0000003c     libsoc_xwr68xx.aer4f : soc.oer4f (.text:SOC_unhaltBSS)
                  0000d87c    0000003c     sysbios.aer4ft : vim_Hwi_asm.obj (.text:ti_sysbios_family_arm_v7r_vim_Hwi_init__I)
                  0000d8b8    00000008     --HOLE-- [fill = 0]
                  0000d8c0    0000003c                    : BIOS.obj (.text:ti_sysbios_hal_Hwi_checkStack)
                  0000d8fc    00000004     --HOLE-- [fill = 0]
                  0000d900    0000003c                    : BIOS.obj (.text:ti_sysbios_heaps_HeapMem_init__I)
                  0000d93c    00000004     --HOLE-- [fill = 0]
                  0000d940    0000003c                    : BIOS.obj (.text:ti_sysbios_knl_Swi_startup__E)
                  0000d97c    00000004     --HOLE-- [fill = 0]
                  0000d980    0000003c                    : BIOS.obj (.text:ti_sysbios_timers_rti_Timer_setPeriod__E)
                  0000d9bc    0000003a     libosal_xwr68xx.aer4f : HwiP_tirtos.oer4f (.text:HwiP_delete)
                  0000d9f6    00000002     --HOLE-- [fill = 0]
                  0000d9f8    00000038     libcanfd_xwr68xx.aer4f : mcan.oer4f (.text:MCAN_eccLoadRegister)
                  0000da30    00000038     libsoc_xwr68xx.aer4f : soc_xwr68xx_mss.oer4f (.text:SOC_getMSSVCLKFrequency)
                  0000da68    00000038     libuart_xwr68xx.aer4f : UART.oer4f (.text:UART_init)
                  0000daa0    00000036     rtsv7R4_T_le_v3D16_eabi.lib : strncpy.obj (.text)
                  0000dad6    00000002     --HOLE-- [fill = 0]
                  0000dad8    00000034     sbl.oer4f (.text:SBL_bufferMgmtTask)
                  0000db0c    00000034     libsoc_xwr68xx.aer4f : soc_xwr68xx_mss.oer4f (.text:SOC_hasDSPCore)
                  0000db40    00000034     libuart_xwr68xx.aer4f : UART.oer4f (.text:UART_open)
                  0000db74    00000034     sbl_per4ft.oer4ft (.text:ti_sysbios_knl_Semaphore_create)
                  0000dba8    00000008     --HOLE-- [fill = 0]
                  0000dbb0    00000034     sysbios.aer4ft : BIOS.obj (.text:ti_sysbios_knl_Task_processVitalTaskFlag__I)
                  0000dbe4    00000032     libcrc_xwr68xx.aer4f : crc.oer4f (.text:CRC_getCRCDataSelectBitValue)
                  0000dc16    00000002     --HOLE-- [fill = 0]
                  0000dc18    00000032                          : crc.oer4f (.text:CRC_getCRCTypeBitValue)
                  0000dc4a    00000006     --HOLE-- [fill = 0]
                  0000dc50    00000032     sysbios.aer4ft : BIOS.obj (.text:ti_sysbios_hal_Hwi_initStack)
                  0000dc82    00000002     --HOLE-- [fill = 0]
                  0000dc84    00000030     libqspiflash_xwr68xx.aer4f : qspiflash.oer4f (.text:QSPIFlash_getDeviceID)
                  0000dcb4    00000030     transport.oer4f (.text:SBL_transportWrite_CAN_FD)
                  0000dce4    00000030     libsoc_xwr68xx.aer4f : soc.oer4f (.text:SOC_softReset)
                  0000dd14    00000030     sbl_per4ft.oer4ft (.text:ti_sysbios_BIOS_atExitFunc__I)
                  0000dd44    00000030     sbl_per4ft.oer4ft (.text:ti_sysbios_BIOS_startFunc__I)
                  0000dd74    0000000c     --HOLE-- [fill = 0]
                  0000dd80    00000030     sysbios.aer4ft : BIOS.obj (.text:ti_sysbios_family_arm_TaskSupport_start__E)
                  0000ddb0    00000030     sbl_per4ft.oer4ft (.text:ti_sysbios_gates_GateHwi_Object__create__S)
                  0000dde0    00000030     sbl_per4ft.oer4ft (.text:ti_sysbios_gates_GateMutex_Object__create__S)
                  0000de10    00000030     sbl_per4ft.oer4ft (.text:ti_sysbios_heaps_HeapMem_Object__create__S)
                  0000de40    00000030     sysbios.aer4ft : BIOS.obj (.text:ti_sysbios_heaps_HeapMem_free__E)
                  0000de70    00000030     sbl_per4ft.oer4ft (.text:ti_sysbios_knl_Semaphore_construct)
                  0000dea0    0000002f     sysbios.aer4ft : BIOS.obj (.text:xdc_runtime_Text_printVisFxn__I)
                  0000decf    00000001     --HOLE-- [fill = 0]
                  0000ded0    0000002e     sbl_per4ft.oer4ft (.text:ti_sysbios_rts_MemAlloc_alloc)
                  0000defe    00000002     --HOLE-- [fill = 0]
                  0000df00    0000002c     libcrc_xwr68xx.aer4f : crc.oer4f (.text:CRC_close)
                  0000df2c    0000002c     libgpio_xwr68xx.aer4f : gpio.oer4f (.text:GPIO_HighPriorityISR)
                  0000df58    0000002c                           : gpio.oer4f (.text:GPIO_LowPriorityISR)
                  0000df84    0000002c     crc16.oer4f (.text:crc16_ccitt)
                  0000dfb0    0000002c     rtsv7R4_T_le_v3D16_eabi.lib : unlink.obj (.text)
                  0000dfdc    0000002c     sbl_per4ft.oer4ft (.text:ti_sysbios_knl_Clock_doTick__I)
                  0000e008    0000002c     sbl_per4ft.oer4ft (.text:ti_sysbios_knl_Queue_construct)
                  0000e034    0000000c     --HOLE-- [fill = 0]
                  0000e040    0000002c     sysbios.aer4ft : BIOS.obj (.text:ti_sysbios_knl_Semaphore_pendTimeout__I)
                  0000e06c    00000004     --HOLE-- [fill = 0]
                  0000e070    0000002c                    : BIOS.obj (.text:ti_sysbios_knl_Swi_Module_startup__E)
                  0000e09c    00000004     --HOLE-- [fill = 0]
                  0000e0a0    0000002c                    : BIOS.obj (.text:ti_sysbios_knl_Task_unblockI__E)
                  0000e0cc    00000004     --HOLE-- [fill = 0]
                  0000e0d0    0000002c                    : BIOS.obj (.text:ti_sysbios_timers_rti_Timer_periodicStub__E)
                  0000e0fc    0000002a     libsoc_xwr68xx.aer4f : soc.oer4f (.text:SOC_SystemISR)
                  0000e126    00000002     --HOLE-- [fill = 0]
                  0000e128    00000028     libqspiflash_xwr68xx.aer4f : qspiflash.oer4f (.text:QSPIFlash_getExtFlashAddr)
                  0000e150    00000028     image_validity.oer4f (.text:SBL_imageAuthParamsInit)
                  0000e178    00000028     libuart_xwr68xx.aer4f : uartsci_dma.oer4f (.text:UartSci_RxDMACallbackFxn)
                  0000e1a0    00000028                           : uartsci_dma.oer4f (.text:UartSci_TxDMACallbackFxn)
                  0000e1c8    00000028     rtsv7R4_T_le_v3D16_eabi.lib : lseek.obj (.text)
                  0000e1f0    00000028                                 : write.obj (.text)
                  0000e218    00000008     --HOLE-- [fill = 0]
                  0000e220    00000028     sysbios.aer4ft : BIOS.obj (.text:ti_sysbios_knl_Idle_run__E)
                  0000e248    00000008     --HOLE-- [fill = 0]
                  0000e250    00000028                    : BIOS.obj (.text:ti_sysbios_knl_Task_restore__E)
                  0000e278    00000008     --HOLE-- [fill = 0]
                  0000e280    00000028                    : BIOS.obj (.text:xdc_runtime_SysStd_abort__E)
                  0000e2a8    00000008     --HOLE-- [fill = 0]
                  0000e2b0    00000028                    : BIOS.obj (.text:xdc_runtime_System_aprintf_va__F)
                  0000e2d8    00000008     --HOLE-- [fill = 0]
                  0000e2e0    00000026                    : BIOS.obj (.text:xdc_runtime_System_printf_va__F)
                  0000e306    00000024     libcrc_xwr68xx.aer4f : crc.oer4f (.text:CRC_isTransactionIdValid)
                  0000e32a    00000002     --HOLE-- [fill = 0]
                  0000e32c    00000024     libgpio_xwr68xx.aer4f : gpio.oer4f (.text:GPIO_processInterrupt)
                  0000e350    00000024     libcanfd_xwr68xx.aer4f : mcan.oer4f (.text:MCAN_getOpMode)
                  0000e374    00000024                            : mcan.oer4f (.text:MCAN_setOpMode)
                  0000e398    00000024                            : mcan.oer4f (.text:MCAN_writeProtectedRegAccessLock)
                  0000e3bc    00000024                            : mcan.oer4f (.text:MCAN_writeProtectedRegAccessUnlock)
                  0000e3e0    00000024     image_validity.oer4f (.text:SBL_imageDecryptParamsInit)
                  0000e404    00000024     sbl_per4ft.oer4ft (.text:ti_sysbios_BIOS_errorRaiseHook__I)
                  0000e428    00000024     sbl_per4ft.oer4ft (.text:ti_sysbios_BIOS_registerRTSLock__I)
                  0000e44c    00000024     sbl_per4ft.oer4ft (.text:ti_sysbios_BIOS_removeRTSLock__I)
                  0000e470    00000024     sbl_per4ft.oer4ft (.text:ti_sysbios_gates_GateMutex_Object__delete__S)
                  0000e494    0000000c     --HOLE-- [fill = 0]
                  0000e4a0    00000024     sysbios.aer4ft : BIOS.obj (.text:ti_sysbios_knl_Clock_Module_startup__E)
                  0000e4c4    00000024     sbl_per4ft.oer4ft (.text:ti_sysbios_knl_Semaphore_Object__delete__S)
                  0000e4e8    00000008     --HOLE-- [fill = 0]
                  0000e4f0    00000024     sysbios.aer4ft : BIOS.obj (.text:ti_sysbios_knl_Task_restoreHwi__E)
                  0000e514    00000022     libqspiflash_xwr68xx.aer4f : qspiflash.oer4f (.text:QSPIFlashReadCmd)
                  0000e536    00000022     libuart_xwr68xx.aer4f : uartsci.oer4f (.text:UartSci_disableRxDMA)
                  0000e558    00000022                           : uartsci.oer4f (.text:UartSci_enableRxDMA)
                  0000e57a    00000002     --HOLE-- [fill = 0]
                  0000e57c    00000020     libcanfd_xwr68xx.aer4f : mcan.oer4f (.text:MCAN_clearIntrStatus)
                  0000e59c    00000020                            : mcan.oer4f (.text:MCAN_getDataSize)
                  0000e5bc    00000020                            : mcan.oer4f (.text:MCAN_getIntrStatus)
                  0000e5dc    00000020                            : mcan.oer4f (.text:MCAN_getMsgObjSize)
                  0000e5fc    00000020                            : mcan.oer4f (.text:MCAN_getTxBufReqPend)
                  0000e61c    00000020                            : mcan.oer4f (.text:MCAN_getTxBufTransmissionStatus)
                  0000e63c    00000020                            : mcan.oer4f (.text:MCAN_txBufCancellationStatus)
                  0000e65c    00000020     libpinmux_xwr68xx.aer4f : pinmux.oer4f (.text:Pinmux_Unlock)
                  0000e67c    00000020     rtsv7R4_T_le_v3D16_eabi.lib : memchr.obj (.text)
                  0000e69c    00000020     sbl_per4ft.oer4ft (.text:ti_sysbios_family_arm_v7r_vim_Hwi_Object__delete__S)
                  0000e6bc    00000004     --HOLE-- [fill = 0]
                  0000e6c0    00000020     sysbios.aer4ft : BIOS.obj (.text:ti_sysbios_family_arm_v7r_vim_Hwi_disableInterrupt__E)
                  0000e6e0    00000020                    : BIOS.obj (.text:ti_sysbios_family_arm_v7r_vim_Hwi_enableInterrupt__E)
                  0000e700    00000020     sbl_per4ft.oer4ft (.text:ti_sysbios_gates_GateHwi_Object__delete__S)
                  0000e720    00000020     sbl_per4ft.oer4ft (.text:ti_sysbios_heaps_HeapMem_Object__delete__S)
                  0000e740    00000020     sbl_per4ft.oer4ft (.text:ti_sysbios_knl_Semaphore_destruct)
                  0000e760    0000001c     libcrc_xwr68xx.aer4f : crc.oer4f (.text:CRC_releaseTransactionId)
                  0000e77c    0000001c     libdma_xwr68xx.aer4f : dma.oer4f (.text:CSL_FEXTR)
                  0000e798    0000001c     libsoc_xwr68xx.aer4f : soc.oer4f (.text:CSL_FEXTR)
                  0000e7b4    0000001c                          : soc_xwr68xx.oer4f (.text:CSL_FEXTR)
                  0000e7d0    0000001c                          : soc_xwr68xx_mss.oer4f (.text:CSL_FEXTR)
                  0000e7ec    0000001c     libuart_xwr68xx.aer4f : uartsci.oer4f (.text:CSL_FEXTR)
                  0000e808    0000001c     libcanfd_xwr68xx.aer4f : mcan.oer4f (.text:MCAN_isMemInitDone)
                  0000e824    0000001c     sysbios.aer4ft : arm_TaskSupport_asm.obj (.text:_ti_sysbios_family_arm_TaskSupport_glue)
                  0000e840    0000001c                    : arm_TaskSupport_asm.obj (.text:_ti_sysbios_family_arm_TaskSupport_swap__E)
                  0000e85c    0000001c     rtsv7R4_T_le_v3D16_eabi.lib : memccpy.obj (.text)
                  0000e878    0000001c     sbl_per4ft.oer4ft (.text:ti_sysbios_BIOS_rtsLock__I)
                  0000e894    0000000c     --HOLE-- [fill = 0]
                  0000e8a0    0000001c     sysbios.aer4ft : BIOS.obj (.text:ti_sysbios_gates_GateMutex_Instance_init__E)
                  0000e8bc    00000004     --HOLE-- [fill = 0]
                  0000e8c0    0000001c                    : BIOS.obj (.text:ti_sysbios_gates_GateMutex_leave__E)
                  0000e8dc    0000001c     sbl_per4ft.oer4ft (.text:ti_sysbios_knl_Queue_destruct)
                  0000e8f8    0000001a     sbl_per4ft.oer4ft (.text:free)
                  0000e912    0000001a     rtsv7R4_T_le_v3D16_eabi.lib : s_copysign.obj (.text)
                  0000e92c    0000001a     sbl_per4ft.oer4ft (.text:ti_sysbios_gates_GateHwi_Handle__label__S)
                  0000e946    0000001a     sbl_per4ft.oer4ft (.text:ti_sysbios_gates_GateMutex_Handle__label__S)
                  0000e960    0000001a     sbl_per4ft.oer4ft (.text:ti_sysbios_heaps_HeapMem_Handle__label__S)
                  0000e97a    0000001a     sbl_per4ft.oer4ft (.text:xdc_runtime_System_aprintf__E)
                  0000e994    0000001a     sbl_per4ft.oer4ft (.text:xdc_runtime_System_printf__E)
                  0000e9ae    00000002     --HOLE-- [fill = 0]
                  0000e9b0    00000018     rtsv7R4_T_le_v3D16_eabi.lib : args_main.obj (.text)
                  0000e9c8    00000018                                 : strcmp.obj (.text)
                  0000e9e0    00000018     sbl_per4ft.oer4ft (.text:ti_sysbios_BIOS_rtsUnlock__I)
                  0000e9f8    00000018     sbl_per4ft.oer4ft (.text:ti_sysbios_family_arm_v7r_vim_Hwi_Module__startupDone__F)
                  0000ea10    00000018     sbl_per4ft.oer4ft (.text:ti_sysbios_family_arm_v7r_vim_Hwi_Params__init__S)
                  0000ea28    00000008     --HOLE-- [fill = 0]
                  0000ea30    00000018     sysbios.aer4ft : BIOS.obj (.text:ti_sysbios_family_arm_v7r_vim_Hwi_clearInterrupt__E)
                  0000ea48    00000018     sbl_per4ft.oer4ft (.text:ti_sysbios_knl_Semaphore_Params__init__S)
                  0000ea60    00000018     sbl_per4ft.oer4ft (.text:ti_sysbios_knl_Task_Params__init__S)
                  0000ea78    00000008     --HOLE-- [fill = 0]
                  0000ea80    00000018     sysbios.aer4ft : BIOS.obj (.text:ti_sysbios_knl_Task_enter__I)
                  0000ea98    00000018     sbl_per4ft.oer4ft (.text:ti_sysbios_timers_rti_Timer_Module__startupDone__F)
                  0000eab0    00000018     sysbios.aer4ft : BIOS.obj (.text:xdc_runtime_Error_init__E)
                  0000eac8    00000016     rtsv7R4_T_le_v3D16_eabi.lib : strchr.obj (.text)
                  0000eade    00000016                                 : strlen.obj (.text)
                  0000eaf4    00000016     sbl_per4ft.oer4ft (.text:ti_sysbios_BIOS_exitFunc__I)
                  0000eb0a    00000006     --HOLE-- [fill = 0]
                  0000eb10    00000016     sysbios.aer4ft : BIOS.obj (.text:ti_sysbios_knl_Idle_loop__E)
                  0000eb26    00000014     libosal_xwr68xx.aer4f : HwiP_tirtos.oer4f (.text:HwiP_Params_init)
                  0000eb3a    00000002     --HOLE-- [fill = 0]
                  0000eb3c    00000014     libpinmux_xwr68xx.aer4f : pinmux.oer4f (.text:Pinmux_Lock)
                  0000eb50    00000014     transport.oer4f (.text:SBL_discardInput)
                  0000eb64    00000014     libuart_xwr68xx.aer4f : uartsci.oer4f (.text:UartSci_disableTxDMA)
                  0000eb78    00000014                           : uartsci.oer4f (.text:UartSci_enableTxDMA)
                  0000eb8c    00000014     libosal_xwr68xx.aer4f : DebugP_tirtos.oer4f (.text:_DebugP_assert)
                  0000eba0    00000014     rtsv7R4_T_le_v3D16_eabi.lib : _lock.obj (.text)
                  0000ebb4    00000014                                 : strcpy.obj (.text)
                  0000ebc8    00000014     sbl_per4ft.oer4ft (.text:ti_sysbios_heaps_HeapMem_Object__get__S)
                  0000ebdc    00000014     sbl_per4ft.oer4ft (.text:ti_sysbios_knl_Swi_Object__get__S)
                  0000ebf0    00000012     libcrc_xwr68xx.aer4f : crc.oer4f (.text:CRC_initConfigParams)
                  0000ec02    00000012     libosal_xwr68xx.aer4f : MemoryP_tirtos.oer4f (.text:MemoryP_ctrlAlloc)
                  0000ec14    00000012                           : SemaphoreP_tirtos.oer4f (.text:SemaphoreP_pend)
                  0000ec26    0000000a     --HOLE-- [fill = 0]
                  0000ec30    00000012     sysbios.aer4ft : BIOS.obj (.text:ti_sysbios_hal_Hwi_Module_startup__E)
                  0000ec42    00000012     sbl_per4ft.oer4ft (.text:xdc_runtime_Startup_exec__I)
                  0000ec54    00000010     libcrc_xwr68xx.aer4f : crc.oer4f (.text:CRC_getSignatureRegister)
                  0000ec64    00000010     libdma_xwr68xx.aer4f : dma.oer4f (.text:DMA_Params_init)
                  0000ec74    00000010     libqspiflash_xwr68xx.aer4f : qspiflash.oer4f (.text:QSPIFlashWriteCmd)
                  0000ec84    00000010     libqspi_xwr68xx.aer4f : qspi.oer4f (.text:QSPI_Params_init)
                  0000ec94    00000010     transport.oer4f (.text:SBL_transportRead)
                  0000eca4    00000010     transport.oer4f (.text:sblErrStatusCallback)
                  0000ecb4    0000000c     --HOLE-- [fill = 0]
                  0000ecc0    00000010     sysbios.aer4ft : BIOS.obj (.text:ti_sysbios_BIOS_exit__E)
                  0000ecd0    00000010                    : BIOS.obj (.text:ti_sysbios_BIOS_setThreadType__E)
                  0000ece0    00000010                    : BIOS.obj (.text:ti_sysbios_BIOS_start__E)
                  0000ecf0    00000010                    : BIOS.obj (.text:ti_sysbios_gates_GateMutex_Instance_finalize__E)
                  0000ed00    00000010     sbl_per4ft.oer4ft (.text:ti_sysbios_heaps_HeapBuf_Object__get__S)
                  0000ed10    00000010     sysbios.aer4ft : BIOS.obj (.text:ti_sysbios_knl_Semaphore_Instance_finalize__E)
                  0000ed20    00000010                    : BIOS.obj (.text:ti_sysbios_knl_Swi_disable__E)
                  0000ed30    00000010     sbl_per4ft.oer4ft (.text:ti_sysbios_knl_Task_Object__get__S)
                  0000ed40    00000010     sysbios.aer4ft : BIOS.obj (.text:ti_sysbios_knl_Task_disable__E)
                  0000ed50    00000010                    : BIOS.obj (.text:xdc_runtime_Memory_free__E)
                  0000ed60    00000010     sbl_per4ft.oer4ft (.text:xdc_runtime_Text_visitRope__I)
                  0000ed70    0000000e     libsoc_xwr68xx.aer4f : soc_xwr68xx_mss.oer4f (.text:SOC_microDelay)
                  0000ed7e    0000000e     libosal_xwr68xx.aer4f : SemaphoreP_tirtos.oer4f (.text:SemaphoreP_delete)
                  0000ed8c    0000000e     rtsv7R4_T_le_v3D16_eabi.lib : copy_decompress_none.obj (.text:decompress:none)
                  0000ed9a    00000006     --HOLE-- [fill = 0]
                  0000eda0    0000000e     sysbios.aer4ft : BIOS.obj (.text:ti_sysbios_knl_Queue_empty__E)
                  0000edae    00000002     --HOLE-- [fill = 0]
                  0000edb0    0000000c                    : BIOS.obj (.text:ti_sysbios_family_arm_TaskSupport_checkStack__E)
                  0000edbc    00000004     --HOLE-- [fill = 0]
                  0000edc0    0000000c                    : BIOS.obj (.text:ti_sysbios_family_arm_TaskSupport_getStackAlignment__E)
                  0000edcc    00000004     --HOLE-- [fill = 0]
                  0000edd0    0000000c                    : BIOS.obj (.text:ti_sysbios_family_arm_exc_Exception_Module_startup__E)
                  0000eddc    00000004     --HOLE-- [fill = 0]
                  0000ede0    0000000c                    : BIOS.obj (.text:ti_sysbios_family_arm_v7r_vim_Hwi_switchFromBootStack__E)
                  0000edec    00000004     --HOLE-- [fill = 0]
                  0000edf0    0000000c                    : BIOS.obj (.text:xdc_runtime_Startup_rtsDone__E)
                  0000edfc    00000004     --HOLE-- [fill = 0]
                  0000ee00    0000000c                    : BIOS.obj (.text:xdc_runtime_SysStd_exit__E)
                  0000ee0c    00000004     --HOLE-- [fill = 0]
                  0000ee10    00000008                    : BIOS.obj (.text:ti_sysbios_gates_GateHwi_enter__E)
                  0000ee18    00000008     --HOLE-- [fill = 0]
                  0000ee20    00000006                    : BIOS.obj (.text:ti_sysbios_family_arm_v7r_vim_Hwi_startup__E)
                  0000ee26    0000000a     --HOLE-- [fill = 0]
                  0000ee30    00000006                    : BIOS.obj (.text:ti_sysbios_gates_GateHwi_leave__E)
                  0000ee36    0000000a     --HOLE-- [fill = 0]
                  0000ee40    00000006                    : BIOS.obj (.text:ti_sysbios_heaps_HeapMem_isBlocking__E)
                  0000ee46    0000000a     --HOLE-- [fill = 0]
                  0000ee50    00000006                    : BIOS.obj (.text:ti_sysbios_knl_Queue_Instance_init__E)
                  0000ee56    0000000a     --HOLE-- [fill = 0]
                  0000ee60    00000006                    : BIOS.obj (.text:xdc_runtime_System_Module_startup__E)
                  0000ee66    0000000a     --HOLE-- [fill = 0]
                  0000ee70    00000004                    : BIOS.obj (.text:ti_sysbios_gates_GateHwi_query__E)
                  0000ee74    0000000c     --HOLE-- [fill = 0]
                  0000ee80    00000004                    : BIOS.obj (.text:ti_sysbios_gates_GateMutex_query__E)
                  0000ee84    0000000c     --HOLE-- [fill = 0]
                  0000ee90    00000004                    : BIOS.obj (.text:ti_sysbios_knl_Task_startup__E)
                  0000ee94    0000000c     --HOLE-- [fill = 0]
                  0000eea0    00000004                    : BIOS.obj (.text:ti_sysbios_timers_rti_Timer_getMaxTicks__E)
                  0000eea4    0000000c     --HOLE-- [fill = 0]
                  0000eeb0    00000004                    : BIOS.obj (.text:xdc_runtime_SysStd_putch__E)
                  0000eeb4    0000000c     --HOLE-- [fill = 0]
                  0000eec0    00000004                    : BIOS.obj (.text:xdc_runtime_SysStd_ready__E)
                  0000eec4    0000000c     --HOLE-- [fill = 0]
                  0000eed0    00000002                    : BIOS.obj (.text:ti_sysbios_BIOS_linkedWithIncorrectBootLibrary__E)
                  0000eed2    0000000e     --HOLE-- [fill = 0]
                  0000eee0    00000002                    : BIOS.obj (.text:ti_sysbios_gates_GateHwi_Instance_init__E)
                  0000eee2    0000000e     --HOLE-- [fill = 0]
                  0000eef0    00000002                    : BIOS.obj (.text:ti_sysbios_knl_Clock_logTick__E)

.const     0    0000eef8    00002544     RUN ADDR = 0801bb18
                  0000eef8    00001aee     sbl_per4ft.oer4ft (.const:xdc_runtime_Text_charTab__A)
                  000109e6    00000200     crc16.oer4f (.const:crc16tab)
                  00010be6    00000101     rtsv7R4_T_le_v3D16_eabi.lib : ctype.obj (.const:.string:_ctypes_)
                  00010ce7    00000001     --HOLE-- [fill = 0]
                  00010ce8    000000d0     sbl_per4ft.oer4ft (.const:xdc_runtime_Text_nodeTab__A)
                  00010db8    00000080     sbl_per4ft.oer4ft (.const:ti_sysbios_family_arm_v7r_vim_Hwi_channelMap__A)
                  00010e38    00000060     libcanfd_xwr68xx.aer4f : mcan.oer4f (.const:$O1$$)
                  00010e98    00000060     libqspiflash_xwr68xx.aer4f : qspiflash.oer4f (.const:$O1$$)
                  00010ef8    00000058     sbl_per4ft.oer4ft (.const:.string)
                  00010f50    00000044     sbl_per4ft.oer4ft (.const:ti_sysbios_knl_Task_Object__PARAMS__C)
                  00010f94    0000003c     libuart_xwr68xx.aer4f : UART.oer4f (.const:UART_defaultParams)
                  00010fd0    00000030     sbl_per4ft.oer4ft (.const:ti_sysbios_family_arm_v7r_vim_Hwi_Object__PARAMS__C)
                  00011000    00000028     sbl_per4ft.oer4ft (.const:ti_sysbios_heaps_HeapMem_Module__FXNS__C)
                  00011028    00000028     sbl_per4ft.oer4ft (.const:xdc_runtime_Startup_sfxnTab__A)
                  00011050    00000024     sbl_per4ft.oer4ft (.const:ti_sysbios_gates_GateHwi_Module__FXNS__C)
                  00011074    00000024     sbl_per4ft.oer4ft (.const:ti_sysbios_gates_GateMutex_Module__FXNS__C)
                  00011098    00000024     sbl_per4ft.oer4ft (.const:ti_sysbios_heaps_HeapMem_Object__PARAMS__C)
                  000110bc    00000024     sbl_per4ft.oer4ft (.const:ti_sysbios_knl_Semaphore_Object__PARAMS__C)
                  000110e0    00000020     sbl_per4ft.oer4ft (.const:ti_sysbios_family_arm_v7r_vim_Hwi_Object__DESC__C)
                  00011100    00000020     sbl_per4ft.oer4ft (.const:ti_sysbios_gates_GateHwi_Object__DESC__C)
                  00011120    00000020     sbl_per4ft.oer4ft (.const:ti_sysbios_gates_GateMutex_Object__DESC__C)
                  00011140    00000020     sbl_per4ft.oer4ft (.const:ti_sysbios_heaps_HeapMem_Object__DESC__C)
                  00011160    00000020     sbl_per4ft.oer4ft (.const:ti_sysbios_knl_Queue_Object__DESC__C)
                  00011180    00000020     sbl_per4ft.oer4ft (.const:ti_sysbios_knl_Semaphore_Object__DESC__C)
                  000111a0    00000020     sbl_per4ft.oer4ft (.const:ti_sysbios_knl_Task_Object__DESC__C)
                  000111c0    00000018     sbl_per4ft.oer4ft (.const:ti_sysbios_gates_GateHwi_Object__PARAMS__C)
                  000111d8    00000018     sbl_per4ft.oer4ft (.const:ti_sysbios_gates_GateMutex_Object__PARAMS__C)
                  000111f0    00000018     sbl_per4ft.oer4ft (.const:ti_sysbios_knl_Queue_Object__PARAMS__C)
                  00011208    00000014     sbl_per4ft.oer4ft (.const:xdc_runtime_Startup_sfxnRts__A)
                  0001121c    00000010     libqspi_xwr68xx.aer4f : qspi.oer4f (.const:QSPI_defaultParams)
                  0001122c    00000010     sbl_per4ft.oer4ft (.const:ti_sysbios_family_arm_v7r_vim_Hwi_intReqEnaSet__A)
                  0001123c    00000010     sbl_per4ft.oer4ft (.const:ti_sysbios_family_arm_v7r_vim_Hwi_wakeEnaSet__A)
                  0001124c    00000008     sbl_per4ft.oer4ft (.const:ti_sysbios_knl_Idle_funcList__C)
                  00011254    00000008     sbl_per4ft.oer4ft (.const:xdc_runtime_Startup_firstFxns__A)
                  0001125c    00000008     sbl_per4ft.oer4ft (.const:xdc_runtime_Startup_firstFxns__C)
                  00011264    00000008     sbl_per4ft.oer4ft (.const:xdc_runtime_Startup_lastFxns__C)
                  0001126c    00000004     sbl_per4ft.oer4ft (.const:ti_sysbios_family_arm_TaskSupport_stackAlignment__C)
                  00011270    00000004     sbl_per4ft.oer4ft (.const:ti_sysbios_family_arm_exc_Exception_E_dataAbort__C)
                  00011274    00000004     sbl_per4ft.oer4ft (.const:ti_sysbios_family_arm_exc_Exception_E_prefetchAbort__C)
                  00011278    00000004     sbl_per4ft.oer4ft (.const:ti_sysbios_family_arm_exc_Exception_E_swi__C)
                  0001127c    00000004     sbl_per4ft.oer4ft (.const:ti_sysbios_family_arm_exc_Exception_E_undefinedInstruction__C)
                  00011280    00000004     sbl_per4ft.oer4ft (.const:ti_sysbios_family_arm_exc_Exception_excHookFuncs__A)
                  00011284    00000004     sbl_per4ft.oer4ft (.const:ti_sysbios_family_arm_exc_Exception_excHookFuncs__C)
                  00011288    00000004     sbl_per4ft.oer4ft (.const:ti_sysbios_family_arm_v7r_tms570_Core_E_mismatchedIds__C)
                  0001128c    00000004     sbl_per4ft.oer4ft (.const:ti_sysbios_family_arm_v7r_tms570_Core_id__C)
                  00011290    00000004     sbl_per4ft.oer4ft (.const:ti_sysbios_family_arm_v7r_vim_Hwi_A_badChannelId__C)
                  00011294    00000004     sbl_per4ft.oer4ft (.const:ti_sysbios_family_arm_v7r_vim_Hwi_E_alreadyDefined__C)
                  00011298    00000004     sbl_per4ft.oer4ft (.const:ti_sysbios_family_arm_v7r_vim_Hwi_E_badIntNum__C)
                  0001129c    00000004     sbl_per4ft.oer4ft (.const:ti_sysbios_family_arm_v7r_vim_Hwi_E_phantomInterrupt__C)
                  000112a0    00000004     sbl_per4ft.oer4ft (.const:ti_sysbios_family_arm_v7r_vim_Hwi_E_undefined__C)
                  000112a4    00000004     sbl_per4ft.oer4ft (.const:ti_sysbios_family_arm_v7r_vim_Hwi_E_unsupportedMaskingOption__C)
                  000112a8    00000004     sbl_per4ft.oer4ft (.const:ti_sysbios_family_arm_v7r_vim_Hwi_Module__diagsEnabled__C)
                  000112ac    00000004     sbl_per4ft.oer4ft (.const:ti_sysbios_family_arm_v7r_vim_Hwi_Module__diagsIncluded__C)
                  000112b0    00000004     sbl_per4ft.oer4ft (.const:ti_sysbios_family_arm_v7r_vim_Hwi_Module__diagsMask__C)
                  000112b4    00000004     sbl_per4ft.oer4ft (.const:ti_sysbios_family_arm_v7r_vim_Hwi_NUM_INTERRUPTS__C)
                  000112b8    00000004     sbl_per4ft.oer4ft (.const:ti_sysbios_family_arm_v7r_vim_Hwi_channelMap__C)
                  000112bc    00000004     sbl_per4ft.oer4ft (.const:ti_sysbios_family_arm_v7r_vim_Hwi_intReqEnaSet__C)
                  000112c0    00000004     sbl_per4ft.oer4ft (.const:ti_sysbios_family_arm_v7r_vim_Hwi_phantomFunc__C)
                  000112c4    00000004     sbl_per4ft.oer4ft (.const:ti_sysbios_family_arm_v7r_vim_Hwi_swiDisable__C)
                  000112c8    00000004     sbl_per4ft.oer4ft (.const:ti_sysbios_family_arm_v7r_vim_Hwi_swiRestoreHwi__C)
                  000112cc    00000004     sbl_per4ft.oer4ft (.const:ti_sysbios_family_arm_v7r_vim_Hwi_taskDisable__C)
                  000112d0    00000004     sbl_per4ft.oer4ft (.const:ti_sysbios_family_arm_v7r_vim_Hwi_taskRestoreHwi__C)
                  000112d4    00000004     sbl_per4ft.oer4ft (.const:ti_sysbios_family_arm_v7r_vim_Hwi_wakeEnaSet__C)
                  000112d8    00000004     sbl_per4ft.oer4ft (.const:ti_sysbios_gates_GateMutex_A_badContext__C)
                  000112dc    00000004     sbl_per4ft.oer4ft (.const:ti_sysbios_gates_GateMutex_Instance_State_sem__O)
                  000112e0    00000004     sbl_per4ft.oer4ft (.const:ti_sysbios_gates_GateMutex_Module__diagsEnabled__C)
                  000112e4    00000004     sbl_per4ft.oer4ft (.const:ti_sysbios_gates_GateMutex_Module__diagsIncluded__C)
                  000112e8    00000004     sbl_per4ft.oer4ft (.const:ti_sysbios_gates_GateMutex_Module__diagsMask__C)
                  000112ec    00000004     sbl_per4ft.oer4ft (.const:ti_sysbios_hal_Hwi_E_stackOverflow__C)
                  000112f0    00000004     sbl_per4ft.oer4ft (.const:ti_sysbios_heaps_HeapBuf_Instance_State_freeList__O)
                  000112f4    00000004     sbl_per4ft.oer4ft (.const:ti_sysbios_heaps_HeapBuf_Object__count__C)
                  000112f8    00000004     sbl_per4ft.oer4ft (.const:ti_sysbios_heaps_HeapBuf_numConstructedHeaps__C)
                  000112fc    00000004     sbl_per4ft.oer4ft (.const:ti_sysbios_heaps_HeapMem_A_align__C)
                  00011300    00000004     sbl_per4ft.oer4ft (.const:ti_sysbios_heaps_HeapMem_A_heapSize__C)
                  00011304    00000004     sbl_per4ft.oer4ft (.const:ti_sysbios_heaps_HeapMem_A_invalidFree__C)
                  00011308    00000004     sbl_per4ft.oer4ft (.const:ti_sysbios_heaps_HeapMem_A_zeroBlock__C)
                  0001130c    00000004     sbl_per4ft.oer4ft (.const:ti_sysbios_heaps_HeapMem_E_memory__C)
                  00011310    00000004     sbl_per4ft.oer4ft (.const:ti_sysbios_heaps_HeapMem_Module__diagsEnabled__C)
                  00011314    00000004     sbl_per4ft.oer4ft (.const:ti_sysbios_heaps_HeapMem_Module__diagsIncluded__C)
                  00011318    00000004     sbl_per4ft.oer4ft (.const:ti_sysbios_heaps_HeapMem_Module__diagsMask__C)
                  0001131c    00000004     sbl_per4ft.oer4ft (.const:ti_sysbios_heaps_HeapMem_Module__gateObj__C)
                  00011320    00000004     sbl_per4ft.oer4ft (.const:ti_sysbios_heaps_HeapMem_Object__count__C)
                  00011324    00000004     sbl_per4ft.oer4ft (.const:ti_sysbios_heaps_HeapMem_reqAlign__C)
                  00011328    00000004     sbl_per4ft.oer4ft (.const:ti_sysbios_knl_Clock_Module_State_clockQ__O)
                  0001132c    00000004     sbl_per4ft.oer4ft (.const:ti_sysbios_knl_Idle_funcList__A)
                  00011330    00000004     sbl_per4ft.oer4ft (.const:ti_sysbios_knl_Semaphore_A_badContext__C)
                  00011334    00000004     sbl_per4ft.oer4ft (.const:ti_sysbios_knl_Semaphore_A_noEvents__C)
                  00011338    00000004     sbl_per4ft.oer4ft (.const:ti_sysbios_knl_Semaphore_A_overflow__C)
                  0001133c    00000004     sbl_per4ft.oer4ft (.const:ti_sysbios_knl_Semaphore_A_pendTaskDisabled__C)
                  00011340    00000004     sbl_per4ft.oer4ft (.const:ti_sysbios_knl_Semaphore_Instance_State_pendQ__O)
                  00011344    00000004     sbl_per4ft.oer4ft (.const:ti_sysbios_knl_Semaphore_Module__diagsEnabled__C)
                  00011348    00000004     sbl_per4ft.oer4ft (.const:ti_sysbios_knl_Semaphore_Module__diagsIncluded__C)
                  0001134c    00000004     sbl_per4ft.oer4ft (.const:ti_sysbios_knl_Semaphore_Module__diagsMask__C)
                  00011350    00000004     sbl_per4ft.oer4ft (.const:ti_sysbios_knl_Swi_Object__count__C)
                  00011354    00000004     sbl_per4ft.oer4ft (.const:ti_sysbios_knl_Task_A_badPriority__C)
                  00011358    00000004     sbl_per4ft.oer4ft (.const:ti_sysbios_knl_Task_A_badTaskState__C)
                  0001135c    00000004     sbl_per4ft.oer4ft (.const:ti_sysbios_knl_Task_A_badThreadType__C)
                  00011360    00000004     sbl_per4ft.oer4ft (.const:ti_sysbios_knl_Task_A_noPendElem__C)
                  00011364    00000004     sbl_per4ft.oer4ft (.const:ti_sysbios_knl_Task_E_spOutOfBounds__C)
                  00011368    00000004     sbl_per4ft.oer4ft (.const:ti_sysbios_knl_Task_E_stackOverflow__C)
                  0001136c    00000004     sbl_per4ft.oer4ft (.const:ti_sysbios_knl_Task_Module_State_inactiveQ__O)
                  00011370    00000004     sbl_per4ft.oer4ft (.const:ti_sysbios_knl_Task_Module__diagsEnabled__C)
                  00011374    00000004     sbl_per4ft.oer4ft (.const:ti_sysbios_knl_Task_Module__diagsIncluded__C)
                  00011378    00000004     sbl_per4ft.oer4ft (.const:ti_sysbios_knl_Task_Module__diagsMask__C)
                  0001137c    00000004     sbl_per4ft.oer4ft (.const:ti_sysbios_knl_Task_Object__count__C)
                  00011380    00000004     sbl_per4ft.oer4ft (.const:ti_sysbios_knl_Task_allBlockedFunc__C)
                  00011384    00000004     sbl_per4ft.oer4ft (.const:ti_sysbios_knl_Task_defaultStackHeap__C)
                  00011388    00000004     sbl_per4ft.oer4ft (.const:ti_sysbios_knl_Task_defaultStackSize__C)
                  0001138c    00000004     sbl_per4ft.oer4ft (.const:ti_sysbios_knl_Task_numConstructedTasks__C)
                  00011390    00000004     sbl_per4ft.oer4ft (.const:ti_sysbios_timers_rti_Timer_E_cannotSupport__C)
                  00011394    00000004     sbl_per4ft.oer4ft (.const:ti_sysbios_timers_rti_Timer_Module__diagsEnabled__C)
                  00011398    00000004     sbl_per4ft.oer4ft (.const:ti_sysbios_timers_rti_Timer_Module__diagsIncluded__C)
                  0001139c    00000004     sbl_per4ft.oer4ft (.const:ti_sysbios_timers_rti_Timer_Module__diagsMask__C)
                  000113a0    00000004     sbl_per4ft.oer4ft (.const:ti_sysbios_timers_rti_Timer_numTimerDevices__C)
                  000113a4    00000004     sbl_per4ft.oer4ft (.const:ti_sysbios_timers_rti_Timer_startupNeeded__C)
                  000113a8    00000004     sbl_per4ft.oer4ft (.const:xdc_runtime_Assert_E_assertFailed__C)
                  000113ac    00000004     sbl_per4ft.oer4ft (.const:xdc_runtime_Core_A_initializedParams__C)
                  000113b0    00000004     sbl_per4ft.oer4ft (.const:xdc_runtime_Core_Module__diagsEnabled__C)
                  000113b4    00000004     sbl_per4ft.oer4ft (.const:xdc_runtime_Core_Module__diagsIncluded__C)
                  000113b8    00000004     sbl_per4ft.oer4ft (.const:xdc_runtime_Core_Module__diagsMask__C)
                  000113bc    00000004     sbl_per4ft.oer4ft (.const:xdc_runtime_Error_E_memory__C)
                  000113c0    00000004     sbl_per4ft.oer4ft (.const:xdc_runtime_Error_policyFxn__C)
                  000113c4    00000004     sbl_per4ft.oer4ft (.const:xdc_runtime_Error_policy__C)
                  000113c8    00000004     sbl_per4ft.oer4ft (.const:xdc_runtime_Error_raiseHook__C)
                  000113cc    00000004     sbl_per4ft.oer4ft (.const:xdc_runtime_IGateProvider_Interface__BASE__C)
                  000113d0    00000004     sbl_per4ft.oer4ft (.const:xdc_runtime_IHeap_Interface__BASE__C)
                  000113d4    00000004     sbl_per4ft.oer4ft (.const:xdc_runtime_IModule_Interface__BASE__C)
                  000113d8    00000004     sbl_per4ft.oer4ft (.const:xdc_runtime_Memory_defaultHeapInstance__C)
                  000113dc    00000004     sbl_per4ft.oer4ft (.const:xdc_runtime_Startup_execImpl__C)
                  000113e0    00000004     sbl_per4ft.oer4ft (.const:xdc_runtime_Startup_maxPasses__C)
                  000113e4    00000004     sbl_per4ft.oer4ft (.const:xdc_runtime_Startup_sfxnRts__C)
                  000113e8    00000004     sbl_per4ft.oer4ft (.const:xdc_runtime_Startup_sfxnTab__C)
                  000113ec    00000004     sbl_per4ft.oer4ft (.const:xdc_runtime_System_Module__gateObj__C)
                  000113f0    00000004     sbl_per4ft.oer4ft (.const:xdc_runtime_System_abortFxn__C)
                  000113f4    00000004     sbl_per4ft.oer4ft (.const:xdc_runtime_System_exitFxn__C)
                  000113f8    00000004     sbl_per4ft.oer4ft (.const:xdc_runtime_System_extendFxn__C)
                  000113fc    00000004     sbl_per4ft.oer4ft (.const:xdc_runtime_System_maxAtexitHandlers__C)
                  00011400    00000004     sbl_per4ft.oer4ft (.const:xdc_runtime_Text_charTab__C)
                  00011404    00000004     sbl_per4ft.oer4ft (.const:xdc_runtime_Text_nameEmpty__C)
                  00011408    00000004     sbl_per4ft.oer4ft (.const:xdc_runtime_Text_nameStatic__C)
                  0001140c    00000004     sbl_per4ft.oer4ft (.const:xdc_runtime_Text_nameUnknown__C)
                  00011410    00000004     sbl_per4ft.oer4ft (.const:xdc_runtime_Text_nodeTab__C)
                  00011414    00000004     sbl_per4ft.oer4ft (.const:xdc_runtime_Text_visitRopeFxn__C)
                  00011418    00000002     sbl_per4ft.oer4ft (.const:ti_sysbios_family_arm_exc_Exception_Module__id__C)
                  0001141a    00000002     sbl_per4ft.oer4ft (.const:ti_sysbios_family_arm_v7r_tms570_Core_Module__id__C)
                  0001141c    00000002     sbl_per4ft.oer4ft (.const:ti_sysbios_family_arm_v7r_vim_Hwi_Module__id__C)
                  0001141e    00000002     sbl_per4ft.oer4ft (.const:ti_sysbios_gates_GateMutex_Module__id__C)
                  00011420    00000002     sbl_per4ft.oer4ft (.const:ti_sysbios_hal_Hwi_Module__id__C)
                  00011422    00000002     sbl_per4ft.oer4ft (.const:ti_sysbios_heaps_HeapMem_Module__id__C)
                  00011424    00000002     sbl_per4ft.oer4ft (.const:ti_sysbios_knl_Semaphore_Module__id__C)
                  00011426    00000002     sbl_per4ft.oer4ft (.const:ti_sysbios_knl_Task_Module__id__C)
                  00011428    00000002     sbl_per4ft.oer4ft (.const:ti_sysbios_timers_rti_Timer_Module__id__C)
                  0001142a    00000002     sbl_per4ft.oer4ft (.const:ti_sysbios_timers_rti_Timer_continueOnSuspend__C)
                  0001142c    00000002     sbl_per4ft.oer4ft (.const:xdc_runtime_Core_Module__id__C)
                  0001142e    00000002     sbl_per4ft.oer4ft (.const:xdc_runtime_Error_maxDepth__C)
                  00011430    00000002     sbl_per4ft.oer4ft (.const:xdc_runtime_Main_Module__id__C)
                  00011432    00000002     sbl_per4ft.oer4ft (.const:xdc_runtime_Memory_Module__id__C)
                  00011434    00000002     sbl_per4ft.oer4ft (.const:xdc_runtime_Text_charCnt__C)
                  00011436    00000002     sbl_per4ft.oer4ft (.const:xdc_runtime_Text_isLoaded__C)
                  00011438    00000002     sbl_per4ft.oer4ft (.const:xdc_runtime_Text_registryModsLastId__C)
                  0001143a    00000002     sbl_per4ft.oer4ft (.const:xdc_runtime_Text_unnamedModsLastId__C)

tcmalibs   0    00011440    000000e8     
                  00011440    00000034     main.oer4f (.text:_system_pre_init)
                  00011474    00000014     main.oer4f (.text:copyCode)
                  00011488    0000000a     main.oer4f (.text:main)
                  00011492    00000002     --HOLE-- [fill = 0]
                  00011494    00000008     sbl.oer4f (.tramp.SBL_init.1)
                  0001149c    00000074     boot.aer4ft : boot.oer4ft (.text)
                  00011510    00000008     sysbios.aer4ft : BIOS.obj (.tramp.xdc_runtime_System_exit__E.1)
                  00011518    00000008     rtsv7R4_T_le_v3D16_eabi.lib : args_main.obj (.tramp._args_main.1)
                  00011520    00000008     auto_init.aer4ft : auto_init.oer4ft (.tramp.__TI_auto_init.1)

.cinit     0    00011528    00000358     
                  00011528    00000313     (.cinit..data.load) [load image, compression = lzss]
                  0001183b    00000001     --HOLE-- [fill = 0]
                  0001183c    0000000c     (__TI_handler_table)
                  00011848    00000008     (.cinit..bss.load) [load image, compression = zero_init]
                  00011850    00000008     (.cinit..myFiqStack.load) [load image, compression = zero_init]
                  00011858    00000008     (.cinit.systemHeap.load) [load image, compression = zero_init]
                  00011860    00000020     (__TI_cinit_table)

systemHeap 
*          0    0800edf8    00008000     UNINITIALIZED
                  0800edf8    00008000     sbl_per4ft.oer4ft (systemHeap)

.bss       0    08016e00    00004d14     UNINITIALIZED
                  08016e00    00001998     (.common:gSblMCB)
                  08018798    00000008     (.common:gDMADriverPtr)
                  080187a0    00000008     (.common:parmbuf)
                  080187a8    00000018     --HOLE--
                  080187c0    00001000     (.common:dataBuff)
                  080197c0    00001000     (.common:ti_sysbios_family_arm_exc_Exception_Module_State_0_excStack_0__A)
                  0801a7c0    00000800     sbl_per4ft.oer4ft (.bss:taskStackSection)
                  0801afc0    00000800     (.common:imageChunk)
                  0801b7c0    00000194     (.common:gGPIOMCB)
                  0801b954    00000120     rtsv7R4_T_le_v3D16_eabi.lib : trgmsg.obj (.bss:_CIOBUF_)
                  0801ba74    000000a0     (.common:__TI_tmpnams)

.data      0    0801e080    00001c4c     UNINITIALIZED
                  0801e080    000011c0     transport.oer4f (.data:$O1$$)
                  0801f240    00000200     sbl_per4ft.oer4ft (.data:ti_sysbios_family_arm_v7r_vim_Hwi_Module_State_0_dispatchTable__A)
                  0801f440    000000f0     rtsv7R4_T_le_v3D16_eabi.lib : defs.obj (.data:_ftable)
                  0801f530    00000010     libdma_xwr68xx.aer4f : dma.oer4f (.data:DMA_defaultParams)
                  0801f540    000000c0     metaheader_parser.oer4f (.data:metaHeaderLcl)
                  0801f600    00000080     sbl_per4ft.oer4ft (.data:ti_sysbios_knl_Swi_Module_State_0_readyQ__A)
                  0801f680    00000080     sbl_per4ft.oer4ft (.data:ti_sysbios_knl_Task_Module_State_0_readyQ__A)
                  0801f700    00000078     rtsv7R4_T_le_v3D16_eabi.lib : write.obj (.data:_device)
                  0801f778    00000060     libdma_xwr68xx.aer4f : dma_xwr68xx.oer4f (.data:gDMAHwCfg)
                  0801f7d8    0000005c     sbl_per4ft.oer4ft (.data:ti_sysbios_knl_Task_Object__table__V)
                  0801f834    00000058     libuart_xwr68xx.aer4f : uart_xwr68xx.oer4f (.data:gUartSciHwCfg)
                  0801f88c    00000050     rtsv7R4_T_le_v3D16_eabi.lib : write.obj (.data:_stream)
                  0801f8dc    00000048     sbl_per4ft.oer4ft (.data:ti_sysbios_knl_Task_Module__state__V)
                  0801f924    00000040     sbl_per4ft.oer4ft (.data:ti_sysbios_gates_GateMutex_Object__table__V)
                  0801f964    0000003c     sbl_per4ft.oer4ft (.data:ti_sysbios_timers_rti_Timer_Object__table__V)
                  0801f9a0    00000034     sbl_per4ft.oer4ft (.data:ti_sysbios_family_arm_v7r_vim_Hwi_Module__state__V)
                  0801f9d4    00000030     sbl_per4ft.oer4ft (.data:ti_sysbios_knl_Swi_Object__table__V)
                  0801fa04    0000002c     sbl_per4ft.oer4ft (.data:ti_sysbios_family_arm_v7r_vim_Hwi_Object__table__V)
                  0801fa30    0000002c     sbl_per4ft.oer4ft (.data:ti_sysbios_knl_Clock_Module__state__V)
[...]
0801dc94  ti_sysbios_gates_GateMutex_Module__FXNS__C                           
0801dcb8  ti_sysbios_heaps_HeapMem_Object__PARAMS__C                           
0801dcdc  ti_sysbios_knl_Semaphore_Object__PARAMS__C                           
0801dd00  ti_sysbios_family_arm_v7r_vim_Hwi_Object__DESC__C                    
0801dd20  ti_sysbios_gates_GateHwi_Object__DESC__C                             
0801dd40  ti_sysbios_gates_GateMutex_Object__DESC__C                           
0801dd60  ti_sysbios_heaps_HeapMem_Object__DESC__C                             
0801dd80  ti_sysbios_knl_Queue_Object__DESC__C                                 
0801dda0  ti_sysbios_knl_Semaphore_Object__DESC__C                             
0801ddc0  ti_sysbios_knl_Task_Object__DESC__C                                  
0801dde0  ti_sysbios_gates_GateHwi_Object__PARAMS__C                           
0801ddf8  ti_sysbios_gates_GateMutex_Object__PARAMS__C                         
0801de10  ti_sysbios_knl_Queue_Object__PARAMS__C                               
0801de28  xdc_runtime_Startup_sfxnRts__A                                       
0801de3c  QSPI_defaultParams                                                   
0801de4c  ti_sysbios_family_arm_v7r_vim_Hwi_intReqEnaSet__A                    
0801de5c  ti_sysbios_family_arm_v7r_vim_Hwi_wakeEnaSet__A                      
0801de6c  ti_sysbios_knl_Idle_funcList__C                                      
0801de74  xdc_runtime_Startup_firstFxns__A                                     
0801de7c  xdc_runtime_Startup_firstFxns__C                                     
0801de84  xdc_runtime_Startup_lastFxns__C                                      
0801de8c  ti_sysbios_family_arm_TaskSupport_stackAlignment__C                  
0801de90  ti_sysbios_family_arm_exc_Exception_E_dataAbort__C                   
0801de94  ti_sysbios_family_arm_exc_Exception_E_prefetchAbort__C               
0801de98  ti_sysbios_family_arm_exc_Exception_E_swi__C                         
0801de9c  ti_sysbios_family_arm_exc_Exception_E_undefinedInstruction__C        
0801dea0  ti_sysbios_family_arm_exc_Exception_excHookFuncs__A                  
0801dea4  ti_sysbios_family_arm_exc_Exception_excHookFuncs__C                  
0801dea8  ti_sysbios_family_arm_v7r_tms570_Core_E_mismatchedIds__C             
0801deac  ti_sysbios_family_arm_v7r_tms570_Core_id__C                          
0801deb0  ti_sysbios_family_arm_v7r_vim_Hwi_A_badChannelId__C                  
0801deb4  ti_sysbios_family_arm_v7r_vim_Hwi_E_alreadyDefined__C                
0801deb8  ti_sysbios_family_arm_v7r_vim_Hwi_E_badIntNum__C                     
0801debc  ti_sysbios_family_arm_v7r_vim_Hwi_E_phantomInterrupt__C              
0801dec0  ti_sysbios_family_arm_v7r_vim_Hwi_E_undefined__C                     
0801dec4  ti_sysbios_family_arm_v7r_vim_Hwi_E_unsupportedMaskingOption__C      
0801dec8  ti_sysbios_family_arm_v7r_vim_Hwi_Module__diagsEnabled__C            
0801decc  ti_sysbios_family_arm_v7r_vim_Hwi_Module__diagsIncluded__C           
0801ded0  ti_sysbios_family_arm_v7r_vim_Hwi_Module__diagsMask__C               
0801ded4  ti_sysbios_family_arm_v7r_vim_Hwi_NUM_INTERRUPTS__C                  
0801ded8  ti_sysbios_family_arm_v7r_vim_Hwi_channelMap__C                      
0801dedc  ti_sysbios_family_arm_v7r_vim_Hwi_intReqEnaSet__C                    
0801dee0  ti_sysbios_family_arm_v7r_vim_Hwi_phantomFunc__C                     
0801dee4  ti_sysbios_family_arm_v7r_vim_Hwi_swiDisable__C                      
0801dee8  ti_sysbios_family_arm_v7r_vim_Hwi_swiRestoreHwi__C                   
0801deec  ti_sysbios_family_arm_v7r_vim_Hwi_taskDisable__C                     
0801def0  ti_sysbios_family_arm_v7r_vim_Hwi_taskRestoreHwi__C                  
0801def4  ti_sysbios_family_arm_v7r_vim_Hwi_wakeEnaSet__C                      
0801def8  ti_sysbios_gates_GateMutex_A_badContext__C                           
0801defc  ti_sysbios_gates_GateMutex_Instance_State_sem__O                     
0801df00  ti_sysbios_gates_GateMutex_Module__diagsEnabled__C                   
0801df04  ti_sysbios_gates_GateMutex_Module__diagsIncluded__C                  
0801df08  ti_sysbios_gates_GateMutex_Module__diagsMask__C                      
0801df0c  ti_sysbios_hal_Hwi_E_stackOverflow__C                                
0801df10  ti_sysbios_heaps_HeapBuf_Instance_State_freeList__O                  
0801df14  ti_sysbios_heaps_HeapBuf_Object__count__C                            
0801df18  ti_sysbios_heaps_HeapBuf_numConstructedHeaps__C                      
0801df1c  ti_sysbios_heaps_HeapMem_A_align__C                                  
0801df20  ti_sysbios_heaps_HeapMem_A_heapSize__C                               
0801df24  ti_sysbios_heaps_HeapMem_A_invalidFree__C                            
0801df28  ti_sysbios_heaps_HeapMem_A_zeroBlock__C                              
0801df2c  ti_sysbios_heaps_HeapMem_E_memory__C                                 
0801df30  ti_sysbios_heaps_HeapMem_Module__diagsEnabled__C                     
0801df34  ti_sysbios_heaps_HeapMem_Module__diagsIncluded__C                    
0801df38  ti_sysbios_heaps_HeapMem_Module__diagsMask__C                        
0801df3c  ti_sysbios_heaps_HeapMem_Module__gateObj__C                          
0801df40  ti_sysbios_heaps_HeapMem_Object__count__C                            
0801df44  ti_sysbios_heaps_HeapMem_reqAlign__C                                 
0801df48  ti_sysbios_knl_Clock_Module_State_clockQ__O                          
0801df4c  ti_sysbios_knl_Idle_funcList__A                                      
0801df50  ti_sysbios_knl_Semaphore_A_badContext__C                             
0801df54  ti_sysbios_knl_Semaphore_A_noEvents__C                               
0801df58  ti_sysbios_knl_Semaphore_A_overflow__C                               
0801df5c  ti_sysbios_knl_Semaphore_A_pendTaskDisabled__C                       
0801df60  ti_sysbios_knl_Semaphore_Instance_State_pendQ__O                     
0801df64  ti_sysbios_knl_Semaphore_Module__diagsEnabled__C                     
0801df68  ti_sysbios_knl_Semaphore_Module__diagsIncluded__C                    
0801df6c  ti_sysbios_knl_Semaphore_Module__diagsMask__C                        
0801df70  ti_sysbios_knl_Swi_Object__count__C                                  
0801df74  ti_sysbios_knl_Task_A_badPriority__C                                 
0801df78  ti_sysbios_knl_Task_A_badTaskState__C                                
0801df7c  ti_sysbios_knl_Task_A_badThreadType__C                               
0801df80  ti_sysbios_knl_Task_A_noPendElem__C                                  
0801df84  ti_sysbios_knl_Task_E_spOutOfBounds__C                               
0801df88  ti_sysbios_knl_Task_E_stackOverflow__C                               
0801df8c  ti_sysbios_knl_Task_Module_State_inactiveQ__O                        
0801df90  ti_sysbios_knl_Task_Module__diagsEnabled__C                          
0801df94  ti_sysbios_knl_Task_Module__diagsIncluded__C                         
0801df98  ti_sysbios_knl_Task_Module__diagsMask__C                             
0801df9c  ti_sysbios_knl_Task_Object__count__C                                 
0801dfa0  ti_sysbios_knl_Task_allBlockedFunc__C                                
0801dfa4  ti_sysbios_knl_Task_defaultStackHeap__C                              
0801dfa8  ti_sysbios_knl_Task_defaultStackSize__C                              
0801dfac  ti_sysbios_knl_Task_numConstructedTasks__C                           
0801dfb0  ti_sysbios_timers_rti_Timer_E_cannotSupport__C                       
0801dfb4  ti_sysbios_timers_rti_Timer_Module__diagsEnabled__C                  
0801dfb8  ti_sysbios_timers_rti_Timer_Module__diagsIncluded__C                 
0801dfbc  ti_sysbios_timers_rti_Timer_Module__diagsMask__C                     
0801dfc0  ti_sysbios_timers_rti_Timer_numTimerDevices__C                       
0801dfc4  ti_sysbios_timers_rti_Timer_startupNeeded__C                         
0801dfc8  xdc_runtime_Assert_E_assertFailed__C                                 
0801dfcc  xdc_runtime_Core_A_initializedParams__C                              
0801dfd0  xdc_runtime_Core_Module__diagsEnabled__C                             
0801dfd4  xdc_runtime_Core_Module__diagsIncluded__C                            
0801dfd8  xdc_runtime_Core_Module__diagsMask__C                                
0801dfdc  xdc_runtime_Error_E_memory__C                                        
0801dfe0  xdc_runtime_Error_policyFxn__C                                       
0801dfe4  xdc_runtime_Error_policy__C                                          
0801dfe8  xdc_runtime_Error_raiseHook__C                                       
0801dfec  xdc_runtime_IGateProvider_Interface__BASE__C                         
0801dff0  xdc_runtime_IHeap_Interface__BASE__C                                 
0801dff4  xdc_runtime_IModule_Interface__BASE__C                               
0801dff8  xdc_runtime_Memory_defaultHeapInstance__C                            
0801dffc  xdc_runtime_Startup_execImpl__C                                      
0801e000  xdc_runtime_Startup_maxPasses__C                                     
0801e004  xdc_runtime_Startup_sfxnRts__C                                       
0801e008  xdc_runtime_Startup_sfxnTab__C                                       
0801e00c  xdc_runtime_System_Module__gateObj__C                                
0801e010  xdc_runtime_System_abortFxn__C                                       
0801e014  xdc_runtime_System_exitFxn__C                                        
0801e018  xdc_runtime_System_extendFxn__C                                      
0801e01c  xdc_runtime_System_maxAtexitHandlers__C                              
0801e020  xdc_runtime_Text_charTab__C                                          
0801e024  xdc_runtime_Text_nameEmpty__C                                        
0801e028  xdc_runtime_Text_nameStatic__C                                       
0801e02c  xdc_runtime_Text_nameUnknown__C                                      
0801e030  xdc_runtime_Text_nodeTab__C                                          
0801e034  xdc_runtime_Text_visitRopeFxn__C                                     
0801e038  ti_sysbios_family_arm_exc_Exception_Module__id__C                    
0801e03a  ti_sysbios_family_arm_v7r_tms570_Core_Module__id__C                  
0801e03c  ti_sysbios_family_arm_v7r_vim_Hwi_Module__id__C                      
0801e03e  ti_sysbios_gates_GateMutex_Module__id__C                             
0801e040  ti_sysbios_hal_Hwi_Module__id__C                                     
0801e042  ti_sysbios_heaps_HeapMem_Module__id__C                               
0801e044  ti_sysbios_knl_Semaphore_Module__id__C                               
0801e046  ti_sysbios_knl_Task_Module__id__C                                    
0801e048  ti_sysbios_timers_rti_Timer_Module__id__C                            
0801e04a  ti_sysbios_timers_rti_Timer_continueOnSuspend__C                     
0801e04c  xdc_runtime_Core_Module__id__C                                       
0801e04e  xdc_runtime_Error_maxDepth__C                                        
0801e050  xdc_runtime_Main_Module__id__C                                       
0801e052  xdc_runtime_Memory_Module__id__C                                     
0801e054  xdc_runtime_Text_charCnt__C                                          
0801e056  xdc_runtime_Text_isLoaded__C                                         
0801e058  xdc_runtime_Text_registryModsLastId__C                               
0801e05a  xdc_runtime_Text_unnamedModsLastId__C                                
0801e080  select_mode                                                          
0801e081  CAN_READ_Mode                                                        
0801e084  canHandle                                                            
0801e088  txMsgObjHandle                                                       
0801e08c  rxMsgObj2Handle                                                      
0801e090  rxMsgObj3Handle                                                      
0801e094  frameType                                                            
0801e098  rxDataLength                                                         
0801e09c  txMsgObjectParams                                                    
0801e0a8  rxMsgObject2Params                                                   
0801e0b4  rxMsgObject3Params                                                   
0801e0c0  mcanBitTimingParams                                                  
0801e0e8  can_txData                                                           
0801e128  rxData                                                               
0801e168  mcanCfgParams                                                        
0801e240  candataBuff                                                          
0801f240  ti_sysbios_family_arm_v7r_vim_Hwi_Module_State_0_dispatchTable__A    
0801f440  _ftable                                                              
0801f530  DMA_defaultParams                                                    
0801f540  metaHeaderLcl                                                        
0801f600  ti_sysbios_knl_Swi_Module_State_0_readyQ__A                          
0801f680  ti_sysbios_knl_Task_Module_State_0_readyQ__A                         
0801f700  _device                                                              
0801f778  gDMAHwCfg                                                            
0801f7d8  ti_sysbios_knl_Task_Object__table__V                                 
0801f834  gUartSciHwCfg                                                        
0801f88c  _stream                                                              
0801f8dc  ti_sysbios_knl_Task_Module__state__V                                 
0801f924  ti_sysbios_gates_GateMutex_Object__table__V                          
0801f964  ti_sysbios_timers_rti_Timer_Object__table__V                         
0801f9a0  ti_sysbios_family_arm_v7r_vim_Hwi_Module__state__V                   
0801f9d4  ti_sysbios_knl_Swi_Object__table__V                                  
0801fa04  ti_sysbios_family_arm_v7r_vim_Hwi_Object__table__V                   
0801fa30  ti_sysbios_knl_Clock_Module__state__V                                
0801fa5c  gUartSciFxnTable                                                     
0801fa84  UART_config                                                          
0801faa8  ti_sysbios_BIOS_Module__state__V                                     
0801facc  gCanFdHwCfg                                                          
0801faec  gQSPIFlashHwCfg                                                      
0801faf0  gSOCHwAttrib                                                         
0801fb10  xdc_runtime_Error_IgnoreBlock                                        
0801fb30  xdc_runtime_System_Module_State_0_atexitHandlers__A                  
0801fb50  ti_sysbios_knl_Swi_Module__state__V                                  
0801fb6c  ti_sysbios_heaps_HeapMem_Object__table__V                            
0801fb84  ti_sysbios_timers_rti_Timer_Module_State_0_device__A                 
0801fb9c  ti_sysbios_family_arm_exc_Exception_Module__state__V                 
0801fbb0  gQSPIHwCfg                                                           
0801fbc0  __TI_ft_end                                                          
0801fbc4  __aeabi_stdin                                                        
0801fbc8  __aeabi_stdout                                                       
0801fbcc  __aeabi_stderr                                                       
0801fbd0  ti_sysbios_timers_rti_Timer_Module_State_0_intFreqs__A               
0801fbe0  ti_sysbios_timers_rti_Timer_Module__state__V                         
0801fbf0  gLastMsgFlag                                                         
0801fbf4  gRxPkts                                                              
0801fbf8  gErrStatusInt                                                        
0801fbfc  gPktsWrt                                                             
0801fc00  __TI_cleanup_ptr                                                     
0801fc04  __TI_dtors_ptr                                                       
0801fc08  __TI_enable_exit_profile_output                                      
0801fc0c  _lock                                                                
0801fc10  _unlock                                                              
0801fc14  QSPIFlash_deviceFxnTbl_macronix                                      
0801fc1c  QSPIFlash_deviceFxnTbl_spansion                                      
0801fc24  gGPIOHwAtrrib                                                        
0801fc2c  ti_sysbios_family_arm_v7r_vim_Hwi_Module__root__V                    
0801fc34  ti_sysbios_gates_GateHwi_Module__root__V                             
0801fc3c  ti_sysbios_gates_GateMutex_Module__root__V                           
0801fc44  ti_sysbios_hal_Hwi_Object__table__V                                  
0801fc4c  ti_sysbios_heaps_HeapMem_Module__root__V                             
0801fc54  ti_sysbios_knl_Queue_Module__root__V                                 
0801fc5c  ti_sysbios_knl_Semaphore_Module__root__V                             
0801fc64  ti_sysbios_knl_Task_Module__root__V                                  
0801fc6c  ti_sysbios_timers_rti_Timer_Module_State_0_handles__A                
0801fc74  xdc_runtime_Registry_Module__state__V                                
0801fc7c  xdc_runtime_Startup_Module__state__V                                 
0801fc84  xdc_runtime_System_Module__state__V                                  
0801fc8c  gCRCRegister                                                         
0801fc90  gPinmuxRegs                                                          
0801fc94  gQSPIDriverPtr                                                       
0801fc9c  errno                                                                
0801fca8  main_func_sp                                                         
0801fcac  ti_sysbios_family_arm_exc_Exception_Module_State_0_excContext__A     
0801fcb0  ti_sysbios_family_arm_exc_Exception_Module_State_0_excStackBuffers__A
0801fcb4  ti_sysbios_family_arm_exc_Exception_Module_State_0_excStack__A       
0801fcb8  ti_sysbios_gates_GateHwi_Object__table__V                            
0801fcbc  ti_sysbios_heaps_HeapBuf_Module__state__V                            
0801fcc0  ti_sysbios_knl_Task_Module_State_0_idleTask__A                       
0801fcc4  xdc_runtime_Memory_Module__state__V                                  
0801fcc8  ti_sysbios_family_arm_exc_Exception_Module_State_0_excActive__A      
0801fcca  xdc_runtime_Error_Module__state__V                                   
0801fce0  __stack                                                              
08020ce0  __STACK_END                                                          
08020ce0  ti_sysbios_family_arm_v7r_vim_Hwi_Module_State_0_fiqStack__A         
fffffdec  ti_sysbios_family_arm_v7r_vim_Hwi_vim                                
ffffffff  __TI_pprof_out_hndl                                                  
ffffffff  __TI_prof_data_size                                                  
ffffffff  __TI_prof_data_start                                                 
ffffffff  __binit__                                                            
ffffffff  __c_args__                                                           
ffffffff  binit                                                                
UNDEFED   SHT$$INIT_ARRAY$$Base                                                
UNDEFED   SHT$$INIT_ARRAY$$Limit                                               

[775 symbols]
